Archive member included to satisfy reference by file (symbol)

c:/progra~1/raspbe~1/picosd~1.1/gcc-ar~1/bin/../lib/gcc/arm-none-eabi/10.3.1/thumb/v6-m/nofp\libgcc.a(_dvmd_tls.o)
                              CMakeFiles/HID.dir/C_/Program_Files/Raspberry_Pi/Pico_SDK_v1.5.1/pico-sdk/src/rp2_common/pico_divider/divider.S.obj (__aeabi_idiv0)
c:/progra~1/raspbe~1/picosd~1.1/gcc-ar~1/bin/../lib/gcc/arm-none-eabi/10.3.1/../../../../arm-none-eabi/lib/thumb/v6-m/nofp\libg.a(lib_a-calloc.o)
                              CMakeFiles/HID.dir/C_/Program_Files/Raspberry_Pi/Pico_SDK_v1.5.1/pico-sdk/src/rp2_common/pico_malloc/pico_malloc.c.obj (calloc)
c:/progra~1/raspbe~1/picosd~1.1/gcc-ar~1/bin/../lib/gcc/arm-none-eabi/10.3.1/../../../../arm-none-eabi/lib/thumb/v6-m/nofp\libg.a(lib_a-callocr.o)
                              c:/progra~1/raspbe~1/picosd~1.1/gcc-ar~1/bin/../lib/gcc/arm-none-eabi/10.3.1/../../../../arm-none-eabi/lib/thumb/v6-m/nofp\libg.a(lib_a-calloc.o) (_calloc_r)
c:/progra~1/raspbe~1/picosd~1.1/gcc-ar~1/bin/../lib/gcc/arm-none-eabi/10.3.1/../../../../arm-none-eabi/lib/thumb/v6-m/nofp\libg.a(lib_a-errno.o)
                              c:/progra~1/raspbe~1/picosd~1.1/gcc-ar~1/bin/../lib/gcc/arm-none-eabi/10.3.1/../../../../arm-none-eabi/lib/thumb/v6-m/nofp\libg.a(lib_a-callocr.o) (__errno)
c:/progra~1/raspbe~1/picosd~1.1/gcc-ar~1/bin/../lib/gcc/arm-none-eabi/10.3.1/../../../../arm-none-eabi/lib/thumb/v6-m/nofp\libg.a(lib_a-impure.o)
                              c:/progra~1/raspbe~1/picosd~1.1/gcc-ar~1/bin/../lib/gcc/arm-none-eabi/10.3.1/../../../../arm-none-eabi/lib/thumb/v6-m/nofp\libg.a(lib_a-calloc.o) (_impure_ptr)
c:/progra~1/raspbe~1/picosd~1.1/gcc-ar~1/bin/../lib/gcc/arm-none-eabi/10.3.1/../../../../arm-none-eabi/lib/thumb/v6-m/nofp\libg.a(lib_a-init.o)
                              c:/progra~1/raspbe~1/picosd~1.1/gcc-ar~1/bin/../lib/gcc/arm-none-eabi/10.3.1/../../../../arm-none-eabi/lib/thumb/v6-m/nofp/crt0.o (__libc_init_array)
c:/progra~1/raspbe~1/picosd~1.1/gcc-ar~1/bin/../lib/gcc/arm-none-eabi/10.3.1/../../../../arm-none-eabi/lib/thumb/v6-m/nofp\libg.a(lib_a-itoa.o)
                              CMakeFiles/HID.dir/main.c.obj (itoa)
c:/progra~1/raspbe~1/picosd~1.1/gcc-ar~1/bin/../lib/gcc/arm-none-eabi/10.3.1/../../../../arm-none-eabi/lib/thumb/v6-m/nofp\libg.a(lib_a-malloc.o)
                              CMakeFiles/HID.dir/C_/Program_Files/Raspberry_Pi/Pico_SDK_v1.5.1/pico-sdk/src/rp2_common/pico_malloc/pico_malloc.c.obj (malloc)
c:/progra~1/raspbe~1/picosd~1.1/gcc-ar~1/bin/../lib/gcc/arm-none-eabi/10.3.1/../../../../arm-none-eabi/lib/thumb/v6-m/nofp\libg.a(lib_a-mallocr.o)
                              c:/progra~1/raspbe~1/picosd~1.1/gcc-ar~1/bin/../lib/gcc/arm-none-eabi/10.3.1/../../../../arm-none-eabi/lib/thumb/v6-m/nofp\libg.a(lib_a-callocr.o) (_malloc_r)
c:/progra~1/raspbe~1/picosd~1.1/gcc-ar~1/bin/../lib/gcc/arm-none-eabi/10.3.1/../../../../arm-none-eabi/lib/thumb/v6-m/nofp\libg.a(lib_a-mlock.o)
                              c:/progra~1/raspbe~1/picosd~1.1/gcc-ar~1/bin/../lib/gcc/arm-none-eabi/10.3.1/../../../../arm-none-eabi/lib/thumb/v6-m/nofp\libg.a(lib_a-mallocr.o) (__malloc_lock)
c:/progra~1/raspbe~1/picosd~1.1/gcc-ar~1/bin/../lib/gcc/arm-none-eabi/10.3.1/../../../../arm-none-eabi/lib/thumb/v6-m/nofp\libg.a(lib_a-realloc.o)
                              CMakeFiles/HID.dir/C_/Program_Files/Raspberry_Pi/Pico_SDK_v1.5.1/pico-sdk/src/rp2_common/pico_malloc/pico_malloc.c.obj (realloc)
c:/progra~1/raspbe~1/picosd~1.1/gcc-ar~1/bin/../lib/gcc/arm-none-eabi/10.3.1/../../../../arm-none-eabi/lib/thumb/v6-m/nofp\libg.a(lib_a-reallocr.o)
                              c:/progra~1/raspbe~1/picosd~1.1/gcc-ar~1/bin/../lib/gcc/arm-none-eabi/10.3.1/../../../../arm-none-eabi/lib/thumb/v6-m/nofp\libg.a(lib_a-realloc.o) (_realloc_r)
c:/progra~1/raspbe~1/picosd~1.1/gcc-ar~1/bin/../lib/gcc/arm-none-eabi/10.3.1/../../../../arm-none-eabi/lib/thumb/v6-m/nofp\libg.a(lib_a-sbrkr.o)
                              c:/progra~1/raspbe~1/picosd~1.1/gcc-ar~1/bin/../lib/gcc/arm-none-eabi/10.3.1/../../../../arm-none-eabi/lib/thumb/v6-m/nofp\libg.a(lib_a-mallocr.o) (_sbrk_r)
c:/progra~1/raspbe~1/picosd~1.1/gcc-ar~1/bin/../lib/gcc/arm-none-eabi/10.3.1/../../../../arm-none-eabi/lib/thumb/v6-m/nofp\libg.a(lib_a-strcat.o)
                              CMakeFiles/HID.dir/main.c.obj (strcat)
c:/progra~1/raspbe~1/picosd~1.1/gcc-ar~1/bin/../lib/gcc/arm-none-eabi/10.3.1/../../../../arm-none-eabi/lib/thumb/v6-m/nofp\libg.a(lib_a-strcpy.o)
                              c:/progra~1/raspbe~1/picosd~1.1/gcc-ar~1/bin/../lib/gcc/arm-none-eabi/10.3.1/../../../../arm-none-eabi/lib/thumb/v6-m/nofp\libg.a(lib_a-strcat.o) (strcpy)
c:/progra~1/raspbe~1/picosd~1.1/gcc-ar~1/bin/../lib/gcc/arm-none-eabi/10.3.1/../../../../arm-none-eabi/lib/thumb/v6-m/nofp\libg.a(lib_a-strlen-stub.o)
                              CMakeFiles/HID.dir/main.c.obj (strlen)
[...]
Memory Configuration

Name             Origin             Length             Attributes
FLASH            0x10000000         0x00200000         xr
RAM              0x20000000         0x00040000         xrw
SCRATCH_X        0x20040000         0x00001000         xrw
SCRATCH_Y        0x20041000         0x00001000         xrw
*default*        0x00000000         0xffffffff

Linker script and memory map

LOAD c:/progra~1/raspbe~1/picosd~1.1/gcc-ar~1/bin/../lib/gcc/arm-none-eabi/10.3.1/thumb/v6-m/nofp/crti.o
LOAD c:/progra~1/raspbe~1/picosd~1.1/gcc-ar~1/bin/../lib/gcc/arm-none-eabi/10.3.1/thumb/v6-m/nofp/crtbegin.o
LOAD c:/progra~1/raspbe~1/picosd~1.1/gcc-ar~1/bin/../lib/gcc/arm-none-eabi/10.3.1/../../../../arm-none-eabi/lib/thumb/v6-m/nofp/crt0.o

.flash_begin    0x10000000        0x0
                0x10000000                __flash_binary_start = .

.boot2          0x10000000      0x100
                0x10000000                __boot2_start__ = .
 *(.boot2)
 .boot2         0x10000000      0x100 C:\Users\argen\AppData\Local\Temp\ccSzQGT6.o
                0x10000100                __boot2_end__ = .
                0x00000001                ASSERT (((__boot2_end__ - __boot2_start__) == 0x100), ERROR: Pico second stage bootloader must be 256 bytes in size)

.text           0x10000100     0x8398
                0x10000100                __logical_binary_start = .
 *(.vectors)
 .vectors       0x10000100       0xd4 CMakeFiles/HID.dir/C_/Program_Files/Raspberry_Pi/Pico_SDK_v1.5.1/pico-sdk/src/rp2_common/pico_standard_link/crt0.S.obj
                0x10000100                __vectors
                0x10000100                __VECTOR_TABLE
                0x100001c0                __default_isrs_start
                0x100001c0                isr_invalid
                0x100001c2                NMI_Handler
                0x100001c4                HardFault_Handler
                0x100001c6                SVC_Handler
                0x100001c8                PendSV_Handler
                0x100001cc                IO_IRQ_BANK0_Handler
                0x100001cc                PIO0_IRQ_0_Handler
                0x100001cc                USBCTRL_IRQ_Handler
                0x100001cc                SPI1_IRQ_Handler
                0x100001cc                isr_irq27
                0x100001cc                isr_irq31
                0x100001cc                PIO1_IRQ_1_Handler
                0x100001cc                DMA_IRQ_1_Handler
                0x100001cc                I2C1_IRQ_Handler
                0x100001cc                SPI0_IRQ_Handler
                0x100001cc                isr_irq28
                0x100001cc                UART0_IRQ_Handler
                0x100001cc                __default_isrs_end
                0x100001cc                PIO0_IRQ_1_Handler
                0x100001cc                I2C0_IRQ_Handler
                0x100001cc                SIO_IRQ_PROC1_Handler
                0x100001cc                TIMER_IRQ_0_Handler
                0x100001cc                isr_irq30
                0x100001cc                UART1_IRQ_Handler
                0x100001cc                TIMER_IRQ_3_Handler
                0x100001cc                DMA_IRQ_0_Handler
                0x100001cc                RTC_IRQ_Handler
                0x100001cc                TIMER_IRQ_2_Handler
                0x100001cc                CLOCKS_IRQ_Handler
                0x100001cc                PIO1_IRQ_0_Handler
                0x100001cc                __unhandled_user_irq
                0x100001cc                ADC_IRQ_FIFO_Handler
                0x100001cc                IO_IRQ_QSPI_Handler
                0x100001cc                SIO_IRQ_PROC0_Handler
                0x100001cc                TIMER_IRQ_1_Handler
                0x100001cc                XIP_IRQ_Handler
                0x100001cc                isr_irq29
                0x100001cc                isr_irq26
                0x100001cc                PWM_IRQ_WRAP_Handler
                0x100001d2                unhandled_user_irq_num_in_r0
 *(.binary_info_header)
 .binary_info_header
                0x100001d4       0x14 CMakeFiles/HID.dir/C_/Program_Files/Raspberry_Pi/Pico_SDK_v1.5.1/pico-sdk/src/rp2_common/pico_standard_link/crt0.S.obj
                0x100001e8                __binary_info_header_end = .
 *(.reset)
 .reset         0x100001e8       0xa0 CMakeFiles/HID.dir/C_/Program_Files/Raspberry_Pi/Pico_SDK_v1.5.1/pico-sdk/src/rp2_common/pico_standard_link/crt0.S.obj
                0x100001e8                _entry_point
 .reset         0x10000288       0x30 CMakeFiles/HID.dir/C_/Program_Files/Raspberry_Pi/Pico_SDK_v1.5.1/pico-sdk/src/rp2_common/pico_standard_link/binary_info.c.obj
 *(.init)
 .init          0x100002b8        0x4 c:/progra~1/raspbe~1/picosd~1.1/gcc-ar~1/bin/../lib/gcc/arm-none-eabi/10.3.1/thumb/v6-m/nofp/crti.o
                0x100002b8                _init
 *(EXCLUDE_FILE(*libm.a: *libc.a:*lib_a-mem*.o *libgcc.a:) .text*)
 .text          0x100002bc       0x48 c:/progra~1/raspbe~1/picosd~1.1/gcc-ar~1/bin/../lib/gcc/arm-none-eabi/10.3.1/thumb/v6-m/nofp/crtbegin.o
 .text.pinConfig
                0x10000304       0x68 CMakeFiles/HID.dir/main.c.obj
                0x10000304                pinConfig
 .text.readPin  0x1000036c       0x44 CMakeFiles/HID.dir/main.c.obj
                0x1000036c                readPin
 .text.writePin
                0x100003b0       0x28 CMakeFiles/HID.dir/main.c.obj
                0x100003b0                writePin
 .text.begin_systick
                0x100003d8       0x38 CMakeFiles/HID.dir/main.c.obj
                0x100003d8                begin_systick
 .text.i2c_write_byte
                0x10000410       0x20 CMakeFiles/HID.dir/main.c.obj
                0x10000410                i2c_write_byte
 .text.lcd_toggle_enable
                0x10000430       0x38 CMakeFiles/HID.dir/main.c.obj
                0x10000430                lcd_toggle_enable
 .text.lcd_send_byte
                0x10000468       0x38 CMakeFiles/HID.dir/main.c.obj
                0x10000468                lcd_send_byte
 .text.lcd_clear
                0x100004a0        0xc CMakeFiles/HID.dir/main.c.obj
                0x100004a0                lcd_clear
 .text.lcd_set_cursor
                0x100004ac       0x1a CMakeFiles/HID.dir/main.c.obj
                0x100004ac                lcd_set_cursor
 .text.lcd_string
                0x100004c6       0x16 CMakeFiles/HID.dir/main.c.obj
                0x100004c6                lcd_string
 .text.lcd_init
                0x100004dc       0x40 CMakeFiles/HID.dir/main.c.obj
                0x100004dc                lcd_init
 .text.beginUart
                0x1000051c       0x6c CMakeFiles/HID.dir/main.c.obj
                0x1000051c                beginUart
 .text.update_angle
                0x10000588       0x40 CMakeFiles/HID.dir/main.c.obj
                0x10000588                update_angle
 .text.updateButtons
                0x100005c8       0x30 CMakeFiles/HID.dir/main.c.obj
                0x100005c8                updateButtons
 .text.main     0x100005f8     0x1168 CMakeFiles/HID.dir/main.c.obj
                0x100005f8                main
 .text.Mpu6050_comm
                0x10001760       0x68 CMakeFiles/HID.dir/main.c.obj
                0x10001760                Mpu6050_comm
 .text.SysTick_Handler
                0x100017c8       0xd4 CMakeFiles/HID.dir/main.c.obj
                0x100017c8                SysTick_Handler
 .text.tud_descriptor_device_cb
                0x1000189c        0x8 CMakeFiles/HID.dir/usb_descriptors.c.obj
                0x1000189c                tud_descriptor_device_cb
 .text.tud_hid_descriptor_report_cb
                0x100018a4        0x8 CMakeFiles/HID.dir/usb_descriptors.c.obj
                0x100018a4                tud_hid_descriptor_report_cb
 .text.tud_descriptor_configuration_cb
                0x100018ac        0x8 CMakeFiles/HID.dir/usb_descriptors.c.obj
                0x100018ac                tud_descriptor_configuration_cb
 .text.tud_descriptor_string_cb
                0x100018b4       0xe0 CMakeFiles/HID.dir/usb_descriptors.c.obj
                0x100018b4                tud_descriptor_string_cb
 .text.send_hid_report
                0x10001994       0x6e CMakeFiles/HID.dir/callbacks.c.obj
 *fill*         0x10001a02        0x2 
 .text.tud_mount_cb
                0x10001a04       0x10 CMakeFiles/HID.dir/callbacks.c.obj
                0x10001a04                tud_mount_cb
 .text.tud_umount_cb
                0x10001a14        0xc CMakeFiles/HID.dir/callbacks.c.obj
                0x10001a14                tud_umount_cb
 .text.tud_suspend_cb
                0x10001a20       0x10 CMakeFiles/HID.dir/callbacks.c.obj
                0x10001a20                tud_suspend_cb
 .text.tud_resume_cb
                0x10001a30       0x1c CMakeFiles/HID.dir/callbacks.c.obj
                0x10001a30                tud_resume_cb
 .text.hid_task
                0x10001a4c       0x98 CMakeFiles/HID.dir/callbacks.c.obj
                0x10001a4c                hid_task
 .text.tud_hid_report_complete_cb
                0x10001ae4        0x2 CMakeFiles/HID.dir/callbacks.c.obj
                0x10001ae4                tud_hid_report_complete_cb
 .text.tud_hid_get_report_cb
                0x10001ae6        0x4 CMakeFiles/HID.dir/callbacks.c.obj
                0x10001ae6                tud_hid_get_report_cb
 *fill*         0x10001aea        0x2 
 .text.tud_hid_set_report_cb
                0x10001aec       0x3c CMakeFiles/HID.dir/callbacks.c.obj
                0x10001aec                tud_hid_set_report_cb
 .text.gpio_set_function
                0x10001b28       0x30 CMakeFiles/HID.dir/C_/Program_Files/Raspberry_Pi/Pico_SDK_v1.5.1/pico-sdk/src/rp2_common/hardware_gpio/gpio.c.obj
                0x10001b28                gpio_set_function
 .text.gpio_set_pulls
                0x10001b58       0x34 CMakeFiles/HID.dir/C_/Program_Files/Raspberry_Pi/Pico_SDK_v1.5.1/pico-sdk/src/rp2_common/hardware_gpio/gpio.c.obj
                0x10001b58                gpio_set_pulls
 .text.gpio_init
                0x10001b8c       0x16 CMakeFiles/HID.dir/C_/Program_Files/Raspberry_Pi/Pico_SDK_v1.5.1/pico-sdk/src/rp2_common/hardware_gpio/gpio.c.obj
                0x10001b8c                gpio_init
 *fill*         0x10001ba2        0x2 
 .text.running_on_fpga
                0x10001ba4       0x14 CMakeFiles/HID.dir/C_/Program_Files/Raspberry_Pi/Pico_SDK_v1.5.1/pico-sdk/src/rp2_common/pico_platform/platform.c.obj
                0x10001ba4                running_on_fpga
 .text.hw_claim_lock
                0x10001bb8       0x18 CMakeFiles/HID.dir/C_/Program_Files/Raspberry_Pi/Pico_SDK_v1.5.1/pico-sdk/src/rp2_common/hardware_claim/claim.c.obj
                0x10001bb8                hw_claim_lock
 .text.hw_claim_unlock
                0x10001bd0       0x14 CMakeFiles/HID.dir/C_/Program_Files/Raspberry_Pi/Pico_SDK_v1.5.1/pico-sdk/src/rp2_common/hardware_claim/claim.c.obj
                0x10001bd0                hw_claim_unlock
 .text.hw_claim_or_assert
                0x10001be4       0x32 CMakeFiles/HID.dir/C_/Program_Files/Raspberry_Pi/Pico_SDK_v1.5.1/pico-sdk/src/rp2_common/hardware_claim/claim.c.obj
                0x10001be4                hw_claim_or_assert
 .text.hw_claim_unused_from_range
                0x10001c16       0x50 CMakeFiles/HID.dir/C_/Program_Files/Raspberry_Pi/Pico_SDK_v1.5.1/pico-sdk/src/rp2_common/hardware_claim/claim.c.obj
                0x10001c16                hw_claim_unused_from_range
 *fill*         0x10001c66        0x2 
 .text.spin_locks_reset
                0x10001c68       0x20 CMakeFiles/HID.dir/C_/Program_Files/Raspberry_Pi/Pico_SDK_v1.5.1/pico-sdk/src/rp2_common/hardware_sync/sync.c.obj
                0x10001c68                spin_locks_reset
 .text.next_striped_spin_lock_num
                0x10001c88       0x1c CMakeFiles/HID.dir/C_/Program_Files/Raspberry_Pi/Pico_SDK_v1.5.1/pico-sdk/src/rp2_common/hardware_sync/sync.c.obj
                0x10001c88                next_striped_spin_lock_num
 .text.spin_lock_claim_unused
                0x10001ca4       0x20 CMakeFiles/HID.dir/C_/Program_Files/Raspberry_Pi/Pico_SDK_v1.5.1/pico-sdk/src/rp2_common/hardware_sync/sync.c.obj
                0x10001ca4                spin_lock_claim_unused
 .text.set_raw_irq_handler_and_unlock
                0x10001cc4       0x28 CMakeFiles/HID.dir/C_/Program_Files/Raspberry_Pi/Pico_SDK_v1.5.1/pico-sdk/src/rp2_common/hardware_irq/irq.c.obj
 .text.make_branch
                0x10001cec       0x48 CMakeFiles/HID.dir/C_/Program_Files/Raspberry_Pi/Pico_SDK_v1.5.1/pico-sdk/src/rp2_common/hardware_irq/irq.c.obj
 .text.insert_branch_and_link
                0x10001d34       0x40 CMakeFiles/HID.dir/C_/Program_Files/Raspberry_Pi/Pico_SDK_v1.5.1/pico-sdk/src/rp2_common/hardware_irq/irq.c.obj
 .text.irq_is_enabled
                0x10001d74       0x18 CMakeFiles/HID.dir/C_/Program_Files/Raspberry_Pi/Pico_SDK_v1.5.1/pico-sdk/src/rp2_common/hardware_irq/irq.c.obj
                0x10001d74                irq_is_enabled
 .text.irq_set_mask_enabled
                0x10001d8c       0x20 CMakeFiles/HID.dir/C_/Program_Files/Raspberry_Pi/Pico_SDK_v1.5.1/pico-sdk/src/rp2_common/hardware_irq/irq.c.obj
                0x10001d8c                irq_set_mask_enabled
 .text.irq_set_enabled
                0x10001dac        0xe CMakeFiles/HID.dir/C_/Program_Files/Raspberry_Pi/Pico_SDK_v1.5.1/pico-sdk/src/rp2_common/hardware_irq/irq.c.obj
                0x10001dac                irq_set_enabled
 *fill*         0x10001dba        0x2 
 .text.irq_get_vtable_handler
                0x10001dbc       0x10 CMakeFiles/HID.dir/C_/Program_Files/Raspberry_Pi/Pico_SDK_v1.5.1/pico-sdk/src/rp2_common/hardware_irq/irq.c.obj
                0x10001dbc                irq_get_vtable_handler
 .text.irq_set_exclusive_handler
                0x10001dcc       0x54 CMakeFiles/HID.dir/C_/Program_Files/Raspberry_Pi/Pico_SDK_v1.5.1/pico-sdk/src/rp2_common/hardware_irq/irq.c.obj
                0x10001dcc                irq_set_exclusive_handler
 .text.irq_add_shared_handler
                0x10001e20      0x234 CMakeFiles/HID.dir/C_/Program_Files/Raspberry_Pi/Pico_SDK_v1.5.1/pico-sdk/src/rp2_common/hardware_irq/irq.c.obj
                0x10001e20                irq_add_shared_handler
 .text.irq_remove_handler
                0x10002054      0x1ac CMakeFiles/HID.dir/C_/Program_Files/Raspberry_Pi/Pico_SDK_v1.5.1/pico-sdk/src/rp2_common/hardware_irq/irq.c.obj
                0x10002054                irq_remove_handler
 .text.irq_add_tail_to_free_list
                0x10002200       0xf0 CMakeFiles/HID.dir/C_/Program_Files/Raspberry_Pi/Pico_SDK_v1.5.1/pico-sdk/src/rp2_common/hardware_irq/irq.c.obj
                0x10002200                irq_add_tail_to_free_list
 .text.irq_init_priorities
                0x100022f0       0x1c CMakeFiles/HID.dir/C_/Program_Files/Raspberry_Pi/Pico_SDK_v1.5.1/pico-sdk/src/rp2_common/hardware_irq/irq.c.obj
                0x100022f0                irq_init_priorities
 .text.lock_init
                0x1000230c       0x10 CMakeFiles/HID.dir/C_/Program_Files/Raspberry_Pi/Pico_SDK_v1.5.1/pico-sdk/src/common/pico_sync/lock_core.c.obj
                0x1000230c                lock_init
 .text.mutex_init
                0x1000231c       0x1a CMakeFiles/HID.dir/C_/Program_Files/Raspberry_Pi/Pico_SDK_v1.5.1/pico-sdk/src/common/pico_sync/mutex.c.obj
                0x1000231c                mutex_init
 .text.recursive_mutex_init
                0x10002336       0x1e CMakeFiles/HID.dir/C_/Program_Files/Raspberry_Pi/Pico_SDK_v1.5.1/pico-sdk/src/common/pico_sync/mutex.c.obj
                0x10002336                recursive_mutex_init
 .text.critical_section_init_with_lock_num
                0x10002354       0x14 CMakeFiles/HID.dir/C_/Program_Files/Raspberry_Pi/Pico_SDK_v1.5.1/pico-sdk/src/common/pico_sync/critical_section.c.obj
                0x10002354                critical_section_init_with_lock_num
 .text.critical_section_init
                0x10002368       0x14 CMakeFiles/HID.dir/C_/Program_Files/Raspberry_Pi/Pico_SDK_v1.5.1/pico-sdk/src/common/pico_sync/critical_section.c.obj
                0x10002368                critical_section_init
 .text.alarm_pool_post_alloc_init
                0x1000237c       0x40 CMakeFiles/HID.dir/C_/Program_Files/Raspberry_Pi/Pico_SDK_v1.5.1/pico-sdk/src/common/pico_time/time.c.obj
 .text.sleep_until_callback
                0x100023bc       0x30 CMakeFiles/HID.dir/C_/Program_Files/Raspberry_Pi/Pico_SDK_v1.5.1/pico-sdk/src/common/pico_time/time.c.obj
 .text.timer_pool_entry_comparator
                0x100023ec       0x7c CMakeFiles/HID.dir/C_/Program_Files/Raspberry_Pi/Pico_SDK_v1.5.1/pico-sdk/src/common/pico_time/time.c.obj
                0x100023ec                timer_pool_entry_comparator
 .text.ph_add_child_node
                0x10002468       0xa4 CMakeFiles/HID.dir/C_/Program_Files/Raspberry_Pi/Pico_SDK_v1.5.1/pico-sdk/src/common/pico_time/time.c.obj
 .text.ph_merge_nodes
                0x1000250c       0x3e CMakeFiles/HID.dir/C_/Program_Files/Raspberry_Pi/Pico_SDK_v1.5.1/pico-sdk/src/common/pico_time/time.c.obj
 *fill*         0x1000254a        0x2 
 .text.add_alarm_under_lock
                0x1000254c      0x174 CMakeFiles/HID.dir/C_/Program_Files/Raspberry_Pi/Pico_SDK_v1.5.1/pico-sdk/src/common/pico_time/time.c.obj
 .text.alarm_pool_alarm_callback
                0x100026c0      0x33c CMakeFiles/HID.dir/C_/Program_Files/Raspberry_Pi/Pico_SDK_v1.5.1/pico-sdk/src/common/pico_time/time.c.obj
 .text.alarm_pool_init_default
                0x100029fc       0x40 CMakeFiles/HID.dir/C_/Program_Files/Raspberry_Pi/Pico_SDK_v1.5.1/pico-sdk/src/common/pico_time/time.c.obj
                0x100029fc                alarm_pool_init_default
 .text.alarm_pool_get_default
                0x10002a3c       0x2c CMakeFiles/HID.dir/C_/Program_Files/Raspberry_Pi/Pico_SDK_v1.5.1/pico-sdk/src/common/pico_time/time.c.obj
                0x10002a3c                alarm_pool_get_default
 .text.alarm_pool_add_alarm_at
                0x10002a68      0x168 CMakeFiles/HID.dir/C_/Program_Files/Raspberry_Pi/Pico_SDK_v1.5.1/pico-sdk/src/common/pico_time/time.c.obj
                0x10002a68                alarm_pool_add_alarm_at
 .text.alarm_pool_cancel_alarm
                0x10002bd0       0xf8 CMakeFiles/HID.dir/C_/Program_Files/Raspberry_Pi/Pico_SDK_v1.5.1/pico-sdk/src/common/pico_time/time.c.obj
                0x10002bd0                alarm_pool_cancel_alarm
 .text.sleep_until
                0x10002cc8       0xfc CMakeFiles/HID.dir/C_/Program_Files/Raspberry_Pi/Pico_SDK_v1.5.1/pico-sdk/src/common/pico_time/time.c.obj
                0x10002cc8                sleep_until
 .text.sleep_us
                0x10002dc4       0x58 CMakeFiles/HID.dir/C_/Program_Files/Raspberry_Pi/Pico_SDK_v1.5.1/pico-sdk/src/common/pico_time/time.c.obj
                0x10002dc4                sleep_us
 .text.best_effort_wfe_or_timeout
                0x10002e1c       0xac CMakeFiles/HID.dir/C_/Program_Files/Raspberry_Pi/Pico_SDK_v1.5.1/pico-sdk/src/common/pico_time/time.c.obj
                0x10002e1c                best_effort_wfe_or_timeout
 .text.hardware_alarm_irq_handler
                0x10002ec8       0x90 CMakeFiles/HID.dir/C_/Program_Files/Raspberry_Pi/Pico_SDK_v1.5.1/pico-sdk/src/rp2_common/hardware_timer/timer.c.obj
 .text.hardware_alarm_claim
                0x10002f58       0x18 CMakeFiles/HID.dir/C_/Program_Files/Raspberry_Pi/Pico_SDK_v1.5.1/pico-sdk/src/rp2_common/hardware_timer/timer.c.obj
                0x10002f58                hardware_alarm_claim
 .text.time_us_64
                0x10002f70       0x18 CMakeFiles/HID.dir/C_/Program_Files/Raspberry_Pi/Pico_SDK_v1.5.1/pico-sdk/src/rp2_common/hardware_timer/timer.c.obj
                0x10002f70                time_us_64
 .text.busy_wait_until
                0x10002f88       0x28 CMakeFiles/HID.dir/C_/Program_Files/Raspberry_Pi/Pico_SDK_v1.5.1/pico-sdk/src/rp2_common/hardware_timer/timer.c.obj
                0x10002f88                busy_wait_until
 .text.busy_wait_us
                0x10002fb0       0x48 CMakeFiles/HID.dir/C_/Program_Files/Raspberry_Pi/Pico_SDK_v1.5.1/pico-sdk/src/rp2_common/hardware_timer/timer.c.obj
                0x10002fb0                busy_wait_us
 .text.hardware_alarm_set_callback
                0x10002ff8       0x90 CMakeFiles/HID.dir/C_/Program_Files/Raspberry_Pi/Pico_SDK_v1.5.1/pico-sdk/src/rp2_common/hardware_timer/timer.c.obj
                0x10002ff8                hardware_alarm_set_callback
 .text.hardware_alarm_set_target
                0x10003088       0xe8 CMakeFiles/HID.dir/C_/Program_Files/Raspberry_Pi/Pico_SDK_v1.5.1/pico-sdk/src/rp2_common/hardware_timer/timer.c.obj
                0x10003088                hardware_alarm_set_target
 .text.hardware_alarm_cancel
                0x10003170       0x40 CMakeFiles/HID.dir/C_/Program_Files/Raspberry_Pi/Pico_SDK_v1.5.1/pico-sdk/src/rp2_common/hardware_timer/timer.c.obj
                0x10003170                hardware_alarm_cancel
 .text.ph_add_child_node
                0x100031b0       0xa4 CMakeFiles/HID.dir/C_/Program_Files/Raspberry_Pi/Pico_SDK_v1.5.1/pico-sdk/src/common/pico_util/pheap.c.obj
 .text.ph_merge_nodes
                0x10003254       0x3e CMakeFiles/HID.dir/C_/Program_Files/Raspberry_Pi/Pico_SDK_v1.5.1/pico-sdk/src/common/pico_util/pheap.c.obj
 *fill*         0x10003292        0x2 
 .text.ph_clear
                0x10003294       0x70 CMakeFiles/HID.dir/C_/Program_Files/Raspberry_Pi/Pico_SDK_v1.5.1/pico-sdk/src/common/pico_util/pheap.c.obj
                0x10003294                ph_clear
 .text.ph_post_alloc_init
                0x10003304        0xe CMakeFiles/HID.dir/C_/Program_Files/Raspberry_Pi/Pico_SDK_v1.5.1/pico-sdk/src/common/pico_util/pheap.c.obj
                0x10003304                ph_post_alloc_init
 *fill*         0x10003312        0x2 
 .text.ph_merge_two_pass
                0x10003314       0xa8 CMakeFiles/HID.dir/C_/Program_Files/Raspberry_Pi/Pico_SDK_v1.5.1/pico-sdk/src/common/pico_util/pheap.c.obj
                0x10003314                ph_merge_two_pass
 .text.ph_remove_any_head
                0x100033bc      0x128 CMakeFiles/HID.dir/C_/Program_Files/Raspberry_Pi/Pico_SDK_v1.5.1/pico-sdk/src/common/pico_util/pheap.c.obj
 .text.ph_remove_head
                0x100034e4       0x14 CMakeFiles/HID.dir/C_/Program_Files/Raspberry_Pi/Pico_SDK_v1.5.1/pico-sdk/src/common/pico_util/pheap.c.obj
                0x100034e4                ph_remove_head
 .text.ph_remove_and_free_node
                0x100034f8       0xf8 CMakeFiles/HID.dir/C_/Program_Files/Raspberry_Pi/Pico_SDK_v1.5.1/pico-sdk/src/common/pico_util/pheap.c.obj
                0x100034f8                ph_remove_and_free_node
 .text.uart_disable_before_lcr_write
                0x100035f0       0x48 CMakeFiles/HID.dir/C_/Program_Files/Raspberry_Pi/Pico_SDK_v1.5.1/pico-sdk/src/rp2_common/hardware_uart/uart.c.obj
 .text.uart_write_lcr_bits_masked
                0x10003638       0x22 CMakeFiles/HID.dir/C_/Program_Files/Raspberry_Pi/Pico_SDK_v1.5.1/pico-sdk/src/rp2_common/hardware_uart/uart.c.obj
 *fill*         0x1000365a        0x2 
 .text.uart_set_baudrate
                0x1000365c       0x5c CMakeFiles/HID.dir/C_/Program_Files/Raspberry_Pi/Pico_SDK_v1.5.1/pico-sdk/src/rp2_common/hardware_uart/uart.c.obj
                0x1000365c                uart_set_baudrate
 .text.uart_set_format
                0x100036b8       0x2c CMakeFiles/HID.dir/C_/Program_Files/Raspberry_Pi/Pico_SDK_v1.5.1/pico-sdk/src/rp2_common/hardware_uart/uart.c.obj
                0x100036b8                uart_set_format
 .text.uart_set_translate_crlf
                0x100036e4       0x28 CMakeFiles/HID.dir/C_/Program_Files/Raspberry_Pi/Pico_SDK_v1.5.1/pico-sdk/src/rp2_common/hardware_uart/uart.c.obj
                0x100036e4                uart_set_translate_crlf
 .text.uart_init
                0x1000370c       0x80 CMakeFiles/HID.dir/C_/Program_Files/Raspberry_Pi/Pico_SDK_v1.5.1/pico-sdk/src/rp2_common/hardware_uart/uart.c.obj
                0x1000370c                uart_init
 .text.clock_configure
                0x1000378c      0x108 CMakeFiles/HID.dir/C_/Program_Files/Raspberry_Pi/Pico_SDK_v1.5.1/pico-sdk/src/rp2_common/hardware_clocks/clocks.c.obj
                0x1000378c                clock_configure
 .text.clocks_init
                0x10003894      0x100 CMakeFiles/HID.dir/C_/Program_Files/Raspberry_Pi/Pico_SDK_v1.5.1/pico-sdk/src/rp2_common/hardware_clocks/clocks.c.obj
                0x10003894                clocks_init
 .text.clock_get_hz
                0x10003994        0xc CMakeFiles/HID.dir/C_/Program_Files/Raspberry_Pi/Pico_SDK_v1.5.1/pico-sdk/src/rp2_common/hardware_clocks/clocks.c.obj
                0x10003994                clock_get_hz
 .text.pll_init
                0x100039a0      0x120 CMakeFiles/HID.dir/C_/Program_Files/Raspberry_Pi/Pico_SDK_v1.5.1/pico-sdk/src/rp2_common/hardware_pll/pll.c.obj
                0x100039a0                pll_init
 .text.watchdog_start_tick
                0x10003ac0       0x10 CMakeFiles/HID.dir/C_/Program_Files/Raspberry_Pi/Pico_SDK_v1.5.1/pico-sdk/src/rp2_common/hardware_watchdog/watchdog.c.obj
                0x10003ac0                watchdog_start_tick
 .text.xosc_init
                0x10003ad0       0x28 CMakeFiles/HID.dir/C_/Program_Files/Raspberry_Pi/Pico_SDK_v1.5.1/pico-sdk/src/rp2_common/hardware_xosc/xosc.c.obj
                0x10003ad0                xosc_init
 .text._exit    0x10003af8        0x4 CMakeFiles/HID.dir/C_/Program_Files/Raspberry_Pi/Pico_SDK_v1.5.1/pico-sdk/src/rp2_common/pico_runtime/runtime.c.obj
                0x10003af8                _exit
 .text.exit     0x10003afc        0x6 CMakeFiles/HID.dir/C_/Program_Files/Raspberry_Pi/Pico_SDK_v1.5.1/pico-sdk/src/rp2_common/pico_runtime/runtime.c.obj
                0x10003afc                exit
 *fill*         0x10003b02        0x2 
 .text.__assert_func
                0x10003b04       0x3c CMakeFiles/HID.dir/C_/Program_Files/Raspberry_Pi/Pico_SDK_v1.5.1/pico-sdk/src/rp2_common/pico_runtime/runtime.c.obj
                0x10003b04                __assert_func
 .text.runtime_init
                0x10003b40       0xf8 CMakeFiles/HID.dir/C_/Program_Files/Raspberry_Pi/Pico_SDK_v1.5.1/pico-sdk/src/rp2_common/pico_runtime/runtime.c.obj
                0x10003b40                runtime_init
 .text.panic    0x10003c38       0x30 CMakeFiles/HID.dir/C_/Program_Files/Raspberry_Pi/Pico_SDK_v1.5.1/pico-sdk/src/rp2_common/pico_runtime/runtime.c.obj
                0x10003c38                panic
 .text._out_null
                0x10003c68        0x2 CMakeFiles/HID.dir/C_/Program_Files/Raspberry_Pi/Pico_SDK_v1.5.1/pico-sdk/src/rp2_common/pico_printf/printf.c.obj
 .text._out_fct
                0x10003c6a        0xe CMakeFiles/HID.dir/C_/Program_Files/Raspberry_Pi/Pico_SDK_v1.5.1/pico-sdk/src/rp2_common/pico_printf/printf.c.obj
 .text._atoi    0x10003c78       0x24 CMakeFiles/HID.dir/C_/Program_Files/Raspberry_Pi/Pico_SDK_v1.5.1/pico-sdk/src/rp2_common/pico_printf/printf.c.obj
 .text._out_rev
                0x10003c9c       0xae CMakeFiles/HID.dir/C_/Program_Files/Raspberry_Pi/Pico_SDK_v1.5.1/pico-sdk/src/rp2_common/pico_printf/printf.c.obj
 .text._ntoa_format
                0x10003d4a      0x112 CMakeFiles/HID.dir/C_/Program_Files/Raspberry_Pi/Pico_SDK_v1.5.1/pico-sdk/src/rp2_common/pico_printf/printf.c.obj
 .text._ntoa_long
                0x10003e5c       0xbc CMakeFiles/HID.dir/C_/Program_Files/Raspberry_Pi/Pico_SDK_v1.5.1/pico-sdk/src/rp2_common/pico_printf/printf.c.obj
 .text._ntoa_long_long
                0x10003f18       0xe2 CMakeFiles/HID.dir/C_/Program_Files/Raspberry_Pi/Pico_SDK_v1.5.1/pico-sdk/src/rp2_common/pico_printf/printf.c.obj
 *fill*         0x10003ffa        0x2 
 .text._etoa    0x10003ffc      0x414 CMakeFiles/HID.dir/C_/Program_Files/Raspberry_Pi/Pico_SDK_v1.5.1/pico-sdk/src/rp2_common/pico_printf/printf.c.obj
 .text._ftoa    0x10004410      0x354 CMakeFiles/HID.dir/C_/Program_Files/Raspberry_Pi/Pico_SDK_v1.5.1/pico-sdk/src/rp2_common/pico_printf/printf.c.obj
 .text._vsnprintf
                0x10004764      0x624 CMakeFiles/HID.dir/C_/Program_Files/Raspberry_Pi/Pico_SDK_v1.5.1/pico-sdk/src/rp2_common/pico_printf/printf.c.obj
 .text.vfctprintf
                0x10004d88       0x20 CMakeFiles/HID.dir/C_/Program_Files/Raspberry_Pi/Pico_SDK_v1.5.1/pico-sdk/src/rp2_common/pico_printf/printf.c.obj
                0x10004d88                vfctprintf
 .text          0x10004da8       0x10 CMakeFiles/HID.dir/C_/Program_Files/Raspberry_Pi/Pico_SDK_v1.5.1/pico-sdk/src/rp2_common/pico_bit_ops/bit_ops_aeabi.S.obj
 .text.rom_func_lookup
                0x10004db8       0x10 CMakeFiles/HID.dir/C_/Program_Files/Raspberry_Pi/Pico_SDK_v1.5.1/pico-sdk/src/rp2_common/pico_bootrom/bootrom.c.obj
                0x10004db8                rom_func_lookup
 .text.rom_data_lookup
                0x10004dc8       0x10 CMakeFiles/HID.dir/C_/Program_Files/Raspberry_Pi/Pico_SDK_v1.5.1/pico-sdk/src/rp2_common/pico_bootrom/bootrom.c.obj
                0x10004dc8                rom_data_lookup
 .text.rom_funcs_lookup
                0x10004dd8       0x36 CMakeFiles/HID.dir/C_/Program_Files/Raspberry_Pi/Pico_SDK_v1.5.1/pico-sdk/src/rp2_common/pico_bootrom/bootrom.c.obj
                0x10004dd8                rom_funcs_lookup
 *fill*         0x10004e0e        0x2 
 .text.__wrap___aeabi_idiv
                0x10004e10       0x50 CMakeFiles/HID.dir/C_/Program_Files/Raspberry_Pi/Pico_SDK_v1.5.1/pico-sdk/src/rp2_common/pico_divider/divider.S.obj
                0x10004e10                __wrap___aeabi_idivmod
                0x10004e10                divmod_s32s32
                0x10004e10                div_s32s32
                0x10004e10                __wrap___aeabi_idiv
                0x10004e18                divmod_s32s32_unsafe
                0x10004e44                divmod_s32s32_savestate
 .text.__wrap___aeabi_uidiv
                0x10004e60       0x4c CMakeFiles/HID.dir/C_/Program_Files/Raspberry_Pi/Pico_SDK_v1.5.1/pico-sdk/src/rp2_common/pico_divider/divider.S.obj
                0x10004e60                __wrap___aeabi_uidiv
                0x10004e60                __wrap___aeabi_uidivmod
                0x10004e60                div_u32u32
                0x10004e60                divmod_u32u32
                0x10004e68                divmod_u32u32_unsafe
                0x10004e90                divmod_u32u32_savestate
 .text.__wrap___aeabi_ldiv
                0x10004eac      0x424 CMakeFiles/HID.dir/C_/Program_Files/Raspberry_Pi/Pico_SDK_v1.5.1/pico-sdk/src/rp2_common/pico_divider/divider.S.obj
                0x10004eac                div_s64s64
                0x10004eac                divmod_s64s64
                0x10004eac                __wrap___aeabi_ldivmod
                0x10004edc                divmod_u64u64
                0x10004edc                div_u64u64
                0x10004edc                __wrap___aeabi_uldivmod
                0x10004eec                divmod_u64u64_savestate
                0x10004f0c                divmod_s64s64_unsafe
                0x10004f94                divmod_u64u64_unsafe
 .text.push_r8_r11
                0x100052d0        0xc CMakeFiles/HID.dir/C_/Program_Files/Raspberry_Pi/Pico_SDK_v1.5.1/pico-sdk/src/rp2_common/pico_double/double_aeabi.S.obj
                0x100052d0                push_r8_r11
 .text.pop_r8_r11
                0x100052dc        0xc CMakeFiles/HID.dir/C_/Program_Files/Raspberry_Pi/Pico_SDK_v1.5.1/pico-sdk/src/rp2_common/pico_double/double_aeabi.S.obj
                0x100052dc                pop_r8_r11
 .text.__wrap___aeabi_darithmetic
                0x100052e8       0x80 CMakeFiles/HID.dir/C_/Program_Files/Raspberry_Pi/Pico_SDK_v1.5.1/pico-sdk/src/rp2_common/pico_double/double_aeabi.S.obj
                0x100052e8                __wrap___aeabi_drsub
                0x100052ee                __wrap___aeabi_dsub
                0x10005300                __wrap___aeabi_dadd
                0x10005312                __wrap___aeabi_ddiv
                0x1000534e                __wrap___aeabi_dmul
 .text.__wrap___aeabi_cdcmple
                0x10005368       0x6c CMakeFiles/HID.dir/C_/Program_Files/Raspberry_Pi/Pico_SDK_v1.5.1/pico-sdk/src/rp2_common/pico_double/double_aeabi.S.obj
                0x10005368                __wrap___aeabi_cdrcmple
                0x10005378                __wrap___aeabi_cdcmpeq
                0x10005378                __wrap___aeabi_cdcmple
 .text.__wrap___aeabi_dcmplt
                0x100053d4        0xc CMakeFiles/HID.dir/C_/Program_Files/Raspberry_Pi/Pico_SDK_v1.5.1/pico-sdk/src/rp2_common/pico_double/double_aeabi.S.obj
                0x100053d4                __wrap___aeabi_dcmplt
 .text.__wrap___aeabi_dcmple
                0x100053e0       0x10 CMakeFiles/HID.dir/C_/Program_Files/Raspberry_Pi/Pico_SDK_v1.5.1/pico-sdk/src/rp2_common/pico_double/double_aeabi.S.obj
                0x100053e0                __wrap___aeabi_dcmple
 .text.__wrap___aeabi_dcmpge
                0x100053f0       0x10 CMakeFiles/HID.dir/C_/Program_Files/Raspberry_Pi/Pico_SDK_v1.5.1/pico-sdk/src/rp2_common/pico_double/double_aeabi.S.obj
                0x100053f0                __wrap___aeabi_dcmpge
 .text.__wrap___aeabi_dcmpgt
                0x10005400        0xa CMakeFiles/HID.dir/C_/Program_Files/Raspberry_Pi/Pico_SDK_v1.5.1/pico-sdk/src/rp2_common/pico_double/double_aeabi.S.obj
                0x10005400                __wrap___aeabi_dcmpgt
 .text.__wrap___aeabi_dcmpun
                0x1000540a       0x1c CMakeFiles/HID.dir/C_/Program_Files/Raspberry_Pi/Pico_SDK_v1.5.1/pico-sdk/src/rp2_common/pico_double/double_aeabi.S.obj
                0x1000540a                __wrap___aeabi_dcmpun
 *fill*         0x10005426        0x2 
 .text.__wrap___aeabi_i2d
                0x10005428       0x38 CMakeFiles/HID.dir/C_/Program_Files/Raspberry_Pi/Pico_SDK_v1.5.1/pico-sdk/src/rp2_common/pico_double/double_aeabi.S.obj
                0x10005428                __wrap___aeabi_ui2d
                0x10005430                __wrap___aeabi_i2d
 .text.__wrap___aeabi_d2iz
                0x10005460       0x48 CMakeFiles/HID.dir/C_/Program_Files/Raspberry_Pi/Pico_SDK_v1.5.1/pico-sdk/src/rp2_common/pico_double/double_aeabi.S.obj
                0x10005460                double2int_z
                0x10005460                __wrap___aeabi_d2iz
 .text.__wrap___aeabi_d2uiz
                0x100054a8       0x18 CMakeFiles/HID.dir/C_/Program_Files/Raspberry_Pi/Pico_SDK_v1.5.1/pico-sdk/src/rp2_common/pico_double/double_aeabi.S.obj
                0x100054a8                __wrap___aeabi_d2uiz
                0x100054a8                double2uint
 .text.__wrap_atan2
                0x100054c0       0x18 CMakeFiles/HID.dir/C_/Program_Files/Raspberry_Pi/Pico_SDK_v1.5.1/pico-sdk/src/rp2_common/pico_double/double_aeabi.S.obj
                0x100054c0                __wrap_atan2
 .text.__aeabi_double_init
                0x100054d8       0xc8 CMakeFiles/HID.dir/C_/Program_Files/Raspberry_Pi/Pico_SDK_v1.5.1/pico-sdk/src/rp2_common/pico_double/double_init_rom.c.obj
                0x100054d8                __aeabi_double_init
 .text.double_table_shim_on_use_helper
                0x100055a0       0x34 CMakeFiles/HID.dir/C_/Program_Files/Raspberry_Pi/Pico_SDK_v1.5.1/pico-sdk/src/rp2_common/pico_double/double_v1_rom_shim.S.obj
                0x100055a0                double_table_shim_on_use_helper
 .text.__wrap___aeabi_dsub
                0x100055d4       0x10 CMakeFiles/HID.dir/C_/Program_Files/Raspberry_Pi/Pico_SDK_v1.5.1/pico-sdk/src/rp2_common/pico_double/double_v1_rom_shim.S.obj
                0x100055d4                drsub_shim
                0x100055da                dsub_shim
 .text.dadd_shim
                0x100055e4      0x15c CMakeFiles/HID.dir/C_/Program_Files/Raspberry_Pi/Pico_SDK_v1.5.1/pico-sdk/src/rp2_common/pico_double/double_v1_rom_shim.S.obj
                0x100055e4                dadd_shim
 .text.dmul_shim
                0x10005740      0x15c CMakeFiles/HID.dir/C_/Program_Files/Raspberry_Pi/Pico_SDK_v1.5.1/pico-sdk/src/rp2_common/pico_double/double_v1_rom_shim.S.obj
                0x10005740                dmul_shim
 .text.ddiv_shim
                0x1000589c      0x1b0 CMakeFiles/HID.dir/C_/Program_Files/Raspberry_Pi/Pico_SDK_v1.5.1/pico-sdk/src/rp2_common/pico_double/double_v1_rom_shim.S.obj
                0x1000589c                ddiv_shim
 .text.dcordic_vec_step
                0x10005a4c        0xe CMakeFiles/HID.dir/C_/Program_Files/Raspberry_Pi/Pico_SDK_v1.5.1/pico-sdk/src/rp2_common/pico_double/double_v1_rom_shim.S.obj
                0x10005a4c                dcordic_vec_step
 .text.dcordic_rot_step
                0x10005a5a       0x76 CMakeFiles/HID.dir/C_/Program_Files/Raspberry_Pi/Pico_SDK_v1.5.1/pico-sdk/src/rp2_common/pico_double/double_v1_rom_shim.S.obj
                0x10005a5a                dcordic_rot_step
 .text.double2uint_shim
                0x10005ad0        0xe CMakeFiles/HID.dir/C_/Program_Files/Raspberry_Pi/Pico_SDK_v1.5.1/pico-sdk/src/rp2_common/pico_double/double_v1_rom_shim.S.obj
                0x10005ad0                double2uint_shim
                0x10005ad2                double2ufix_shim
 .text.double2int64_shim
                0x10005ade       0x1a CMakeFiles/HID.dir/C_/Program_Files/Raspberry_Pi/Pico_SDK_v1.5.1/pico-sdk/src/rp2_common/pico_double/double_v1_rom_shim.S.obj
                0x10005ade                double2int64_shim
                0x10005ae0                double2fix64_shim
 .text.double2uint64_shim
                0x10005af8       0x70 CMakeFiles/HID.dir/C_/Program_Files/Raspberry_Pi/Pico_SDK_v1.5.1/pico-sdk/src/rp2_common/pico_double/double_v1_rom_shim.S.obj
                0x10005af8                double2uint64_shim
                0x10005afa                double2ufix64_shim
                0x10005b1a                d2fix_a
 .text.x2double_shims
                0x10005b68       0x90 CMakeFiles/HID.dir/C_/Program_Files/Raspberry_Pi/Pico_SDK_v1.5.1/pico-sdk/src/rp2_common/pico_double/double_v1_rom_shim.S.obj
                0x10005b68                uint2double_shim
                0x10005b6a                ufix2double_shim
                0x10005b70                int2double_shim
                0x10005b72                fix2double_shim
                0x10005b78                uint642double_shim
                0x10005b7a                ufix642double_shim
                0x10005b80                int642double_shim
                0x10005b82                fix642double_shim
 .text.dunpacks
                0x10005bf8       0x3c CMakeFiles/HID.dir/C_/Program_Files/Raspberry_Pi/Pico_SDK_v1.5.1/pico-sdk/src/rp2_common/pico_double/double_v1_rom_shim.S.obj
                0x10005bf8                dunpacks
 .text.dreduce  0x10005c34       0x82 CMakeFiles/HID.dir/C_/Program_Files/Raspberry_Pi/Pico_SDK_v1.5.1/pico-sdk/src/rp2_common/pico_double/double_v1_rom_shim.S.obj
                0x10005c34                dreduce
 *fill*         0x10005cb6        0x2 
 .text.dtrig_guts
                0x10005cb8      0x2ec CMakeFiles/HID.dir/C_/Program_Files/Raspberry_Pi/Pico_SDK_v1.5.1/pico-sdk/src/rp2_common/pico_double/double_v1_rom_shim.S.obj
                0x10005d90                datan2_shim
 .text.__aeabi_lmul
                0x10005fa4       0x32 CMakeFiles/HID.dir/C_/Program_Files/Raspberry_Pi/Pico_SDK_v1.5.1/pico-sdk/src/rp2_common/pico_int64_ops/pico_int64_ops_aeabi.S.obj
                0x10005fa4                __wrap___aeabi_lmul
 *fill*         0x10005fd6        0x2 
 .text.__aeabi_float_init
                0x10005fd8       0xfc CMakeFiles/HID.dir/C_/Program_Files/Raspberry_Pi/Pico_SDK_v1.5.1/pico-sdk/src/rp2_common/pico_float/float_init_rom.c.obj
                0x10005fd8                __aeabi_float_init
 .text.float_table_shim_on_use_helper
                0x100060d4       0x34 CMakeFiles/HID.dir/C_/Program_Files/Raspberry_Pi/Pico_SDK_v1.5.1/pico-sdk/src/rp2_common/pico_float/float_v1_rom_shim.S.obj
                0x100060d4                float_table_shim_on_use_helper
 .text          0x10006108       0x10 CMakeFiles/HID.dir/C_/Program_Files/Raspberry_Pi/Pico_SDK_v1.5.1/pico-sdk/src/rp2_common/pico_mem_ops/mem_ops_aeabi.S.obj
                0x10006108                __aeabi_mem_init
 .text.memset   0x10006118        0xc CMakeFiles/HID.dir/C_/Program_Files/Raspberry_Pi/Pico_SDK_v1.5.1/pico-sdk/src/rp2_common/pico_mem_ops/mem_ops_aeabi.S.obj
                0x10006118                __wrap_memset
 .text.memcpy   0x10006124        0xc CMakeFiles/HID.dir/C_/Program_Files/Raspberry_Pi/Pico_SDK_v1.5.1/pico-sdk/src/rp2_common/pico_mem_ops/mem_ops_aeabi.S.obj
                0x10006124                __wrap_memcpy
                0x10006124                __wrap___aeabi_memcpy
 .text.stdio_out_chars_no_crlf
                0x10006130        0xe CMakeFiles/HID.dir/C_/Program_Files/Raspberry_Pi/Pico_SDK_v1.5.1/pico-sdk/src/rp2_common/pico_stdio/stdio.c.obj
 *fill*         0x1000613e        0x2 
 .text.stdio_out_chars_crlf
                0x10006140       0x80 CMakeFiles/HID.dir/C_/Program_Files/Raspberry_Pi/Pico_SDK_v1.5.1/pico-sdk/src/rp2_common/pico_stdio/stdio.c.obj
 .text.stdio_stack_buffer_flush
                0x100061c0       0x44 CMakeFiles/HID.dir/C_/Program_Files/Raspberry_Pi/Pico_SDK_v1.5.1/pico-sdk/src/rp2_common/pico_stdio/stdio.c.obj
 .text.stdio_buffered_printer
                0x10006204       0x20 CMakeFiles/HID.dir/C_/Program_Files/Raspberry_Pi/Pico_SDK_v1.5.1/pico-sdk/src/rp2_common/pico_stdio/stdio.c.obj
 .text.stdout_serialize_begin
                0x10006224       0x5c CMakeFiles/HID.dir/C_/Program_Files/Raspberry_Pi/Pico_SDK_v1.5.1/pico-sdk/src/rp2_common/pico_stdio/stdio.c.obj
                0x10006224                stdout_serialize_begin
 .text.stdout_serialize_end
                0x10006280       0x10 CMakeFiles/HID.dir/C_/Program_Files/Raspberry_Pi/Pico_SDK_v1.5.1/pico-sdk/src/rp2_common/pico_stdio/stdio.c.obj
                0x10006280                stdout_serialize_end
 .text.stdio_put_string
                0x10006290       0x98 CMakeFiles/HID.dir/C_/Program_Files/Raspberry_Pi/Pico_SDK_v1.5.1/pico-sdk/src/rp2_common/pico_stdio/stdio.c.obj
 .text.stdio_set_driver_enabled
                0x10006328       0x2c CMakeFiles/HID.dir/C_/Program_Files/Raspberry_Pi/Pico_SDK_v1.5.1/pico-sdk/src/rp2_common/pico_stdio/stdio.c.obj
                0x10006328                stdio_set_driver_enabled
 .text.stdio_flush
                0x10006354       0x20 CMakeFiles/HID.dir/C_/Program_Files/Raspberry_Pi/Pico_SDK_v1.5.1/pico-sdk/src/rp2_common/pico_stdio/stdio.c.obj
                0x10006354                stdio_flush
 .text.__wrap_puts
                0x10006374       0x1e CMakeFiles/HID.dir/C_/Program_Files/Raspberry_Pi/Pico_SDK_v1.5.1/pico-sdk/src/rp2_common/pico_stdio/stdio.c.obj
                0x10006374                __wrap_puts
 *fill*         0x10006392        0x2 
 .text.__wrap_vprintf
                0x10006394       0x40 CMakeFiles/HID.dir/C_/Program_Files/Raspberry_Pi/Pico_SDK_v1.5.1/pico-sdk/src/rp2_common/pico_stdio/stdio.c.obj
                0x10006394                __wrap_vprintf
 .text.__wrap_printf
                0x100063d4       0x18 CMakeFiles/HID.dir/C_/Program_Files/Raspberry_Pi/Pico_SDK_v1.5.1/pico-sdk/src/rp2_common/pico_stdio/stdio.c.obj
                0x100063d4                __wrap_printf
 .text.stdio_init_all
                0x100063ec        0xa CMakeFiles/HID.dir/C_/Program_Files/Raspberry_Pi/Pico_SDK_v1.5.1/pico-sdk/src/rp2_common/pico_stdio/stdio.c.obj
                0x100063ec                stdio_init_all
 *fill*         0x100063f6        0x2 
 .text.stdio_uart_out_chars
                0x100063f8       0x74 CMakeFiles/HID.dir/C_/Program_Files/Raspberry_Pi/Pico_SDK_v1.5.1/pico-sdk/src/rp2_common/pico_stdio_uart/stdio_uart.c.obj
 .text.stdio_uart_in_chars
                0x1000646c       0x80 CMakeFiles/HID.dir/C_/Program_Files/Raspberry_Pi/Pico_SDK_v1.5.1/pico-sdk/src/rp2_common/pico_stdio_uart/stdio_uart.c.obj
                0x1000646c                stdio_uart_in_chars
 .text.on_uart_rx
                0x100064ec       0x28 CMakeFiles/HID.dir/C_/Program_Files/Raspberry_Pi/Pico_SDK_v1.5.1/pico-sdk/src/rp2_common/pico_stdio_uart/stdio_uart.c.obj
 .text.stdio_uart_set_chars_available_callback
                0x10006514       0x8c CMakeFiles/HID.dir/C_/Program_Files/Raspberry_Pi/Pico_SDK_v1.5.1/pico-sdk/src/rp2_common/pico_stdio_uart/stdio_uart.c.obj
 .text.stdio_uart_init_full
                0x100065a0       0x44 CMakeFiles/HID.dir/C_/Program_Files/Raspberry_Pi/Pico_SDK_v1.5.1/pico-sdk/src/rp2_common/pico_stdio_uart/stdio_uart.c.obj
                0x100065a0                stdio_uart_init_full
 .text.stdio_uart_init
                0x100065e4       0x28 CMakeFiles/HID.dir/C_/Program_Files/Raspberry_Pi/Pico_SDK_v1.5.1/pico-sdk/src/rp2_common/pico_stdio_uart/stdio_uart.c.obj
                0x100065e4                stdio_uart_init
 .text.hw_endpoint_get_by_addr
                0x1000660c       0x18 CMakeFiles/HID.dir/C_/Program_Files/Raspberry_Pi/Pico_SDK_v1.5.1/pico-sdk/lib/tinyusb/src/portable/raspberrypi/rp2040/dcd_rp2040.c.obj
 .text._hw_endpoint_alloc
                0x10006624       0x70 CMakeFiles/HID.dir/C_/Program_Files/Raspberry_Pi/Pico_SDK_v1.5.1/pico-sdk/lib/tinyusb/src/portable/raspberrypi/rp2040/dcd_rp2040.c.obj
 .text.hw_endpoint_init
                0x10006694       0x88 CMakeFiles/HID.dir/C_/Program_Files/Raspberry_Pi/Pico_SDK_v1.5.1/pico-sdk/lib/tinyusb/src/portable/raspberrypi/rp2040/dcd_rp2040.c.obj
 .text.hw_endpoint_xfer
                0x1000671c       0x14 CMakeFiles/HID.dir/C_/Program_Files/Raspberry_Pi/Pico_SDK_v1.5.1/pico-sdk/lib/tinyusb/src/portable/raspberrypi/rp2040/dcd_rp2040.c.obj
 .text.dcd_int_enable
                0x10006730       0x2c CMakeFiles/HID.dir/C_/Program_Files/Raspberry_Pi/Pico_SDK_v1.5.1/pico-sdk/lib/tinyusb/src/portable/raspberrypi/rp2040/dcd_rp2040.c.obj
                0x10006730                dcd_int_enable
 .text.dcd_set_address
                0x1000675c       0x2c CMakeFiles/HID.dir/C_/Program_Files/Raspberry_Pi/Pico_SDK_v1.5.1/pico-sdk/lib/tinyusb/src/portable/raspberrypi/rp2040/dcd_rp2040.c.obj
                0x1000675c                dcd_set_address
 .text.dcd_remote_wakeup
                0x10006788       0x38 CMakeFiles/HID.dir/C_/Program_Files/Raspberry_Pi/Pico_SDK_v1.5.1/pico-sdk/lib/tinyusb/src/portable/raspberrypi/rp2040/dcd_rp2040.c.obj
                0x10006788                dcd_remote_wakeup
 .text.dcd_connect
                0x100067c0       0x10 CMakeFiles/HID.dir/C_/Program_Files/Raspberry_Pi/Pico_SDK_v1.5.1/pico-sdk/lib/tinyusb/src/portable/raspberrypi/rp2040/dcd_rp2040.c.obj
                0x100067c0                dcd_connect
 .text.dcd_init
                0x100067d0       0x80 CMakeFiles/HID.dir/C_/Program_Files/Raspberry_Pi/Pico_SDK_v1.5.1/pico-sdk/lib/tinyusb/src/portable/raspberrypi/rp2040/dcd_rp2040.c.obj
                0x100067d0                dcd_init
 .text.dcd_edpt0_status_complete
                0x10006850       0x1c CMakeFiles/HID.dir/C_/Program_Files/Raspberry_Pi/Pico_SDK_v1.5.1/pico-sdk/lib/tinyusb/src/portable/raspberrypi/rp2040/dcd_rp2040.c.obj
                0x10006850                dcd_edpt0_status_complete
 .text.dcd_edpt_open
                0x1000686c       0x40 CMakeFiles/HID.dir/C_/Program_Files/Raspberry_Pi/Pico_SDK_v1.5.1/pico-sdk/lib/tinyusb/src/portable/raspberrypi/rp2040/dcd_rp2040.c.obj
                0x1000686c                dcd_edpt_open
 .text.dcd_edpt_close_all
                0x100068ac        0x8 CMakeFiles/HID.dir/C_/Program_Files/Raspberry_Pi/Pico_SDK_v1.5.1/pico-sdk/lib/tinyusb/src/portable/raspberrypi/rp2040/dcd_rp2040.c.obj
                0x100068ac                dcd_edpt_close_all
 .text.dcd_edpt_xfer
                0x100068b4       0x34 CMakeFiles/HID.dir/C_/Program_Files/Raspberry_Pi/Pico_SDK_v1.5.1/pico-sdk/lib/tinyusb/src/portable/raspberrypi/rp2040/dcd_rp2040.c.obj
                0x100068b4                dcd_edpt_xfer
 .text.dcd_edpt_stall
                0x100068e8       0x2c CMakeFiles/HID.dir/C_/Program_Files/Raspberry_Pi/Pico_SDK_v1.5.1/pico-sdk/lib/tinyusb/src/portable/raspberrypi/rp2040/dcd_rp2040.c.obj
                0x100068e8                dcd_edpt_stall
 .text.dcd_edpt_clear_stall
                0x10006914       0x20 CMakeFiles/HID.dir/C_/Program_Files/Raspberry_Pi/Pico_SDK_v1.5.1/pico-sdk/lib/tinyusb/src/portable/raspberrypi/rp2040/dcd_rp2040.c.obj
                0x10006914                dcd_edpt_clear_stall
 .text.rp2040_usb_init
                0x10006934       0x4c CMakeFiles/HID.dir/C_/Program_Files/Raspberry_Pi/Pico_SDK_v1.5.1/pico-sdk/lib/tinyusb/src/portable/raspberrypi/rp2040/rp2040_usb.c.obj
                0x10006934                rp2040_usb_init
 .text.hw_endpoint_xfer_start
                0x10006980       0x50 CMakeFiles/HID.dir/C_/Program_Files/Raspberry_Pi/Pico_SDK_v1.5.1/pico-sdk/lib/tinyusb/src/portable/raspberrypi/rp2040/rp2040_usb.c.obj
                0x10006980                hw_endpoint_xfer_start
 .text.configuration_reset
                0x100069d0       0x84 CMakeFiles/HID.dir/C_/Program_Files/Raspberry_Pi/Pico_SDK_v1.5.1/pico-sdk/lib/tinyusb/src/device/usbd.c.obj
 .text.usbd_reset
                0x10006a54        0xc CMakeFiles/HID.dir/C_/Program_Files/Raspberry_Pi/Pico_SDK_v1.5.1/pico-sdk/lib/tinyusb/src/device/usbd.c.obj
 .text.invoke_class_control
                0x10006a60       0x1a CMakeFiles/HID.dir/C_/Program_Files/Raspberry_Pi/Pico_SDK_v1.5.1/pico-sdk/lib/tinyusb/src/device/usbd.c.obj
 *fill*         0x10006a7a        0x2 
 .text.process_set_config
                0x10006a7c      0x15c CMakeFiles/HID.dir/C_/Program_Files/Raspberry_Pi/Pico_SDK_v1.5.1/pico-sdk/lib/tinyusb/src/device/usbd.c.obj
 .text.process_get_descriptor
                0x10006bd8       0xdc CMakeFiles/HID.dir/C_/Program_Files/Raspberry_Pi/Pico_SDK_v1.5.1/pico-sdk/lib/tinyusb/src/device/usbd.c.obj
 .text.tud_mounted
                0x10006cb4       0x10 CMakeFiles/HID.dir/C_/Program_Files/Raspberry_Pi/Pico_SDK_v1.5.1/pico-sdk/lib/tinyusb/src/device/usbd.c.obj
                0x10006cb4                tud_mounted
 .text.tud_suspended
                0x10006cc4       0x10 CMakeFiles/HID.dir/C_/Program_Files/Raspberry_Pi/Pico_SDK_v1.5.1/pico-sdk/lib/tinyusb/src/device/usbd.c.obj
                0x10006cc4                tud_suspended
 .text.tud_remote_wakeup
                0x10006cd4       0x34 CMakeFiles/HID.dir/C_/Program_Files/Raspberry_Pi/Pico_SDK_v1.5.1/pico-sdk/lib/tinyusb/src/device/usbd.c.obj
                0x10006cd4                tud_remote_wakeup
 .text.tud_inited
                0x10006d08       0x14 CMakeFiles/HID.dir/C_/Program_Files/Raspberry_Pi/Pico_SDK_v1.5.1/pico-sdk/lib/tinyusb/src/device/usbd.c.obj
                0x10006d08                tud_inited
 .text.tud_init
                0x10006d1c       0xcc CMakeFiles/HID.dir/C_/Program_Files/Raspberry_Pi/Pico_SDK_v1.5.1/pico-sdk/lib/tinyusb/src/device/usbd.c.obj
                0x10006d1c                tud_init
 .text.usbd_edpt_open
                0x10006de8       0x34 CMakeFiles/HID.dir/C_/Program_Files/Raspberry_Pi/Pico_SDK_v1.5.1/pico-sdk/lib/tinyusb/src/device/usbd.c.obj
                0x10006de8                usbd_edpt_open
 .text.usbd_open_edpt_pair
                0x10006e1c       0x62 CMakeFiles/HID.dir/C_/Program_Files/Raspberry_Pi/Pico_SDK_v1.5.1/pico-sdk/lib/tinyusb/src/device/usbd.c.obj
                0x10006e1c                usbd_open_edpt_pair
 *fill*         0x10006e7e        0x2 
 .text.usbd_edpt_claim
                0x10006e80       0x28 CMakeFiles/HID.dir/C_/Program_Files/Raspberry_Pi/Pico_SDK_v1.5.1/pico-sdk/lib/tinyusb/src/device/usbd.c.obj
                0x10006e80                usbd_edpt_claim
 .text.usbd_edpt_xfer
                0x10006ea8       0x78 CMakeFiles/HID.dir/C_/Program_Files/Raspberry_Pi/Pico_SDK_v1.5.1/pico-sdk/lib/tinyusb/src/device/usbd.c.obj
                0x10006ea8                usbd_edpt_xfer
 .text.usbd_edpt_busy
                0x10006f20       0x1c CMakeFiles/HID.dir/C_/Program_Files/Raspberry_Pi/Pico_SDK_v1.5.1/pico-sdk/lib/tinyusb/src/device/usbd.c.obj
                0x10006f20                usbd_edpt_busy
 .text.usbd_edpt_stall
                0x10006f3c       0x48 CMakeFiles/HID.dir/C_/Program_Files/Raspberry_Pi/Pico_SDK_v1.5.1/pico-sdk/lib/tinyusb/src/device/usbd.c.obj
                0x10006f3c                usbd_edpt_stall
 .text.usbd_edpt_clear_stall
                0x10006f84       0x48 CMakeFiles/HID.dir/C_/Program_Files/Raspberry_Pi/Pico_SDK_v1.5.1/pico-sdk/lib/tinyusb/src/device/usbd.c.obj
                0x10006f84                usbd_edpt_clear_stall
 .text.usbd_edpt_stalled
                0x10006fcc       0x1c CMakeFiles/HID.dir/C_/Program_Files/Raspberry_Pi/Pico_SDK_v1.5.1/pico-sdk/lib/tinyusb/src/device/usbd.c.obj
                0x10006fcc                usbd_edpt_stalled
 .text.process_control_request
                0x10006fe8      0x37c CMakeFiles/HID.dir/C_/Program_Files/Raspberry_Pi/Pico_SDK_v1.5.1/pico-sdk/lib/tinyusb/src/device/usbd.c.obj
 .text.tud_task_ext
                0x10007364      0x1b8 CMakeFiles/HID.dir/C_/Program_Files/Raspberry_Pi/Pico_SDK_v1.5.1/pico-sdk/lib/tinyusb/src/device/usbd.c.obj
                0x10007364                tud_task_ext
 .text._data_stage_xact
                0x1000751c       0x58 CMakeFiles/HID.dir/C_/Program_Files/Raspberry_Pi/Pico_SDK_v1.5.1/pico-sdk/lib/tinyusb/src/device/usbd_control.c.obj
 .text.tud_control_status
                0x10007574       0x38 CMakeFiles/HID.dir/C_/Program_Files/Raspberry_Pi/Pico_SDK_v1.5.1/pico-sdk/lib/tinyusb/src/device/usbd_control.c.obj
                0x10007574                tud_control_status
 .text.tud_control_xfer
                0x100075ac       0x74 CMakeFiles/HID.dir/C_/Program_Files/Raspberry_Pi/Pico_SDK_v1.5.1/pico-sdk/lib/tinyusb/src/device/usbd_control.c.obj
                0x100075ac                tud_control_xfer
 .text.usbd_control_reset
                0x10007620       0x14 CMakeFiles/HID.dir/C_/Program_Files/Raspberry_Pi/Pico_SDK_v1.5.1/pico-sdk/lib/tinyusb/src/device/usbd_control.c.obj
                0x10007620                usbd_control_reset
 .text.usbd_control_set_complete_callback
                0x10007634        0xc CMakeFiles/HID.dir/C_/Program_Files/Raspberry_Pi/Pico_SDK_v1.5.1/pico-sdk/lib/tinyusb/src/device/usbd_control.c.obj
                0x10007634                usbd_control_set_complete_callback
 .text.usbd_control_set_request
                0x10007640       0x1c CMakeFiles/HID.dir/C_/Program_Files/Raspberry_Pi/Pico_SDK_v1.5.1/pico-sdk/lib/tinyusb/src/device/usbd_control.c.obj
                0x10007640                usbd_control_set_request
 .text.usbd_control_xfer_cb
                0x1000765c       0xcc CMakeFiles/HID.dir/C_/Program_Files/Raspberry_Pi/Pico_SDK_v1.5.1/pico-sdk/lib/tinyusb/src/device/usbd_control.c.obj
                0x1000765c                usbd_control_xfer_cb
 .text.tud_hid_n_ready
                0x10007728       0x50 CMakeFiles/HID.dir/C_/Program_Files/Raspberry_Pi/Pico_SDK_v1.5.1/pico-sdk/lib/tinyusb/src/class/hid/hid_device.c.obj
                0x10007728                tud_hid_n_ready
 .text.tud_hid_n_report
                0x10007778       0x84 CMakeFiles/HID.dir/C_/Program_Files/Raspberry_Pi/Pico_SDK_v1.5.1/pico-sdk/lib/tinyusb/src/class/hid/hid_device.c.obj
                0x10007778                tud_hid_n_report
 .text.hidd_reset
                0x100077fc       0x14 CMakeFiles/HID.dir/C_/Program_Files/Raspberry_Pi/Pico_SDK_v1.5.1/pico-sdk/lib/tinyusb/src/class/hid/hid_device.c.obj
                0x100077fc                hidd_reset
 .text.hidd_init
                0x10007810        0xa CMakeFiles/HID.dir/C_/Program_Files/Raspberry_Pi/Pico_SDK_v1.5.1/pico-sdk/lib/tinyusb/src/class/hid/hid_device.c.obj
                0x10007810                hidd_init
 *fill*         0x1000781a        0x2 
 .text.hidd_open
                0x1000781c       0xbc CMakeFiles/HID.dir/C_/Program_Files/Raspberry_Pi/Pico_SDK_v1.5.1/pico-sdk/lib/tinyusb/src/class/hid/hid_device.c.obj
                0x1000781c                hidd_open
 .text.hidd_control_xfer_cb
                0x100078d8      0x278 CMakeFiles/HID.dir/C_/Program_Files/Raspberry_Pi/Pico_SDK_v1.5.1/pico-sdk/lib/tinyusb/src/class/hid/hid_device.c.obj
                0x100078d8                hidd_control_xfer_cb
 .text.hidd_xfer_cb
                0x10007b50       0x84 CMakeFiles/HID.dir/C_/Program_Files/Raspberry_Pi/Pico_SDK_v1.5.1/pico-sdk/lib/tinyusb/src/class/hid/hid_device.c.obj
                0x10007b50                hidd_xfer_cb
 .text.tusb_inited
                0x10007bd4        0xe CMakeFiles/HID.dir/C_/Program_Files/Raspberry_Pi/Pico_SDK_v1.5.1/pico-sdk/lib/tinyusb/src/tusb.c.obj
                0x10007bd4                tusb_inited
 .text.tu_edpt_claim
                0x10007be2       0x50 CMakeFiles/HID.dir/C_/Program_Files/Raspberry_Pi/Pico_SDK_v1.5.1/pico-sdk/lib/tinyusb/src/tusb.c.obj
                0x10007be2                tu_edpt_claim
 *fill*         0x10007c32        0x2 
 .text.tu_edpt_validate
                0x10007c34       0x78 CMakeFiles/HID.dir/C_/Program_Files/Raspberry_Pi/Pico_SDK_v1.5.1/pico-sdk/lib/tinyusb/src/tusb.c.obj
                0x10007c34                tu_edpt_validate
 .text.tu_edpt_bind_driver
                0x10007cac       0x26 CMakeFiles/HID.dir/C_/Program_Files/Raspberry_Pi/Pico_SDK_v1.5.1/pico-sdk/lib/tinyusb/src/tusb.c.obj
                0x10007cac                tu_edpt_bind_driver
 .text.advance_index
                0x10007cd2       0x1a CMakeFiles/HID.dir/C_/Program_Files/Raspberry_Pi/Pico_SDK_v1.5.1/pico-sdk/lib/tinyusb/src/common/tusb_fifo.c.obj
 .text._tu_fifo_peek
                0x10007cec       0x56 CMakeFiles/HID.dir/C_/Program_Files/Raspberry_Pi/Pico_SDK_v1.5.1/pico-sdk/lib/tinyusb/src/common/tusb_fifo.c.obj
 .text.tu_fifo_full
                0x10007d42       0x28 CMakeFiles/HID.dir/C_/Program_Files/Raspberry_Pi/Pico_SDK_v1.5.1/pico-sdk/lib/tinyusb/src/common/tusb_fifo.c.obj
                0x10007d42                tu_fifo_full
 .text.tu_fifo_read
                0x10007d6a       0x42 CMakeFiles/HID.dir/C_/Program_Files/Raspberry_Pi/Pico_SDK_v1.5.1/pico-sdk/lib/tinyusb/src/common/tusb_fifo.c.obj
                0x10007d6a                tu_fifo_read
 .text.tu_fifo_write
                0x10007dac       0x64 CMakeFiles/HID.dir/C_/Program_Files/Raspberry_Pi/Pico_SDK_v1.5.1/pico-sdk/lib/tinyusb/src/common/tusb_fifo.c.obj
                0x10007dac                tu_fifo_write
 .text.tu_fifo_clear
                0x10007e10       0x3e CMakeFiles/HID.dir/C_/Program_Files/Raspberry_Pi/Pico_SDK_v1.5.1/pico-sdk/lib/tinyusb/src/common/tusb_fifo.c.obj
                0x10007e10                tu_fifo_clear
 *fill*         0x10007e4e        0x2 
 .text.board_init
                0x10007e50       0x30 CMakeFiles/HID.dir/C_/Program_Files/Raspberry_Pi/Pico_SDK_v1.5.1/pico-sdk/lib/tinyusb/hw/bsp/rp2040/family.c.obj
                0x10007e50                board_init
 .text.board_led_write
                0x10007e80       0x1c CMakeFiles/HID.dir/C_/Program_Files/Raspberry_Pi/Pico_SDK_v1.5.1/pico-sdk/lib/tinyusb/hw/bsp/rp2040/family.c.obj
                0x10007e80                board_led_write
 .text.board_button_read
                0x10007e9c        0xe CMakeFiles/HID.dir/C_/Program_Files/Raspberry_Pi/Pico_SDK_v1.5.1/pico-sdk/lib/tinyusb/hw/bsp/rp2040/family.c.obj
                0x10007e9c                board_button_read
 *fill*         0x10007eaa        0x2 
 .text.SystemCoreClockUpdate
                0x10007eac       0x14 CMakeFiles/HID.dir/C_/Program_Files/Raspberry_Pi/Pico_SDK_v1.5.1/pico-sdk/src/rp2_common/cmsis/stub/CMSIS/Device/RaspberryPi/RP2040/Source/system_RP2040.c.obj
                0x10007eac                SystemCoreClockUpdate
 .text.SystemInit
                0x10007ec0        0x8 CMakeFiles/HID.dir/C_/Program_Files/Raspberry_Pi/Pico_SDK_v1.5.1/pico-sdk/src/rp2_common/cmsis/stub/CMSIS/Device/RaspberryPi/RP2040/Source/system_RP2040.c.obj
                0x10007ec0                SystemInit
 .text.i2c_write_blocking_internal
                0x10007ec8      0x140 CMakeFiles/HID.dir/C_/Program_Files/Raspberry_Pi/Pico_SDK_v1.5.1/pico-sdk/src/rp2_common/hardware_i2c/i2c.c.obj
 .text.i2c_read_blocking_internal
                0x10008008       0xe6 CMakeFiles/HID.dir/C_/Program_Files/Raspberry_Pi/Pico_SDK_v1.5.1/pico-sdk/src/rp2_common/hardware_i2c/i2c.c.obj
 *fill*         0x100080ee        0x2 
 .text.i2c_set_baudrate
                0x100080f0       0xf0 CMakeFiles/HID.dir/C_/Program_Files/Raspberry_Pi/Pico_SDK_v1.5.1/pico-sdk/src/rp2_common/hardware_i2c/i2c.c.obj
                0x100080f0                i2c_set_baudrate
 .text.i2c_init
                0x100081e0       0x58 CMakeFiles/HID.dir/C_/Program_Files/Raspberry_Pi/Pico_SDK_v1.5.1/pico-sdk/src/rp2_common/hardware_i2c/i2c.c.obj
                0x100081e0                i2c_init
 .text.i2c_write_blocking
                0x10008238       0x18 CMakeFiles/HID.dir/C_/Program_Files/Raspberry_Pi/Pico_SDK_v1.5.1/pico-sdk/src/rp2_common/hardware_i2c/i2c.c.obj
                0x10008238                i2c_write_blocking
 .text.i2c_read_blocking
                0x10008250       0x18 CMakeFiles/HID.dir/C_/Program_Files/Raspberry_Pi/Pico_SDK_v1.5.1/pico-sdk/src/rp2_common/hardware_i2c/i2c.c.obj
                0x10008250                i2c_read_blocking
 .text.itoa     0x10008268       0x30 c:/progra~1/raspbe~1/picosd~1.1/gcc-ar~1/bin/../lib/gcc/arm-none-eabi/10.3.1/../../../../arm-none-eabi/lib/thumb/v6-m/nofp\libg.a(lib_a-itoa.o)
                0x10008268                itoa
 .text.strcat   0x10008298       0x4c c:/progra~1/raspbe~1/picosd~1.1/gcc-ar~1/bin/../lib/gcc/arm-none-eabi/10.3.1/../../../../arm-none-eabi/lib/thumb/v6-m/nofp\libg.a(lib_a-strcat.o)
                0x10008298                strcat
 .text.strcpy   0x100082e4       0x10 c:/progra~1/raspbe~1/picosd~1.1/gcc-ar~1/bin/../lib/gcc/arm-none-eabi/10.3.1/../../../../arm-none-eabi/lib/thumb/v6-m/nofp\libg.a(lib_a-strcpy.o)
                0x100082e4                strcpy
 .text.strlen   0x100082f4       0x5c c:/progra~1/raspbe~1/picosd~1.1/gcc-ar~1/bin/../lib/gcc/arm-none-eabi/10.3.1/../../../../arm-none-eabi/lib/thumb/v6-m/nofp\libg.a(lib_a-strlen-stub.o)
                0x100082f4                strlen
 .text.__utoa   0x10008350       0x80 c:/progra~1/raspbe~1/picosd~1.1/gcc-ar~1/bin/../lib/gcc/arm-none-eabi/10.3.1/../../../../arm-none-eabi/lib/thumb/v6-m/nofp\libg.a(lib_a-utoa.o)
                0x10008350                __utoa
 *(.fini)
 .fini          0x100083d0        0x4 c:/progra~1/raspbe~1/picosd~1.1/gcc-ar~1/bin/../lib/gcc/arm-none-eabi/10.3.1/thumb/v6-m/nofp/crti.o
                0x100083d0                _fini
 *fill*         0x100083d4        0x4 
 .fini.__stub   0x100083d8       0xc0 linker stubs
 *crtbegin.o(.ctors)
 *crtbegin?.o(.ctors)
 *(EXCLUDE_FILE(*crtend.o *crtend?.o) .ctors)
 *(SORT_BY_NAME(.ctors.*))
 *(.ctors)
 *crtbegin.o(.dtors)
 *crtbegin?.o(.dtors)
 *(EXCLUDE_FILE(*crtend.o *crtend?.o) .dtors)
 *(SORT_BY_NAME(.dtors.*))
 *(.dtors)
 *(.eh_frame*)
 .eh_frame      0x10008498        0x0 c:/progra~1/raspbe~1/picosd~1.1/gcc-ar~1/bin/../lib/gcc/arm-none-eabi/10.3.1/thumb/v6-m/nofp/crtbegin.o
                0x10008498                . = ALIGN (0x4)

.glue_7         0x10008498        0x0
 .glue_7        0x10008498        0x0 linker stubs

.glue_7t        0x10008498        0x0
 .glue_7t       0x10008498        0x0 linker stubs

.vfp11_veneer   0x10008498        0x0
 .vfp11_veneer  0x10008498        0x0 linker stubs

.v4_bx          0x10008498        0x0
 .v4_bx         0x10008498        0x0 linker stubs

.iplt           0x10008498        0x0
 .iplt          0x10008498        0x0 c:/progra~1/raspbe~1/picosd~1.1/gcc-ar~1/bin/../lib/gcc/arm-none-eabi/10.3.1/thumb/v6-m/nofp/crtbegin.o

.rodata         0x10008498     0x18a0
 *(EXCLUDE_FILE(*libm.a: *libc.a:*lib_a-mem*.o *libgcc.a:) .rodata*)
 .rodata.str1.4
                0x10008498      0x11d CMakeFiles/HID.dir/main.c.obj
 *fill*         0x100085b5        0x3 
 .rodata.pinConfig.str1.4
                0x100085b8       0x1e CMakeFiles/HID.dir/main.c.obj
 *fill*         0x100085d6        0x2 
 .rodata.begin_systick.str1.4
                0x100085d8       0x33 CMakeFiles/HID.dir/main.c.obj
 *fill*         0x1000860b        0x1 
 .rodata.update_angle.str1.4
                0x1000860c        0x9 CMakeFiles/HID.dir/main.c.obj
 *fill*         0x10008615        0x3 
 .rodata.main.str1.4
                0x10008618       0x71 CMakeFiles/HID.dir/main.c.obj
 *fill*         0x10008689        0x3 
 .rodata        0x1000868c       0x48 CMakeFiles/HID.dir/main.c.obj
 .rodata.__bi_260.1
                0x100086d4        0x8 CMakeFiles/HID.dir/main.c.obj
 .rodata.tud_descriptor_string_cb.str1.4
                0x100086dc       0x11 CMakeFiles/HID.dir/usb_descriptors.c.obj
 *fill*         0x100086ed        0x3 
 .rodata.str1.4
                0x100086f0       0x17 CMakeFiles/HID.dir/usb_descriptors.c.obj
 *fill*         0x10008707        0x1 
 .rodata.__compound_literal.0
                0x10008708        0x2 CMakeFiles/HID.dir/usb_descriptors.c.obj
 *fill*         0x1000870a        0x2 
 .rodata.desc_configuration
                0x1000870c       0x22 CMakeFiles/HID.dir/usb_descriptors.c.obj
                0x1000870c                desc_configuration
 *fill*         0x1000872e        0x2 
 .rodata.desc_device
                0x10008730       0x12 CMakeFiles/HID.dir/usb_descriptors.c.obj
                0x10008730                desc_device
 *fill*         0x10008742        0x2 
 .rodata.desc_hid_report
                0x10008744       0xef CMakeFiles/HID.dir/usb_descriptors.c.obj
                0x10008744                desc_hid_report
 *fill*         0x10008833        0x1 
 .rodata.hid_task.str1.4
                0x10008834       0x7d CMakeFiles/HID.dir/callbacks.c.obj
 *fill*         0x100088b1        0x3 
 .rodata.__func__.0
                0x100088b4       0x15 CMakeFiles/HID.dir/callbacks.c.obj
 *fill*         0x100088c9        0x3 
 .rodata.spin_lock_claim_unused.str1.4
                0x100088cc       0x1b CMakeFiles/HID.dir/C_/Program_Files/Raspberry_Pi/Pico_SDK_v1.5.1/pico-sdk/src/rp2_common/hardware_sync/sync.c.obj
 *fill*         0x100088e7        0x1 
 .rodata.make_branch.str1.4
                0x100088e8       0x89 CMakeFiles/HID.dir/C_/Program_Files/Raspberry_Pi/Pico_SDK_v1.5.1/pico-sdk/src/rp2_common/hardware_irq/irq.c.obj
 *fill*         0x10008971        0x3 
 .rodata.insert_branch_and_link.str1.4
                0x10008974       0x10 CMakeFiles/HID.dir/C_/Program_Files/Raspberry_Pi/Pico_SDK_v1.5.1/pico-sdk/src/rp2_common/hardware_irq/irq.c.obj
 .rodata.irq_set_exclusive_handler.str1.4
                0x10008984       0x36 CMakeFiles/HID.dir/C_/Program_Files/Raspberry_Pi/Pico_SDK_v1.5.1/pico-sdk/src/rp2_common/hardware_irq/irq.c.obj
 *fill*         0x100089ba        0x2 
 .rodata.irq_add_shared_handler.str1.4
                0x100089bc       0xd9 CMakeFiles/HID.dir/C_/Program_Files/Raspberry_Pi/Pico_SDK_v1.5.1/pico-sdk/src/rp2_common/hardware_irq/irq.c.obj
 *fill*         0x10008a95        0x3 
 .rodata.irq_remove_handler.str1.4
                0x10008a98       0x3a CMakeFiles/HID.dir/C_/Program_Files/Raspberry_Pi/Pico_SDK_v1.5.1/pico-sdk/src/rp2_common/hardware_irq/irq.c.obj
 *fill*         0x10008ad2        0x2 
 .rodata.irq_add_tail_to_free_list.str1.4
                0x10008ad4       0x3a CMakeFiles/HID.dir/C_/Program_Files/Raspberry_Pi/Pico_SDK_v1.5.1/pico-sdk/src/rp2_common/hardware_irq/irq.c.obj
 *fill*         0x10008b0e        0x2 
 .rodata.__func__.0
                0x10008b10       0x1a CMakeFiles/HID.dir/C_/Program_Files/Raspberry_Pi/Pico_SDK_v1.5.1/pico-sdk/src/rp2_common/hardware_irq/irq.c.obj
 *fill*         0x10008b2a        0x2 
 .rodata.__func__.1
                0x10008b2c       0x17 CMakeFiles/HID.dir/C_/Program_Files/Raspberry_Pi/Pico_SDK_v1.5.1/pico-sdk/src/rp2_common/hardware_irq/irq.c.obj
 *fill*         0x10008b43        0x1 
 .rodata.__func__.2
                0x10008b44       0x13 CMakeFiles/HID.dir/C_/Program_Files/Raspberry_Pi/Pico_SDK_v1.5.1/pico-sdk/src/rp2_common/hardware_irq/irq.c.obj
 *fill*         0x10008b57        0x1 
 .rodata.__func__.3
                0x10008b58        0xc CMakeFiles/HID.dir/C_/Program_Files/Raspberry_Pi/Pico_SDK_v1.5.1/pico-sdk/src/rp2_common/hardware_irq/irq.c.obj
 .rodata.__func__.4
                0x10008b64        0xf CMakeFiles/HID.dir/C_/Program_Files/Raspberry_Pi/Pico_SDK_v1.5.1/pico-sdk/src/rp2_common/hardware_irq/irq.c.obj
 *fill*         0x10008b73        0x1 
 .rodata.__func__.5
                0x10008b74       0x17 CMakeFiles/HID.dir/C_/Program_Files/Raspberry_Pi/Pico_SDK_v1.5.1/pico-sdk/src/rp2_common/hardware_irq/irq.c.obj
 *fill*         0x10008b8b        0x1 
 .rodata.__func__.6
                0x10008b8c       0x1a CMakeFiles/HID.dir/C_/Program_Files/Raspberry_Pi/Pico_SDK_v1.5.1/pico-sdk/src/rp2_common/hardware_irq/irq.c.obj
 *fill*         0x10008ba6        0x2 
 .rodata.str1.4
                0x10008ba8       0xa5 CMakeFiles/HID.dir/C_/Program_Files/Raspberry_Pi/Pico_SDK_v1.5.1/pico-sdk/src/common/pico_sync/mutex.c.obj
                                0x125 (size before relaxing)
 *fill*         0x10008c4d        0x3 
 .rodata.__func__.1
                0x10008c50        0xb CMakeFiles/HID.dir/C_/Program_Files/Raspberry_Pi/Pico_SDK_v1.5.1/pico-sdk/src/common/pico_sync/mutex.c.obj
 *fill*         0x10008c5b        0x1 
 .rodata.__func__.3
                0x10008c5c       0x18 CMakeFiles/HID.dir/C_/Program_Files/Raspberry_Pi/Pico_SDK_v1.5.1/pico-sdk/src/common/pico_sync/mutex.c.obj
 .rodata.__func__.4
                0x10008c74       0x15 CMakeFiles/HID.dir/C_/Program_Files/Raspberry_Pi/Pico_SDK_v1.5.1/pico-sdk/src/common/pico_sync/mutex.c.obj
 *fill*         0x10008c89        0x3 
 .rodata.repeating_timer_callback.str1.4
                0x10008c8c       0x67 CMakeFiles/HID.dir/C_/Program_Files/Raspberry_Pi/Pico_SDK_v1.5.1/pico-sdk/src/common/pico_time/time.c.obj
 *fill*         0x10008cf3        0x1 
 .rodata.timer_pool_entry_comparator.str1.4
                0x10008cf4       0x22 CMakeFiles/HID.dir/C_/Program_Files/Raspberry_Pi/Pico_SDK_v1.5.1/pico-sdk/src/common/pico_time/time.c.obj
 *fill*         0x10008d16        0x2 
 .rodata.ph_add_child_node.str1.4
                0x10008d18       0xb2 CMakeFiles/HID.dir/C_/Program_Files/Raspberry_Pi/Pico_SDK_v1.5.1/pico-sdk/src/common/pico_time/time.c.obj
 *fill*         0x10008dca        0x2 
 .rodata.add_alarm_under_lock.str1.4
                0x10008dcc       0x28 CMakeFiles/HID.dir/C_/Program_Files/Raspberry_Pi/Pico_SDK_v1.5.1/pico-sdk/src/common/pico_time/time.c.obj
                                 0x2b (size before relaxing)
 .rodata.alarm_pool_alarm_callback.str1.4
                0x10008df4       0x98 CMakeFiles/HID.dir/C_/Program_Files/Raspberry_Pi/Pico_SDK_v1.5.1/pico-sdk/src/common/pico_time/time.c.obj
                                0x118 (size before relaxing)
 .rodata.alarm_pool_get_default.str1.4
                0x10008e8c       0x21 CMakeFiles/HID.dir/C_/Program_Files/Raspberry_Pi/Pico_SDK_v1.5.1/pico-sdk/src/common/pico_time/time.c.obj
 *fill*         0x10008ead        0x3 
 .rodata.alarm_pool_cancel_alarm.str1.4
                0x10008eb0       0x27 CMakeFiles/HID.dir/C_/Program_Files/Raspberry_Pi/Pico_SDK_v1.5.1/pico-sdk/src/common/pico_time/time.c.obj
 *fill*         0x10008ed7        0x1 
 .rodata.sleep_until.str1.4
                0x10008ed8       0x4d CMakeFiles/HID.dir/C_/Program_Files/Raspberry_Pi/Pico_SDK_v1.5.1/pico-sdk/src/common/pico_time/time.c.obj
 *fill*         0x10008f25        0x3 
 .rodata.__func__.1
                0x10008f28       0x18 CMakeFiles/HID.dir/C_/Program_Files/Raspberry_Pi/Pico_SDK_v1.5.1/pico-sdk/src/common/pico_time/time.c.obj
 .rodata.__func__.10
                0x10008f40       0x15 CMakeFiles/HID.dir/C_/Program_Files/Raspberry_Pi/Pico_SDK_v1.5.1/pico-sdk/src/common/pico_time/time.c.obj
 *fill*         0x10008f55        0x3 
 .rodata.__func__.11
                0x10008f58       0x1a CMakeFiles/HID.dir/C_/Program_Files/Raspberry_Pi/Pico_SDK_v1.5.1/pico-sdk/src/common/pico_time/time.c.obj
 *fill*         0x10008f72        0x2 
 .rodata.__func__.12
                0x10008f74        0xa CMakeFiles/HID.dir/C_/Program_Files/Raspberry_Pi/Pico_SDK_v1.5.1/pico-sdk/src/common/pico_time/time.c.obj
 *fill*         0x10008f7e        0x2 
 .rodata.__func__.3
                0x10008f80       0x17 CMakeFiles/HID.dir/C_/Program_Files/Raspberry_Pi/Pico_SDK_v1.5.1/pico-sdk/src/common/pico_time/time.c.obj
 *fill*         0x10008f97        0x1 
 .rodata.__func__.4
                0x10008f98       0x12 CMakeFiles/HID.dir/C_/Program_Files/Raspberry_Pi/Pico_SDK_v1.5.1/pico-sdk/src/common/pico_time/time.c.obj
 *fill*         0x10008faa        0x2 
 .rodata.__func__.5
                0x10008fac        0xd CMakeFiles/HID.dir/C_/Program_Files/Raspberry_Pi/Pico_SDK_v1.5.1/pico-sdk/src/common/pico_time/time.c.obj
 *fill*         0x10008fb9        0x3 
 .rodata.__func__.6
                0x10008fbc       0x12 CMakeFiles/HID.dir/C_/Program_Files/Raspberry_Pi/Pico_SDK_v1.5.1/pico-sdk/src/common/pico_time/time.c.obj
 *fill*         0x10008fce        0x2 
 .rodata.__func__.7
                0x10008fd0        0xf CMakeFiles/HID.dir/C_/Program_Files/Raspberry_Pi/Pico_SDK_v1.5.1/pico-sdk/src/common/pico_time/time.c.obj
 *fill*         0x10008fdf        0x1 
 .rodata.__func__.8
                0x10008fe0        0xc CMakeFiles/HID.dir/C_/Program_Files/Raspberry_Pi/Pico_SDK_v1.5.1/pico-sdk/src/common/pico_time/time.c.obj
 .rodata.__func__.9
                0x10008fec       0x15 CMakeFiles/HID.dir/C_/Program_Files/Raspberry_Pi/Pico_SDK_v1.5.1/pico-sdk/src/common/pico_time/time.c.obj
 *fill*         0x10009001        0x3 
 .rodata.hardware_alarm_claim.str1.4
                0x10009004       0x22 CMakeFiles/HID.dir/C_/Program_Files/Raspberry_Pi/Pico_SDK_v1.5.1/pico-sdk/src/rp2_common/hardware_timer/timer.c.obj
 .rodata.busy_wait_us.str1.4
                0x10009026       0x7d CMakeFiles/HID.dir/C_/Program_Files/Raspberry_Pi/Pico_SDK_v1.5.1/pico-sdk/src/rp2_common/hardware_timer/timer.c.obj
 *fill*         0x10009026        0x2 
 .rodata.hardware_alarm_set_target.str1.4
                0x10009028       0x81 CMakeFiles/HID.dir/C_/Program_Files/Raspberry_Pi/Pico_SDK_v1.5.1/pico-sdk/src/rp2_common/hardware_timer/timer.c.obj
 *fill*         0x100090a9        0x3 
 .rodata.__func__.0
                0x100090ac       0x1a CMakeFiles/HID.dir/C_/Program_Files/Raspberry_Pi/Pico_SDK_v1.5.1/pico-sdk/src/rp2_common/hardware_timer/timer.c.obj
 *fill*         0x100090c6        0x2 
 .rodata.__func__.1
                0x100090c8       0x15 CMakeFiles/HID.dir/C_/Program_Files/Raspberry_Pi/Pico_SDK_v1.5.1/pico-sdk/src/rp2_common/hardware_timer/timer.c.obj
 .rodata.ph_add_child_node.str1.4
                0x100090dd       0xb2 CMakeFiles/HID.dir/C_/Program_Files/Raspberry_Pi/Pico_SDK_v1.5.1/pico-sdk/src/common/pico_util/pheap.c.obj
 *fill*         0x100090dd        0x3 
 .rodata.ph_remove_any_head.str1.4
                0x100090e0       0xa8 CMakeFiles/HID.dir/C_/Program_Files/Raspberry_Pi/Pico_SDK_v1.5.1/pico-sdk/src/common/pico_util/pheap.c.obj
                                 0xbc (size before relaxing)
 .rodata.ph_remove_and_free_node.str1.4
                0x10009188       0x1e CMakeFiles/HID.dir/C_/Program_Files/Raspberry_Pi/Pico_SDK_v1.5.1/pico-sdk/src/common/pico_util/pheap.c.obj
                                 0x26 (size before relaxing)
 *fill*         0x100091a6        0x2 
 .rodata.__func__.0
                0x100091a8       0x18 CMakeFiles/HID.dir/C_/Program_Files/Raspberry_Pi/Pico_SDK_v1.5.1/pico-sdk/src/common/pico_util/pheap.c.obj
 .rodata.__func__.1
                0x100091c0       0x13 CMakeFiles/HID.dir/C_/Program_Files/Raspberry_Pi/Pico_SDK_v1.5.1/pico-sdk/src/common/pico_util/pheap.c.obj
 *fill*         0x100091d3        0x1 
 .rodata.__func__.2
                0x100091d4       0x12 CMakeFiles/HID.dir/C_/Program_Files/Raspberry_Pi/Pico_SDK_v1.5.1/pico-sdk/src/common/pico_util/pheap.c.obj
 *fill*         0x100091e6        0x2 
 .rodata.__func__.3
                0x100091e8        0xc CMakeFiles/HID.dir/C_/Program_Files/Raspberry_Pi/Pico_SDK_v1.5.1/pico-sdk/src/common/pico_util/pheap.c.obj
 .rodata.clock_configure.str1.4
                0x100091f4       0x73 CMakeFiles/HID.dir/C_/Program_Files/Raspberry_Pi/Pico_SDK_v1.5.1/pico-sdk/src/rp2_common/hardware_clocks/clocks.c.obj
 *fill*         0x10009267        0x1 
 .rodata.__func__.1
                0x10009268       0x10 CMakeFiles/HID.dir/C_/Program_Files/Raspberry_Pi/Pico_SDK_v1.5.1/pico-sdk/src/rp2_common/hardware_clocks/clocks.c.obj
 .rodata.pll_init.str1.4
                0x10009278      0x140 CMakeFiles/HID.dir/C_/Program_Files/Raspberry_Pi/Pico_SDK_v1.5.1/pico-sdk/src/rp2_common/hardware_pll/pll.c.obj
 .rodata.__func__.0
                0x100093b8        0x9 CMakeFiles/HID.dir/C_/Program_Files/Raspberry_Pi/Pico_SDK_v1.5.1/pico-sdk/src/rp2_common/hardware_pll/pll.c.obj
 *fill*         0x100093c1        0x3 
 .rodata.__assert_func.str1.4
                0x100093c4       0x3f CMakeFiles/HID.dir/C_/Program_Files/Raspberry_Pi/Pico_SDK_v1.5.1/pico-sdk/src/rp2_common/pico_runtime/runtime.c.obj
                                 0x43 (size before relaxing)
 *fill*         0x10009403        0x1 
 .rodata.runtime_init.str1.4
                0x10009404       0x7d CMakeFiles/HID.dir/C_/Program_Files/Raspberry_Pi/Pico_SDK_v1.5.1/pico-sdk/src/rp2_common/pico_runtime/runtime.c.obj
 *fill*         0x10009481        0x3 
 .rodata.panic.str1.4
                0x10009484       0x12 CMakeFiles/HID.dir/C_/Program_Files/Raspberry_Pi/Pico_SDK_v1.5.1/pico-sdk/src/rp2_common/pico_runtime/runtime.c.obj
 *fill*         0x10009496        0x2 
 .rodata.__func__.2
                0x10009498        0xd CMakeFiles/HID.dir/C_/Program_Files/Raspberry_Pi/Pico_SDK_v1.5.1/pico-sdk/src/rp2_common/pico_runtime/runtime.c.obj
 *fill*         0x100094a5        0x3 
 .rodata._ftoa.str1.4
                0x100094a8       0x15 CMakeFiles/HID.dir/C_/Program_Files/Raspberry_Pi/Pico_SDK_v1.5.1/pico-sdk/src/rp2_common/pico_printf/printf.c.obj
 *fill*         0x100094bd        0x3 
 .rodata._vsnprintf
                0x100094c0      0x1e0 CMakeFiles/HID.dir/C_/Program_Files/Raspberry_Pi/Pico_SDK_v1.5.1/pico-sdk/src/rp2_common/pico_printf/printf.c.obj
 .rodata.pow10.0
                0x100096a0       0x50 CMakeFiles/HID.dir/C_/Program_Files/Raspberry_Pi/Pico_SDK_v1.5.1/pico-sdk/src/rp2_common/pico_printf/printf.c.obj
 .rodata.__aeabi_double_init.str1.4
                0x100096f0       0xb8 CMakeFiles/HID.dir/C_/Program_Files/Raspberry_Pi/Pico_SDK_v1.5.1/pico-sdk/src/rp2_common/pico_double/double_init_rom.c.obj
 .rodata.__func__.0
                0x100097a8       0x14 CMakeFiles/HID.dir/C_/Program_Files/Raspberry_Pi/Pico_SDK_v1.5.1/pico-sdk/src/rp2_common/pico_double/double_init_rom.c.obj
 .rodata.__aeabi_float_init.str1.4
                0x100097bc       0x96 CMakeFiles/HID.dir/C_/Program_Files/Raspberry_Pi/Pico_SDK_v1.5.1/pico-sdk/src/rp2_common/pico_float/float_init_rom.c.obj
                                 0x9a (size before relaxing)
 *fill*         0x10009852        0x2 
 .rodata.__func__.0
                0x10009854       0x13 CMakeFiles/HID.dir/C_/Program_Files/Raspberry_Pi/Pico_SDK_v1.5.1/pico-sdk/src/rp2_common/pico_float/float_init_rom.c.obj
 *fill*         0x10009867        0x1 
 .rodata.str1.4
                0x10009868       0x38 CMakeFiles/HID.dir/C_/Program_Files/Raspberry_Pi/Pico_SDK_v1.5.1/pico-sdk/src/rp2_common/pico_standard_link/binary_info.c.obj
 .rodata.__bi_44
                0x100098a0        0xc CMakeFiles/HID.dir/C_/Program_Files/Raspberry_Pi/Pico_SDK_v1.5.1/pico-sdk/src/rp2_common/pico_standard_link/binary_info.c.obj
 .rodata.__bi_75
                0x100098ac        0xc CMakeFiles/HID.dir/C_/Program_Files/Raspberry_Pi/Pico_SDK_v1.5.1/pico-sdk/src/rp2_common/pico_standard_link/binary_info.c.obj
 .rodata.__bi_81
                0x100098b8        0xc CMakeFiles/HID.dir/C_/Program_Files/Raspberry_Pi/Pico_SDK_v1.5.1/pico-sdk/src/rp2_common/pico_standard_link/binary_info.c.obj
 .rodata.stdout_serialize_begin.str1.4
                0x100098c4       0x7d CMakeFiles/HID.dir/C_/Program_Files/Raspberry_Pi/Pico_SDK_v1.5.1/pico-sdk/src/rp2_common/pico_stdio/stdio.c.obj
 .rodata.__func__.3
                0x100098c4       0x15 CMakeFiles/HID.dir/C_/Program_Files/Raspberry_Pi/Pico_SDK_v1.5.1/pico-sdk/src/rp2_common/pico_stdio/stdio.c.obj
 *fill*         0x100098d9        0x3 
 .rodata.crlf_str.2
                0x100098dc        0x2 CMakeFiles/HID.dir/C_/Program_Files/Raspberry_Pi/Pico_SDK_v1.5.1/pico-sdk/src/rp2_common/pico_stdio/stdio.c.obj
 *fill*         0x100098de        0x2 
 .rodata.str1.4
                0x100098e0       0x2c CMakeFiles/HID.dir/C_/Program_Files/Raspberry_Pi/Pico_SDK_v1.5.1/pico-sdk/src/rp2_common/pico_stdio_uart/stdio_uart.c.obj
 .rodata.__bi_33.4
                0x1000990c        0xc CMakeFiles/HID.dir/C_/Program_Files/Raspberry_Pi/Pico_SDK_v1.5.1/pico-sdk/src/rp2_common/pico_stdio_uart/stdio_uart.c.obj
 .rodata.__bi_34.5
                0x10009918        0x8 CMakeFiles/HID.dir/C_/Program_Files/Raspberry_Pi/Pico_SDK_v1.5.1/pico-sdk/src/rp2_common/pico_stdio_uart/stdio_uart.c.obj
 .rodata._hw_endpoint_alloc.str1.4
                0x10009920       0xd1 CMakeFiles/HID.dir/C_/Program_Files/Raspberry_Pi/Pico_SDK_v1.5.1/pico-sdk/lib/tinyusb/src/portable/raspberrypi/rp2040/dcd_rp2040.c.obj
 *fill*         0x100099f1        0x3 
 .rodata.str1.4
                0x100099f4       0x14 CMakeFiles/HID.dir/C_/Program_Files/Raspberry_Pi/Pico_SDK_v1.5.1/pico-sdk/lib/tinyusb/src/portable/raspberrypi/rp2040/dcd_rp2040.c.obj
 .rodata.dcd_int_enable.str1.4
                0x10009a08        0xc CMakeFiles/HID.dir/C_/Program_Files/Raspberry_Pi/Pico_SDK_v1.5.1/pico-sdk/lib/tinyusb/src/portable/raspberrypi/rp2040/dcd_rp2040.c.obj
 .rodata.__func__.0
                0x10009a14        0xe CMakeFiles/HID.dir/C_/Program_Files/Raspberry_Pi/Pico_SDK_v1.5.1/pico-sdk/lib/tinyusb/src/portable/raspberrypi/rp2040/dcd_rp2040.c.obj
 *fill*         0x10009a22        0x2 
 .rodata.__func__.1
                0x10009a24        0xe CMakeFiles/HID.dir/C_/Program_Files/Raspberry_Pi/Pico_SDK_v1.5.1/pico-sdk/lib/tinyusb/src/portable/raspberrypi/rp2040/dcd_rp2040.c.obj
 *fill*         0x10009a32        0x2 
 .rodata.__func__.2
                0x10009a34       0x12 CMakeFiles/HID.dir/C_/Program_Files/Raspberry_Pi/Pico_SDK_v1.5.1/pico-sdk/lib/tinyusb/src/portable/raspberrypi/rp2040/dcd_rp2040.c.obj
 *fill*         0x10009a46        0x2 
 .rodata.__func__.3
                0x10009a48       0x10 CMakeFiles/HID.dir/C_/Program_Files/Raspberry_Pi/Pico_SDK_v1.5.1/pico-sdk/lib/tinyusb/src/portable/raspberrypi/rp2040/dcd_rp2040.c.obj
 .rodata.__func__.5
                0x10009a58        0xf CMakeFiles/HID.dir/C_/Program_Files/Raspberry_Pi/Pico_SDK_v1.5.1/pico-sdk/lib/tinyusb/src/portable/raspberrypi/rp2040/dcd_rp2040.c.obj
 *fill*         0x10009a67        0x1 
 .rodata.__func__.6
                0x10009a68       0x13 CMakeFiles/HID.dir/C_/Program_Files/Raspberry_Pi/Pico_SDK_v1.5.1/pico-sdk/lib/tinyusb/src/portable/raspberrypi/rp2040/dcd_rp2040.c.obj
 *fill*         0x10009a7b        0x1 
 .rodata.__func__.7
                0x10009a7c        0x9 CMakeFiles/HID.dir/C_/Program_Files/Raspberry_Pi/Pico_SDK_v1.5.1/pico-sdk/lib/tinyusb/src/portable/raspberrypi/rp2040/dcd_rp2040.c.obj
 *fill*         0x10009a85        0x3 
 .rodata.str1.4
                0x10009a88       0xf9 CMakeFiles/HID.dir/C_/Program_Files/Raspberry_Pi/Pico_SDK_v1.5.1/pico-sdk/lib/tinyusb/src/portable/raspberrypi/rp2040/rp2040_usb.c.obj
                                0x103 (size before relaxing)
 *fill*         0x10009b81        0x3 
 .rodata.__func__.0
                0x10009b84        0xf CMakeFiles/HID.dir/C_/Program_Files/Raspberry_Pi/Pico_SDK_v1.5.1/pico-sdk/lib/tinyusb/src/portable/raspberrypi/rp2040/rp2040_usb.c.obj
 *fill*         0x10009b93        0x1 
 .rodata.process_get_descriptor
                0x10009b94       0x40 CMakeFiles/HID.dir/C_/Program_Files/Raspberry_Pi/Pico_SDK_v1.5.1/pico-sdk/lib/tinyusb/src/device/usbd.c.obj
 .rodata.process_control_request
                0x10009bd4       0x28 CMakeFiles/HID.dir/C_/Program_Files/Raspberry_Pi/Pico_SDK_v1.5.1/pico-sdk/lib/tinyusb/src/device/usbd.c.obj
 .rodata.tud_task_ext
                0x10009bfc       0x24 CMakeFiles/HID.dir/C_/Program_Files/Raspberry_Pi/Pico_SDK_v1.5.1/pico-sdk/lib/tinyusb/src/device/usbd.c.obj
 .rodata._usbd_driver
                0x10009c20       0x18 CMakeFiles/HID.dir/C_/Program_Files/Raspberry_Pi/Pico_SDK_v1.5.1/pico-sdk/lib/tinyusb/src/device/usbd.c.obj
 .rodata.hidd_control_xfer_cb
                0x10009c38       0x30 CMakeFiles/HID.dir/C_/Program_Files/Raspberry_Pi/Pico_SDK_v1.5.1/pico-sdk/lib/tinyusb/src/class/hid/hid_device.c.obj
 .rodata.str1.4
                0x10009c68        0x4 CMakeFiles/HID.dir/C_/Program_Files/Raspberry_Pi/Pico_SDK_v1.5.1/pico-sdk/lib/tinyusb/hw/bsp/rp2040/family.c.obj
 .rodata.__bi_142.0
                0x10009c6c        0xc CMakeFiles/HID.dir/C_/Program_Files/Raspberry_Pi/Pico_SDK_v1.5.1/pico-sdk/lib/tinyusb/hw/bsp/rp2040/family.c.obj
 .rodata.__bi_152.1
                0x10009c78        0x8 CMakeFiles/HID.dir/C_/Program_Files/Raspberry_Pi/Pico_SDK_v1.5.1/pico-sdk/lib/tinyusb/hw/bsp/rp2040/family.c.obj
 .rodata.i2c_set_baudrate.str1.4
                0x10009c80       0x79 CMakeFiles/HID.dir/C_/Program_Files/Raspberry_Pi/Pico_SDK_v1.5.1/pico-sdk/src/rp2_common/hardware_i2c/i2c.c.obj
 *fill*         0x10009cf9        0x3 
 .rodata.__func__.0
                0x10009cfc       0x11 CMakeFiles/HID.dir/C_/Program_Files/Raspberry_Pi/Pico_SDK_v1.5.1/pico-sdk/src/rp2_common/hardware_i2c/i2c.c.obj
 *fill*         0x10009d0d        0x3 
 .rodata.__utoa.str1.4
                0x10009d10       0x25 c:/progra~1/raspbe~1/picosd~1.1/gcc-ar~1/bin/../lib/gcc/arm-none-eabi/10.3.1/../../../../arm-none-eabi/lib/thumb/v6-m/nofp\libg.a(lib_a-utoa.o)
                0x10009d38                . = ALIGN (0x4)
 *fill*         0x10009d35        0x3 
 *(SORT_BY_ALIGNMENT(SORT_BY_NAME(.flashdata*)))
                0x10009d38                . = ALIGN (0x4)

.ARM.extab
 *(.ARM.extab* .gnu.linkonce.armextab.*)
                0x10009d38                __exidx_start = .

.ARM.exidx
 *(.ARM.exidx* .gnu.linkonce.armexidx.*)
                0x10009d38                __exidx_end = .
                0x10009d38                . = ALIGN (0x4)
                0x10009d38                __binary_info_start = .

.binary_info    0x10009d38       0x30
 *(.binary_info.keep.*)
 .binary_info.keep.__bi_ptr260
                0x10009d38        0x4 CMakeFiles/HID.dir/main.c.obj
 .binary_info.keep.__bi_ptr22
                0x10009d3c        0x4 CMakeFiles/HID.dir/C_/Program_Files/Raspberry_Pi/Pico_SDK_v1.5.1/pico-sdk/src/rp2_common/pico_standard_link/binary_info.c.obj
 .binary_info.keep.__bi_ptr30
                0x10009d40        0x4 CMakeFiles/HID.dir/C_/Program_Files/Raspberry_Pi/Pico_SDK_v1.5.1/pico-sdk/src/rp2_common/pico_standard_link/binary_info.c.obj
 .binary_info.keep.__bi_ptr38
                0x10009d44        0x4 CMakeFiles/HID.dir/C_/Program_Files/Raspberry_Pi/Pico_SDK_v1.5.1/pico-sdk/src/rp2_common/pico_standard_link/binary_info.c.obj
 .binary_info.keep.__bi_ptr44
                0x10009d48        0x4 CMakeFiles/HID.dir/C_/Program_Files/Raspberry_Pi/Pico_SDK_v1.5.1/pico-sdk/src/rp2_common/pico_standard_link/binary_info.c.obj
 .binary_info.keep.__bi_ptr50
                0x10009d4c        0x4 CMakeFiles/HID.dir/C_/Program_Files/Raspberry_Pi/Pico_SDK_v1.5.1/pico-sdk/src/rp2_common/pico_standard_link/binary_info.c.obj
 .binary_info.keep.__bi_ptr75
                0x10009d50        0x4 CMakeFiles/HID.dir/C_/Program_Files/Raspberry_Pi/Pico_SDK_v1.5.1/pico-sdk/src/rp2_common/pico_standard_link/binary_info.c.obj
 .binary_info.keep.__bi_ptr81
                0x10009d54        0x4 CMakeFiles/HID.dir/C_/Program_Files/Raspberry_Pi/Pico_SDK_v1.5.1/pico-sdk/src/rp2_common/pico_standard_link/binary_info.c.obj
 .binary_info.keep.__bi_ptr142
                0x10009d58        0x4 CMakeFiles/HID.dir/C_/Program_Files/Raspberry_Pi/Pico_SDK_v1.5.1/pico-sdk/lib/tinyusb/hw/bsp/rp2040/family.c.obj
 .binary_info.keep.__bi_ptr152
                0x10009d5c        0x4 CMakeFiles/HID.dir/C_/Program_Files/Raspberry_Pi/Pico_SDK_v1.5.1/pico-sdk/lib/tinyusb/hw/bsp/rp2040/family.c.obj
 *(.binary_info.*)
 .binary_info.__bi_ptr33
                0x10009d60        0x4 CMakeFiles/HID.dir/C_/Program_Files/Raspberry_Pi/Pico_SDK_v1.5.1/pico-sdk/src/rp2_common/pico_stdio_uart/stdio_uart.c.obj
 .binary_info.__bi_ptr34
                0x10009d64        0x4 CMakeFiles/HID.dir/C_/Program_Files/Raspberry_Pi/Pico_SDK_v1.5.1/pico-sdk/src/rp2_common/pico_stdio_uart/stdio_uart.c.obj
                0x10009d68                __binary_info_end = .

.rel.dyn        0x10009d68        0x0
 .rel.iplt      0x10009d68        0x0 c:/progra~1/raspbe~1/picosd~1.1/gcc-ar~1/bin/../lib/gcc/arm-none-eabi/10.3.1/thumb/v6-m/nofp/crtbegin.o
                0x10009d68                . = ALIGN (0x4)

.ram_vector_table
                0x20000000       0xc0
 *(.ram_vector_table)
 .ram_vector_table
                0x20000000       0xc0 CMakeFiles/HID.dir/C_/Program_Files/Raspberry_Pi/Pico_SDK_v1.5.1/pico-sdk/src/rp2_common/pico_runtime/runtime.c.obj
                0x20000000                ram_vector_table

.data           0x200000c0      0xb80 load address 0x10009d68
                0x200000c0                __data_start__ = .
 *(vtable)
 *(.time_critical*)
 .time_critical.mutex_try_enter
                0x200000c0       0x46 CMakeFiles/HID.dir/C_/Program_Files/Raspberry_Pi/Pico_SDK_v1.5.1/pico-sdk/src/common/pico_sync/mutex.c.obj
                0x200000c0                mutex_try_enter
 *fill*         0x20000106        0x2 
 .time_critical.mutex_enter_block_until
                0x20000108       0x8c CMakeFiles/HID.dir/C_/Program_Files/Raspberry_Pi/Pico_SDK_v1.5.1/pico-sdk/src/common/pico_sync/mutex.c.obj
                0x20000108                mutex_enter_block_until
 .time_critical.mutex_try_enter_block_until
                0x20000194       0x34 CMakeFiles/HID.dir/C_/Program_Files/Raspberry_Pi/Pico_SDK_v1.5.1/pico-sdk/src/common/pico_sync/mutex.c.obj
                0x20000194                mutex_try_enter_block_until
 .time_critical.mutex_enter_timeout_ms
                0x200001c8       0x68 CMakeFiles/HID.dir/C_/Program_Files/Raspberry_Pi/Pico_SDK_v1.5.1/pico-sdk/src/common/pico_sync/mutex.c.obj
                0x200001c8                mutex_enter_timeout_ms
 .time_critical.mutex_exit
                0x20000230       0x4c CMakeFiles/HID.dir/C_/Program_Files/Raspberry_Pi/Pico_SDK_v1.5.1/pico-sdk/src/common/pico_sync/mutex.c.obj
                0x20000230                mutex_exit
 .time_critical.reset_non_control_endpoints
                0x2000027c       0x40 CMakeFiles/HID.dir/C_/Program_Files/Raspberry_Pi/Pico_SDK_v1.5.1/pico-sdk/lib/tinyusb/src/portable/raspberrypi/rp2040/dcd_rp2040.c.obj
 .time_critical.hw_handle_buff_status
                0x200002bc       0xa4 CMakeFiles/HID.dir/C_/Program_Files/Raspberry_Pi/Pico_SDK_v1.5.1/pico-sdk/lib/tinyusb/src/portable/raspberrypi/rp2040/dcd_rp2040.c.obj
 .time_critical.dcd_rp2040_irq
                0x20000360      0x1cc CMakeFiles/HID.dir/C_/Program_Files/Raspberry_Pi/Pico_SDK_v1.5.1/pico-sdk/lib/tinyusb/src/portable/raspberrypi/rp2040/dcd_rp2040.c.obj
 .time_critical.e15_is_bulkin_ep
                0x2000052c       0x2c CMakeFiles/HID.dir/C_/Program_Files/Raspberry_Pi/Pico_SDK_v1.5.1/pico-sdk/lib/tinyusb/src/portable/raspberrypi/rp2040/rp2040_usb.c.obj
 .time_critical.e15_is_critical_frame_period
                0x20000558       0x30 CMakeFiles/HID.dir/C_/Program_Files/Raspberry_Pi/Pico_SDK_v1.5.1/pico-sdk/lib/tinyusb/src/portable/raspberrypi/rp2040/rp2040_usb.c.obj
 .time_critical.prepare_ep_buffer
                0x20000588       0x70 CMakeFiles/HID.dir/C_/Program_Files/Raspberry_Pi/Pico_SDK_v1.5.1/pico-sdk/lib/tinyusb/src/portable/raspberrypi/rp2040/rp2040_usb.c.obj
 .time_critical.sync_ep_buffer
                0x200005f8       0x80 CMakeFiles/HID.dir/C_/Program_Files/Raspberry_Pi/Pico_SDK_v1.5.1/pico-sdk/lib/tinyusb/src/portable/raspberrypi/rp2040/rp2040_usb.c.obj
 .time_critical._hw_endpoint_xfer_sync
                0x20000678       0x28 CMakeFiles/HID.dir/C_/Program_Files/Raspberry_Pi/Pico_SDK_v1.5.1/pico-sdk/lib/tinyusb/src/portable/raspberrypi/rp2040/rp2040_usb.c.obj
 .time_critical.hw_endpoint_reset_transfer
                0x200006a0        0xc CMakeFiles/HID.dir/C_/Program_Files/Raspberry_Pi/Pico_SDK_v1.5.1/pico-sdk/lib/tinyusb/src/portable/raspberrypi/rp2040/rp2040_usb.c.obj
                0x200006a0                hw_endpoint_reset_transfer
 .time_critical._hw_endpoint_buffer_control_update32
                0x200006ac       0x58 CMakeFiles/HID.dir/C_/Program_Files/Raspberry_Pi/Pico_SDK_v1.5.1/pico-sdk/lib/tinyusb/src/portable/raspberrypi/rp2040/rp2040_usb.c.obj
                0x200006ac                _hw_endpoint_buffer_control_update32
 .time_critical.hw_endpoint_start_next_buffer
                0x20000704       0x88 CMakeFiles/HID.dir/C_/Program_Files/Raspberry_Pi/Pico_SDK_v1.5.1/pico-sdk/lib/tinyusb/src/portable/raspberrypi/rp2040/rp2040_usb.c.obj
                0x20000704                hw_endpoint_start_next_buffer
 .time_critical.hw_endpoint_xfer_continue
                0x2000078c       0x50 CMakeFiles/HID.dir/C_/Program_Files/Raspberry_Pi/Pico_SDK_v1.5.1/pico-sdk/lib/tinyusb/src/portable/raspberrypi/rp2040/rp2040_usb.c.obj
                0x2000078c                hw_endpoint_xfer_continue
 .time_critical.tinyusb
                0x200007dc      0x200 CMakeFiles/HID.dir/C_/Program_Files/Raspberry_Pi/Pico_SDK_v1.5.1/pico-sdk/lib/tinyusb/src/device/usbd.c.obj
                0x200007dc                dcd_event_handler
 .time_critical.get_bootsel_button
                0x200009dc       0x60 CMakeFiles/HID.dir/C_/Program_Files/Raspberry_Pi/Pico_SDK_v1.5.1/pico-sdk/lib/tinyusb/hw/bsp/rp2040/family.c.obj
                0x200009dc                get_bootsel_button
 *(.text*)
 .text          0x20000a3c        0x4 c:/progra~1/raspbe~1/picosd~1.1/gcc-ar~1/bin/../lib/gcc/arm-none-eabi/10.3.1/thumb/v6-m/nofp\libgcc.a(_dvmd_tls.o)
                0x20000a3c                __aeabi_idiv0