Archive member included to satisfy reference by file (symbol)

c:/progra~1/raspbe~1/picosd~1.1/gcc-ar~1/bin/../lib/gcc/arm-none-eabi/10.3.1/thumb/v6-m/nofp\libgcc.a(_dvmd_tls.o)
                              CMakeFiles/MainBoard.dir/C_/Program_Files/Raspberry_Pi/Pico_SDK_v1.5.1/pico-sdk/src/rp2_common/pico_divider/divider.S.obj (__aeabi_idiv0)
c:/progra~1/raspbe~1/picosd~1.1/gcc-ar~1/bin/../lib/gcc/arm-none-eabi/10.3.1/../../../../arm-none-eabi/lib/thumb/v6-m/nofp\libg.a(lib_a-calloc.o)
                              CMakeFiles/MainBoard.dir/C_/Program_Files/Raspberry_Pi/Pico_SDK_v1.5.1/pico-sdk/src/rp2_common/pico_malloc/pico_malloc.c.obj (calloc)
c:/progra~1/raspbe~1/picosd~1.1/gcc-ar~1/bin/../lib/gcc/arm-none-eabi/10.3.1/../../../../arm-none-eabi/lib/thumb/v6-m/nofp\libg.a(lib_a-callocr.o)
                              c:/progra~1/raspbe~1/picosd~1.1/gcc-ar~1/bin/../lib/gcc/arm-none-eabi/10.3.1/../../../../arm-none-eabi/lib/thumb/v6-m/nofp\libg.a(lib_a-calloc.o) (_calloc_r)
c:/progra~1/raspbe~1/picosd~1.1/gcc-ar~1/bin/../lib/gcc/arm-none-eabi/10.3.1/../../../../arm-none-eabi/lib/thumb/v6-m/nofp\libg.a(lib_a-errno.o)
                              c:/progra~1/raspbe~1/picosd~1.1/gcc-ar~1/bin/../lib/gcc/arm-none-eabi/10.3.1/../../../../arm-none-eabi/lib/thumb/v6-m/nofp\libg.a(lib_a-callocr.o) (__errno)
c:/progra~1/raspbe~1/picosd~1.1/gcc-ar~1/bin/../lib/gcc/arm-none-eabi/10.3.1/../../../../arm-none-eabi/lib/thumb/v6-m/nofp\libg.a(lib_a-impure.o)
                              c:/progra~1/raspbe~1/picosd~1.1/gcc-ar~1/bin/../lib/gcc/arm-none-eabi/10.3.1/../../../../arm-none-eabi/lib/thumb/v6-m/nofp\libg.a(lib_a-calloc.o) (_impure_ptr)
c:/progra~1/raspbe~1/picosd~1.1/gcc-ar~1/bin/../lib/gcc/arm-none-eabi/10.3.1/../../../../arm-none-eabi/lib/thumb/v6-m/nofp\libg.a(lib_a-init.o)
                              c:/progra~1/raspbe~1/picosd~1.1/gcc-ar~1/bin/../lib/gcc/arm-none-eabi/10.3.1/../../../../arm-none-eabi/lib/thumb/v6-m/nofp/crt0.o (__libc_init_array)
c:/progra~1/raspbe~1/picosd~1.1/gcc-ar~1/bin/../lib/gcc/arm-none-eabi/10.3.1/../../../../arm-none-eabi/lib/thumb/v6-m/nofp\libg.a(lib_a-itoa.o)
                              CMakeFiles/MainBoard.dir/main.c.obj (itoa)
c:/progra~1/raspbe~1/picosd~1.1/gcc-ar~1/bin/../lib/gcc/arm-none-eabi/10.3.1/../../../../arm-none-eabi/lib/thumb/v6-m/nofp\libg.a(lib_a-malloc.o)
                              CMakeFiles/MainBoard.dir/C_/Program_Files/Raspberry_Pi/Pico_SDK_v1.5.1/pico-sdk/src/rp2_common/pico_malloc/pico_malloc.c.obj (malloc)
c:/progra~1/raspbe~1/picosd~1.1/gcc-ar~1/bin/../lib/gcc/arm-none-eabi/10.3.1/../../../../arm-none-eabi/lib/thumb/v6-m/nofp\libg.a(lib_a-mallocr.o)
                              c:/progra~1/raspbe~1/picosd~1.1/gcc-ar~1/bin/../lib/gcc/arm-none-eabi/10.3.1/../../../../arm-none-eabi/lib/thumb/v6-m/nofp\libg.a(lib_a-callocr.o) (_malloc_r)
c:/progra~1/raspbe~1/picosd~1.1/gcc-ar~1/bin/../lib/gcc/arm-none-eabi/10.3.1/../../../../arm-none-eabi/lib/thumb/v6-m/nofp\libg.a(lib_a-mlock.o)
                              c:/progra~1/raspbe~1/picosd~1.1/gcc-ar~1/bin/../lib/gcc/arm-none-eabi/10.3.1/../../../../arm-none-eabi/lib/thumb/v6-m/nofp\libg.a(lib_a-mallocr.o) (__malloc_lock)
c:/progra~1/raspbe~1/picosd~1.1/gcc-ar~1/bin/../lib/gcc/arm-none-eabi/10.3.1/../../../../arm-none-eabi/lib/thumb/v6-m/nofp\libg.a(lib_a-realloc.o)
                              CMakeFiles/MainBoard.dir/C_/Program_Files/Raspberry_Pi/Pico_SDK_v1.5.1/pico-sdk/src/rp2_common/pico_malloc/pico_malloc.c.obj (realloc)
c:/progra~1/raspbe~1/picosd~1.1/gcc-ar~1/bin/../lib/gcc/arm-none-eabi/10.3.1/../../../../arm-none-eabi/lib/thumb/v6-m/nofp\libg.a(lib_a-reallocr.o)
                              c:/progra~1/raspbe~1/picosd~1.1/gcc-ar~1/bin/../lib/gcc/arm-none-eabi/10.3.1/../../../../arm-none-eabi/lib/thumb/v6-m/nofp\libg.a(lib_a-realloc.o) (_realloc_r)
c:/progra~1/raspbe~1/picosd~1.1/gcc-ar~1/bin/../lib/gcc/arm-none-eabi/10.3.1/../../../../arm-none-eabi/lib/thumb/v6-m/nofp\libg.a(lib_a-sbrkr.o)
                              c:/progra~1/raspbe~1/picosd~1.1/gcc-ar~1/bin/../lib/gcc/arm-none-eabi/10.3.1/../../../../arm-none-eabi/lib/thumb/v6-m/nofp\libg.a(lib_a-mallocr.o) (_sbrk_r)
c:/progra~1/raspbe~1/picosd~1.1/gcc-ar~1/bin/../lib/gcc/arm-none-eabi/10.3.1/../../../../arm-none-eabi/lib/thumb/v6-m/nofp\libg.a(lib_a-strcat.o)
                              CMakeFiles/MainBoard.dir/main.c.obj (strcat)
c:/progra~1/raspbe~1/picosd~1.1/gcc-ar~1/bin/../lib/gcc/arm-none-eabi/10.3.1/../../../../arm-none-eabi/lib/thumb/v6-m/nofp\libg.a(lib_a-strcpy.o)
                              c:/progra~1/raspbe~1/picosd~1.1/gcc-ar~1/bin/../lib/gcc/arm-none-eabi/10.3.1/../../../../arm-none-eabi/lib/thumb/v6-m/nofp\libg.a(lib_a-strcat.o) (strcpy)
c:/progra~1/raspbe~1/picosd~1.1/gcc-ar~1/bin/../lib/gcc/arm-none-eabi/10.3.1/../../../../arm-none-eabi/lib/thumb/v6-m/nofp\libg.a(lib_a-strlen-stub.o)
                              CMakeFiles/MainBoard.dir/main.c.obj (strlen)
[...]
Memory Configuration

Name             Origin             Length             Attributes
FLASH            0x10000000         0x00200000         xr
RAM              0x20000000         0x00040000         xrw
SCRATCH_X        0x20040000         0x00001000         xrw
SCRATCH_Y        0x20041000         0x00001000         xrw
*default*        0x00000000         0xffffffff

Linker script and memory map

LOAD c:/progra~1/raspbe~1/picosd~1.1/gcc-ar~1/bin/../lib/gcc/arm-none-eabi/10.3.1/thumb/v6-m/nofp/crti.o
LOAD c:/progra~1/raspbe~1/picosd~1.1/gcc-ar~1/bin/../lib/gcc/arm-none-eabi/10.3.1/thumb/v6-m/nofp/crtbegin.o
LOAD c:/progra~1/raspbe~1/picosd~1.1/gcc-ar~1/bin/../lib/gcc/arm-none-eabi/10.3.1/../../../../arm-none-eabi/lib/thumb/v6-m/nofp/crt0.o

.flash_begin    0x10000000        0x0
                0x10000000                __flash_binary_start = .

.boot2          0x10000000      0x100
                0x10000000                __boot2_start__ = .
 *(.boot2)
 .boot2         0x10000000      0x100 C:\Users\ALUMNO~1\AppData\Local\Temp\ccKSdtDs.o
                0x10000100                __boot2_end__ = .
                0x00000001                ASSERT (((__boot2_end__ - __boot2_start__) == 0x100), ERROR: Pico second stage bootloader must be 256 bytes in size)

.text           0x10000100     0x8878
                0x10000100                __logical_binary_start = .
 *(.vectors)
 .vectors       0x10000100       0xd4 CMakeFiles/MainBoard.dir/C_/Program_Files/Raspberry_Pi/Pico_SDK_v1.5.1/pico-sdk/src/rp2_common/pico_standard_link/crt0.S.obj
                0x10000100                __vectors
                0x10000100                __VECTOR_TABLE
                0x100001c0                __default_isrs_start
                0x100001c0                isr_invalid
                0x100001c2                NMI_Handler
                0x100001c4                HardFault_Handler
                0x100001c6                SVC_Handler
                0x100001c8                PendSV_Handler
                0x100001cc                IO_IRQ_BANK0_Handler
                0x100001cc                PIO0_IRQ_0_Handler
                0x100001cc                USBCTRL_IRQ_Handler
                0x100001cc                SPI1_IRQ_Handler
                0x100001cc                isr_irq27
                0x100001cc                isr_irq31
                0x100001cc                PIO1_IRQ_1_Handler
                0x100001cc                DMA_IRQ_1_Handler
                0x100001cc                I2C1_IRQ_Handler
                0x100001cc                SPI0_IRQ_Handler
                0x100001cc                isr_irq28
                0x100001cc                UART0_IRQ_Handler
                0x100001cc                __default_isrs_end
                0x100001cc                PIO0_IRQ_1_Handler
                0x100001cc                I2C0_IRQ_Handler
                0x100001cc                SIO_IRQ_PROC1_Handler
                0x100001cc                TIMER_IRQ_0_Handler
                0x100001cc                isr_irq30
                0x100001cc                UART1_IRQ_Handler
                0x100001cc                TIMER_IRQ_3_Handler
                0x100001cc                DMA_IRQ_0_Handler
                0x100001cc                RTC_IRQ_Handler
                0x100001cc                TIMER_IRQ_2_Handler
                0x100001cc                CLOCKS_IRQ_Handler
                0x100001cc                PIO1_IRQ_0_Handler
                0x100001cc                __unhandled_user_irq
                0x100001cc                ADC_IRQ_FIFO_Handler
                0x100001cc                IO_IRQ_QSPI_Handler
                0x100001cc                SIO_IRQ_PROC0_Handler
                0x100001cc                TIMER_IRQ_1_Handler
                0x100001cc                XIP_IRQ_Handler
                0x100001cc                isr_irq29
                0x100001cc                isr_irq26
                0x100001cc                PWM_IRQ_WRAP_Handler
                0x100001d2                unhandled_user_irq_num_in_r0
 *(.binary_info_header)
 .binary_info_header
                0x100001d4       0x14 CMakeFiles/MainBoard.dir/C_/Program_Files/Raspberry_Pi/Pico_SDK_v1.5.1/pico-sdk/src/rp2_common/pico_standard_link/crt0.S.obj
                0x100001e8                __binary_info_header_end = .
 *(.reset)
 .reset         0x100001e8       0xa0 CMakeFiles/MainBoard.dir/C_/Program_Files/Raspberry_Pi/Pico_SDK_v1.5.1/pico-sdk/src/rp2_common/pico_standard_link/crt0.S.obj
                0x100001e8                _entry_point
 .reset         0x10000288       0x30 CMakeFiles/MainBoard.dir/C_/Program_Files/Raspberry_Pi/Pico_SDK_v1.5.1/pico-sdk/src/rp2_common/pico_standard_link/binary_info.c.obj
 *(.init)
 .init          0x100002b8        0x4 c:/progra~1/raspbe~1/picosd~1.1/gcc-ar~1/bin/../lib/gcc/arm-none-eabi/10.3.1/thumb/v6-m/nofp/crti.o
                0x100002b8                _init
 *(EXCLUDE_FILE(*libm.a: *libc.a:*lib_a-mem*.o *libgcc.a:) .text*)
 .text          0x100002bc       0x48 c:/progra~1/raspbe~1/picosd~1.1/gcc-ar~1/bin/../lib/gcc/arm-none-eabi/10.3.1/thumb/v6-m/nofp/crtbegin.o
 .text.SysTick_Handler
                0x10000304      0x110 CMakeFiles/MainBoard.dir/main.c.obj
                0x10000304                SysTick_Handler
 .text.LCD_menu
                0x10000414      0x238 CMakeFiles/MainBoard.dir/main.c.obj
                0x10000414                LCD_menu
 .text.beginUart
                0x1000064c       0x6c CMakeFiles/MainBoard.dir/main.c.obj
                0x1000064c                beginUart
 .text.update_angle
                0x100006b8       0xc4 CMakeFiles/MainBoard.dir/main.c.obj
                0x100006b8                update_angle
 .text.updateButtons
                0x1000077c       0x6c CMakeFiles/MainBoard.dir/main.c.obj
                0x1000077c                updateButtons
 .text.cali     0x100007e8      0x1a8 CMakeFiles/MainBoard.dir/main.c.obj
                0x100007e8                cali
 .text.confi    0x10000990      0x1cc CMakeFiles/MainBoard.dir/main.c.obj
                0x10000990                confi
 .text.memo     0x10000b5c      0x798 CMakeFiles/MainBoard.dir/main.c.obj
                0x10000b5c                memo
 .text.main     0x100012f4      0x40c CMakeFiles/MainBoard.dir/main.c.obj
                0x100012f4                main
 .text.tud_descriptor_device_cb
                0x10001700        0x8 CMakeFiles/MainBoard.dir/usb_descriptors.c.obj
                0x10001700                tud_descriptor_device_cb
 .text.tud_hid_descriptor_report_cb
                0x10001708        0x8 CMakeFiles/MainBoard.dir/usb_descriptors.c.obj
                0x10001708                tud_hid_descriptor_report_cb
 .text.tud_descriptor_configuration_cb
                0x10001710        0x8 CMakeFiles/MainBoard.dir/usb_descriptors.c.obj
                0x10001710                tud_descriptor_configuration_cb
 .text.tud_descriptor_string_cb
                0x10001718       0xe0 CMakeFiles/MainBoard.dir/usb_descriptors.c.obj
                0x10001718                tud_descriptor_string_cb
 .text.send_hid_report
                0x100017f8       0x6e CMakeFiles/MainBoard.dir/callbacks.c.obj
 *fill*         0x10001866        0x2 
 .text.tud_mount_cb
                0x10001868       0x10 CMakeFiles/MainBoard.dir/callbacks.c.obj
                0x10001868                tud_mount_cb
 .text.tud_umount_cb
                0x10001878        0xc CMakeFiles/MainBoard.dir/callbacks.c.obj
                0x10001878                tud_umount_cb
 .text.tud_suspend_cb
                0x10001884       0x10 CMakeFiles/MainBoard.dir/callbacks.c.obj
                0x10001884                tud_suspend_cb
 .text.tud_resume_cb
                0x10001894       0x1c CMakeFiles/MainBoard.dir/callbacks.c.obj
                0x10001894                tud_resume_cb
 .text.hid_task
                0x100018b0       0x98 CMakeFiles/MainBoard.dir/callbacks.c.obj
                0x100018b0                hid_task
 .text.tud_hid_report_complete_cb
                0x10001948        0x2 CMakeFiles/MainBoard.dir/callbacks.c.obj
                0x10001948                tud_hid_report_complete_cb
 .text.tud_hid_get_report_cb
                0x1000194a        0x4 CMakeFiles/MainBoard.dir/callbacks.c.obj
                0x1000194a                tud_hid_get_report_cb
 *fill*         0x1000194e        0x2 
 .text.tud_hid_set_report_cb
                0x10001950       0x3c CMakeFiles/MainBoard.dir/callbacks.c.obj
                0x10001950                tud_hid_set_report_cb
 .text.Mpu6050_init
                0x1000198c       0x54 CMakeFiles/MainBoard.dir/mpu.c.obj
                0x1000198c                Mpu6050_init
 .text.Mpu6050_comm
                0x100019e0       0x68 CMakeFiles/MainBoard.dir/mpu.c.obj
                0x100019e0                Mpu6050_comm
 .text.i2c_write_byte
                0x10001a48       0x20 CMakeFiles/MainBoard.dir/display.c.obj
                0x10001a48                i2c_write_byte
 .text.lcd_toggle_enable
                0x10001a68       0x38 CMakeFiles/MainBoard.dir/display.c.obj
                0x10001a68                lcd_toggle_enable
 .text.lcd_send_byte
                0x10001aa0       0x38 CMakeFiles/MainBoard.dir/display.c.obj
                0x10001aa0                lcd_send_byte
 .text.lcd_clear
                0x10001ad8        0xc CMakeFiles/MainBoard.dir/display.c.obj
                0x10001ad8                lcd_clear
 .text.lcd_set_cursor
                0x10001ae4       0x1a CMakeFiles/MainBoard.dir/display.c.obj
                0x10001ae4                lcd_set_cursor
 .text.lcd_string
                0x10001afe       0x16 CMakeFiles/MainBoard.dir/display.c.obj
                0x10001afe                lcd_string
 .text.lcd_init
                0x10001b14       0x40 CMakeFiles/MainBoard.dir/display.c.obj
                0x10001b14                lcd_init
 .text.pinConfig
                0x10001b54       0x68 CMakeFiles/MainBoard.dir/matriz.c.obj
                0x10001b54                pinConfig
 .text.readPin  0x10001bbc       0x44 CMakeFiles/MainBoard.dir/matriz.c.obj
                0x10001bbc                readPin
 .text.writePin
                0x10001c00       0x28 CMakeFiles/MainBoard.dir/matriz.c.obj
                0x10001c00                writePin
 .text.begin_systick
                0x10001c28       0x38 CMakeFiles/MainBoard.dir/matriz.c.obj
                0x10001c28                begin_systick
 .text.readMatrix
                0x10001c60      0x3ac CMakeFiles/MainBoard.dir/matriz.c.obj
                0x10001c60                readMatrix
 .text.gpio_set_function
                0x1000200c       0x30 CMakeFiles/MainBoard.dir/C_/Program_Files/Raspberry_Pi/Pico_SDK_v1.5.1/pico-sdk/src/rp2_common/hardware_gpio/gpio.c.obj
                0x1000200c                gpio_set_function
 .text.gpio_set_pulls
                0x1000203c       0x34 CMakeFiles/MainBoard.dir/C_/Program_Files/Raspberry_Pi/Pico_SDK_v1.5.1/pico-sdk/src/rp2_common/hardware_gpio/gpio.c.obj
                0x1000203c                gpio_set_pulls
 .text.gpio_init
                0x10002070       0x16 CMakeFiles/MainBoard.dir/C_/Program_Files/Raspberry_Pi/Pico_SDK_v1.5.1/pico-sdk/src/rp2_common/hardware_gpio/gpio.c.obj
                0x10002070                gpio_init
 *fill*         0x10002086        0x2 
 .text.running_on_fpga
                0x10002088       0x14 CMakeFiles/MainBoard.dir/C_/Program_Files/Raspberry_Pi/Pico_SDK_v1.5.1/pico-sdk/src/rp2_common/pico_platform/platform.c.obj
                0x10002088                running_on_fpga
 .text.hw_claim_lock
                0x1000209c       0x18 CMakeFiles/MainBoard.dir/C_/Program_Files/Raspberry_Pi/Pico_SDK_v1.5.1/pico-sdk/src/rp2_common/hardware_claim/claim.c.obj
                0x1000209c                hw_claim_lock
 .text.hw_claim_unlock
                0x100020b4       0x14 CMakeFiles/MainBoard.dir/C_/Program_Files/Raspberry_Pi/Pico_SDK_v1.5.1/pico-sdk/src/rp2_common/hardware_claim/claim.c.obj
                0x100020b4                hw_claim_unlock
 .text.hw_claim_or_assert
                0x100020c8       0x32 CMakeFiles/MainBoard.dir/C_/Program_Files/Raspberry_Pi/Pico_SDK_v1.5.1/pico-sdk/src/rp2_common/hardware_claim/claim.c.obj
                0x100020c8                hw_claim_or_assert
 .text.hw_claim_unused_from_range
                0x100020fa       0x50 CMakeFiles/MainBoard.dir/C_/Program_Files/Raspberry_Pi/Pico_SDK_v1.5.1/pico-sdk/src/rp2_common/hardware_claim/claim.c.obj
                0x100020fa                hw_claim_unused_from_range
 *fill*         0x1000214a        0x2 
 .text.spin_locks_reset
                0x1000214c       0x20 CMakeFiles/MainBoard.dir/C_/Program_Files/Raspberry_Pi/Pico_SDK_v1.5.1/pico-sdk/src/rp2_common/hardware_sync/sync.c.obj
                0x1000214c                spin_locks_reset
 .text.next_striped_spin_lock_num
                0x1000216c       0x1c CMakeFiles/MainBoard.dir/C_/Program_Files/Raspberry_Pi/Pico_SDK_v1.5.1/pico-sdk/src/rp2_common/hardware_sync/sync.c.obj
                0x1000216c                next_striped_spin_lock_num
 .text.spin_lock_claim_unused
                0x10002188       0x20 CMakeFiles/MainBoard.dir/C_/Program_Files/Raspberry_Pi/Pico_SDK_v1.5.1/pico-sdk/src/rp2_common/hardware_sync/sync.c.obj
                0x10002188                spin_lock_claim_unused
 .text.set_raw_irq_handler_and_unlock
                0x100021a8       0x28 CMakeFiles/MainBoard.dir/C_/Program_Files/Raspberry_Pi/Pico_SDK_v1.5.1/pico-sdk/src/rp2_common/hardware_irq/irq.c.obj
 .text.make_branch
                0x100021d0       0x48 CMakeFiles/MainBoard.dir/C_/Program_Files/Raspberry_Pi/Pico_SDK_v1.5.1/pico-sdk/src/rp2_common/hardware_irq/irq.c.obj
 .text.insert_branch_and_link
                0x10002218       0x40 CMakeFiles/MainBoard.dir/C_/Program_Files/Raspberry_Pi/Pico_SDK_v1.5.1/pico-sdk/src/rp2_common/hardware_irq/irq.c.obj
 .text.irq_is_enabled
                0x10002258       0x18 CMakeFiles/MainBoard.dir/C_/Program_Files/Raspberry_Pi/Pico_SDK_v1.5.1/pico-sdk/src/rp2_common/hardware_irq/irq.c.obj
                0x10002258                irq_is_enabled
 .text.irq_set_mask_enabled
                0x10002270       0x20 CMakeFiles/MainBoard.dir/C_/Program_Files/Raspberry_Pi/Pico_SDK_v1.5.1/pico-sdk/src/rp2_common/hardware_irq/irq.c.obj
                0x10002270                irq_set_mask_enabled
 .text.irq_set_enabled
                0x10002290        0xe CMakeFiles/MainBoard.dir/C_/Program_Files/Raspberry_Pi/Pico_SDK_v1.5.1/pico-sdk/src/rp2_common/hardware_irq/irq.c.obj
                0x10002290                irq_set_enabled
 *fill*         0x1000229e        0x2 
 .text.irq_get_vtable_handler
                0x100022a0       0x10 CMakeFiles/MainBoard.dir/C_/Program_Files/Raspberry_Pi/Pico_SDK_v1.5.1/pico-sdk/src/rp2_common/hardware_irq/irq.c.obj
                0x100022a0                irq_get_vtable_handler
 .text.irq_set_exclusive_handler
                0x100022b0       0x54 CMakeFiles/MainBoard.dir/C_/Program_Files/Raspberry_Pi/Pico_SDK_v1.5.1/pico-sdk/src/rp2_common/hardware_irq/irq.c.obj
                0x100022b0                irq_set_exclusive_handler
 .text.irq_add_shared_handler
                0x10002304      0x234 CMakeFiles/MainBoard.dir/C_/Program_Files/Raspberry_Pi/Pico_SDK_v1.5.1/pico-sdk/src/rp2_common/hardware_irq/irq.c.obj
                0x10002304                irq_add_shared_handler
 .text.irq_remove_handler
                0x10002538      0x1ac CMakeFiles/MainBoard.dir/C_/Program_Files/Raspberry_Pi/Pico_SDK_v1.5.1/pico-sdk/src/rp2_common/hardware_irq/irq.c.obj
                0x10002538                irq_remove_handler
 .text.irq_add_tail_to_free_list
                0x100026e4       0xf0 CMakeFiles/MainBoard.dir/C_/Program_Files/Raspberry_Pi/Pico_SDK_v1.5.1/pico-sdk/src/rp2_common/hardware_irq/irq.c.obj
                0x100026e4                irq_add_tail_to_free_list
 .text.irq_init_priorities
                0x100027d4       0x1c CMakeFiles/MainBoard.dir/C_/Program_Files/Raspberry_Pi/Pico_SDK_v1.5.1/pico-sdk/src/rp2_common/hardware_irq/irq.c.obj
                0x100027d4                irq_init_priorities
 .text.lock_init
                0x100027f0       0x10 CMakeFiles/MainBoard.dir/C_/Program_Files/Raspberry_Pi/Pico_SDK_v1.5.1/pico-sdk/src/common/pico_sync/lock_core.c.obj
                0x100027f0                lock_init
 .text.mutex_init
                0x10002800       0x1a CMakeFiles/MainBoard.dir/C_/Program_Files/Raspberry_Pi/Pico_SDK_v1.5.1/pico-sdk/src/common/pico_sync/mutex.c.obj
                0x10002800                mutex_init
 .text.recursive_mutex_init
                0x1000281a       0x1e CMakeFiles/MainBoard.dir/C_/Program_Files/Raspberry_Pi/Pico_SDK_v1.5.1/pico-sdk/src/common/pico_sync/mutex.c.obj
                0x1000281a                recursive_mutex_init
 .text.critical_section_init_with_lock_num
                0x10002838       0x14 CMakeFiles/MainBoard.dir/C_/Program_Files/Raspberry_Pi/Pico_SDK_v1.5.1/pico-sdk/src/common/pico_sync/critical_section.c.obj
                0x10002838                critical_section_init_with_lock_num
 .text.critical_section_init
                0x1000284c       0x14 CMakeFiles/MainBoard.dir/C_/Program_Files/Raspberry_Pi/Pico_SDK_v1.5.1/pico-sdk/src/common/pico_sync/critical_section.c.obj
                0x1000284c                critical_section_init
 .text.alarm_pool_post_alloc_init
                0x10002860       0x40 CMakeFiles/MainBoard.dir/C_/Program_Files/Raspberry_Pi/Pico_SDK_v1.5.1/pico-sdk/src/common/pico_time/time.c.obj
 .text.sleep_until_callback
                0x100028a0       0x30 CMakeFiles/MainBoard.dir/C_/Program_Files/Raspberry_Pi/Pico_SDK_v1.5.1/pico-sdk/src/common/pico_time/time.c.obj
 .text.timer_pool_entry_comparator
                0x100028d0       0x7c CMakeFiles/MainBoard.dir/C_/Program_Files/Raspberry_Pi/Pico_SDK_v1.5.1/pico-sdk/src/common/pico_time/time.c.obj
                0x100028d0                timer_pool_entry_comparator
 .text.ph_add_child_node
                0x1000294c       0xa4 CMakeFiles/MainBoard.dir/C_/Program_Files/Raspberry_Pi/Pico_SDK_v1.5.1/pico-sdk/src/common/pico_time/time.c.obj
 .text.ph_merge_nodes
                0x100029f0       0x3e CMakeFiles/MainBoard.dir/C_/Program_Files/Raspberry_Pi/Pico_SDK_v1.5.1/pico-sdk/src/common/pico_time/time.c.obj
 *fill*         0x10002a2e        0x2 
 .text.add_alarm_under_lock
                0x10002a30      0x174 CMakeFiles/MainBoard.dir/C_/Program_Files/Raspberry_Pi/Pico_SDK_v1.5.1/pico-sdk/src/common/pico_time/time.c.obj
 .text.alarm_pool_alarm_callback
                0x10002ba4      0x33c CMakeFiles/MainBoard.dir/C_/Program_Files/Raspberry_Pi/Pico_SDK_v1.5.1/pico-sdk/src/common/pico_time/time.c.obj
 .text.alarm_pool_init_default
                0x10002ee0       0x40 CMakeFiles/MainBoard.dir/C_/Program_Files/Raspberry_Pi/Pico_SDK_v1.5.1/pico-sdk/src/common/pico_time/time.c.obj
                0x10002ee0                alarm_pool_init_default
 .text.alarm_pool_get_default
                0x10002f20       0x2c CMakeFiles/MainBoard.dir/C_/Program_Files/Raspberry_Pi/Pico_SDK_v1.5.1/pico-sdk/src/common/pico_time/time.c.obj
                0x10002f20                alarm_pool_get_default
 .text.alarm_pool_add_alarm_at
                0x10002f4c      0x168 CMakeFiles/MainBoard.dir/C_/Program_Files/Raspberry_Pi/Pico_SDK_v1.5.1/pico-sdk/src/common/pico_time/time.c.obj
                0x10002f4c                alarm_pool_add_alarm_at
 .text.alarm_pool_cancel_alarm
                0x100030b4       0xf8 CMakeFiles/MainBoard.dir/C_/Program_Files/Raspberry_Pi/Pico_SDK_v1.5.1/pico-sdk/src/common/pico_time/time.c.obj
                0x100030b4                alarm_pool_cancel_alarm
 .text.sleep_until
                0x100031ac       0xfc CMakeFiles/MainBoard.dir/C_/Program_Files/Raspberry_Pi/Pico_SDK_v1.5.1/pico-sdk/src/common/pico_time/time.c.obj
                0x100031ac                sleep_until
 .text.sleep_us
                0x100032a8       0x58 CMakeFiles/MainBoard.dir/C_/Program_Files/Raspberry_Pi/Pico_SDK_v1.5.1/pico-sdk/src/common/pico_time/time.c.obj
                0x100032a8                sleep_us
 .text.best_effort_wfe_or_timeout
                0x10003300       0xac CMakeFiles/MainBoard.dir/C_/Program_Files/Raspberry_Pi/Pico_SDK_v1.5.1/pico-sdk/src/common/pico_time/time.c.obj
                0x10003300                best_effort_wfe_or_timeout
 .text.hardware_alarm_irq_handler
                0x100033ac       0x90 CMakeFiles/MainBoard.dir/C_/Program_Files/Raspberry_Pi/Pico_SDK_v1.5.1/pico-sdk/src/rp2_common/hardware_timer/timer.c.obj
 .text.hardware_alarm_claim
                0x1000343c       0x18 CMakeFiles/MainBoard.dir/C_/Program_Files/Raspberry_Pi/Pico_SDK_v1.5.1/pico-sdk/src/rp2_common/hardware_timer/timer.c.obj
                0x1000343c                hardware_alarm_claim
 .text.time_us_64
                0x10003454       0x18 CMakeFiles/MainBoard.dir/C_/Program_Files/Raspberry_Pi/Pico_SDK_v1.5.1/pico-sdk/src/rp2_common/hardware_timer/timer.c.obj
                0x10003454                time_us_64
 .text.busy_wait_until
                0x1000346c       0x28 CMakeFiles/MainBoard.dir/C_/Program_Files/Raspberry_Pi/Pico_SDK_v1.5.1/pico-sdk/src/rp2_common/hardware_timer/timer.c.obj
                0x1000346c                busy_wait_until
 .text.busy_wait_us
                0x10003494       0x48 CMakeFiles/MainBoard.dir/C_/Program_Files/Raspberry_Pi/Pico_SDK_v1.5.1/pico-sdk/src/rp2_common/hardware_timer/timer.c.obj
                0x10003494                busy_wait_us
 .text.hardware_alarm_set_callback
                0x100034dc       0x90 CMakeFiles/MainBoard.dir/C_/Program_Files/Raspberry_Pi/Pico_SDK_v1.5.1/pico-sdk/src/rp2_common/hardware_timer/timer.c.obj
                0x100034dc                hardware_alarm_set_callback
 .text.hardware_alarm_set_target
                0x1000356c       0xe8 CMakeFiles/MainBoard.dir/C_/Program_Files/Raspberry_Pi/Pico_SDK_v1.5.1/pico-sdk/src/rp2_common/hardware_timer/timer.c.obj
                0x1000356c                hardware_alarm_set_target
 .text.hardware_alarm_cancel
                0x10003654       0x40 CMakeFiles/MainBoard.dir/C_/Program_Files/Raspberry_Pi/Pico_SDK_v1.5.1/pico-sdk/src/rp2_common/hardware_timer/timer.c.obj
                0x10003654                hardware_alarm_cancel
 .text.ph_add_child_node
                0x10003694       0xa4 CMakeFiles/MainBoard.dir/C_/Program_Files/Raspberry_Pi/Pico_SDK_v1.5.1/pico-sdk/src/common/pico_util/pheap.c.obj
 .text.ph_merge_nodes
                0x10003738       0x3e CMakeFiles/MainBoard.dir/C_/Program_Files/Raspberry_Pi/Pico_SDK_v1.5.1/pico-sdk/src/common/pico_util/pheap.c.obj
 *fill*         0x10003776        0x2 
 .text.ph_clear
                0x10003778       0x70 CMakeFiles/MainBoard.dir/C_/Program_Files/Raspberry_Pi/Pico_SDK_v1.5.1/pico-sdk/src/common/pico_util/pheap.c.obj
                0x10003778                ph_clear
 .text.ph_post_alloc_init
                0x100037e8        0xe CMakeFiles/MainBoard.dir/C_/Program_Files/Raspberry_Pi/Pico_SDK_v1.5.1/pico-sdk/src/common/pico_util/pheap.c.obj
                0x100037e8                ph_post_alloc_init
 *fill*         0x100037f6        0x2 
 .text.ph_merge_two_pass
                0x100037f8       0xa8 CMakeFiles/MainBoard.dir/C_/Program_Files/Raspberry_Pi/Pico_SDK_v1.5.1/pico-sdk/src/common/pico_util/pheap.c.obj
                0x100037f8                ph_merge_two_pass
 .text.ph_remove_any_head
                0x100038a0      0x128 CMakeFiles/MainBoard.dir/C_/Program_Files/Raspberry_Pi/Pico_SDK_v1.5.1/pico-sdk/src/common/pico_util/pheap.c.obj
 .text.ph_remove_head
                0x100039c8       0x14 CMakeFiles/MainBoard.dir/C_/Program_Files/Raspberry_Pi/Pico_SDK_v1.5.1/pico-sdk/src/common/pico_util/pheap.c.obj
                0x100039c8                ph_remove_head
 .text.ph_remove_and_free_node
                0x100039dc       0xf8 CMakeFiles/MainBoard.dir/C_/Program_Files/Raspberry_Pi/Pico_SDK_v1.5.1/pico-sdk/src/common/pico_util/pheap.c.obj
                0x100039dc                ph_remove_and_free_node
 .text.uart_disable_before_lcr_write
                0x10003ad4       0x48 CMakeFiles/MainBoard.dir/C_/Program_Files/Raspberry_Pi/Pico_SDK_v1.5.1/pico-sdk/src/rp2_common/hardware_uart/uart.c.obj
 .text.uart_write_lcr_bits_masked
                0x10003b1c       0x22 CMakeFiles/MainBoard.dir/C_/Program_Files/Raspberry_Pi/Pico_SDK_v1.5.1/pico-sdk/src/rp2_common/hardware_uart/uart.c.obj
 *fill*         0x10003b3e        0x2 
 .text.uart_set_baudrate
                0x10003b40       0x5c CMakeFiles/MainBoard.dir/C_/Program_Files/Raspberry_Pi/Pico_SDK_v1.5.1/pico-sdk/src/rp2_common/hardware_uart/uart.c.obj
                0x10003b40                uart_set_baudrate
 .text.uart_set_format
                0x10003b9c       0x2c CMakeFiles/MainBoard.dir/C_/Program_Files/Raspberry_Pi/Pico_SDK_v1.5.1/pico-sdk/src/rp2_common/hardware_uart/uart.c.obj
                0x10003b9c                uart_set_format
 .text.uart_set_translate_crlf
                0x10003bc8       0x28 CMakeFiles/MainBoard.dir/C_/Program_Files/Raspberry_Pi/Pico_SDK_v1.5.1/pico-sdk/src/rp2_common/hardware_uart/uart.c.obj
                0x10003bc8                uart_set_translate_crlf
 .text.uart_init
                0x10003bf0       0x80 CMakeFiles/MainBoard.dir/C_/Program_Files/Raspberry_Pi/Pico_SDK_v1.5.1/pico-sdk/src/rp2_common/hardware_uart/uart.c.obj
                0x10003bf0                uart_init
 .text.clock_configure
                0x10003c70      0x108 CMakeFiles/MainBoard.dir/C_/Program_Files/Raspberry_Pi/Pico_SDK_v1.5.1/pico-sdk/src/rp2_common/hardware_clocks/clocks.c.obj
                0x10003c70                clock_configure
 .text.clocks_init
                0x10003d78      0x100 CMakeFiles/MainBoard.dir/C_/Program_Files/Raspberry_Pi/Pico_SDK_v1.5.1/pico-sdk/src/rp2_common/hardware_clocks/clocks.c.obj
                0x10003d78                clocks_init
 .text.clock_get_hz
                0x10003e78        0xc CMakeFiles/MainBoard.dir/C_/Program_Files/Raspberry_Pi/Pico_SDK_v1.5.1/pico-sdk/src/rp2_common/hardware_clocks/clocks.c.obj
                0x10003e78                clock_get_hz
 .text.pll_init
                0x10003e84      0x120 CMakeFiles/MainBoard.dir/C_/Program_Files/Raspberry_Pi/Pico_SDK_v1.5.1/pico-sdk/src/rp2_common/hardware_pll/pll.c.obj
                0x10003e84                pll_init
 .text.watchdog_start_tick
                0x10003fa4       0x10 CMakeFiles/MainBoard.dir/C_/Program_Files/Raspberry_Pi/Pico_SDK_v1.5.1/pico-sdk/src/rp2_common/hardware_watchdog/watchdog.c.obj
                0x10003fa4                watchdog_start_tick
 .text.xosc_init
                0x10003fb4       0x28 CMakeFiles/MainBoard.dir/C_/Program_Files/Raspberry_Pi/Pico_SDK_v1.5.1/pico-sdk/src/rp2_common/hardware_xosc/xosc.c.obj
                0x10003fb4                xosc_init
 .text._exit    0x10003fdc        0x4 CMakeFiles/MainBoard.dir/C_/Program_Files/Raspberry_Pi/Pico_SDK_v1.5.1/pico-sdk/src/rp2_common/pico_runtime/runtime.c.obj
                0x10003fdc                _exit
 .text.exit     0x10003fe0        0x6 CMakeFiles/MainBoard.dir/C_/Program_Files/Raspberry_Pi/Pico_SDK_v1.5.1/pico-sdk/src/rp2_common/pico_runtime/runtime.c.obj
                0x10003fe0                exit
 *fill*         0x10003fe6        0x2 
 .text.__assert_func
                0x10003fe8       0x3c CMakeFiles/MainBoard.dir/C_/Program_Files/Raspberry_Pi/Pico_SDK_v1.5.1/pico-sdk/src/rp2_common/pico_runtime/runtime.c.obj
                0x10003fe8                __assert_func
 .text.runtime_init
                0x10004024       0xf8 CMakeFiles/MainBoard.dir/C_/Program_Files/Raspberry_Pi/Pico_SDK_v1.5.1/pico-sdk/src/rp2_common/pico_runtime/runtime.c.obj
                0x10004024                runtime_init
 .text.panic    0x1000411c       0x30 CMakeFiles/MainBoard.dir/C_/Program_Files/Raspberry_Pi/Pico_SDK_v1.5.1/pico-sdk/src/rp2_common/pico_runtime/runtime.c.obj
                0x1000411c                panic
 .text._out_null
                0x1000414c        0x2 CMakeFiles/MainBoard.dir/C_/Program_Files/Raspberry_Pi/Pico_SDK_v1.5.1/pico-sdk/src/rp2_common/pico_printf/printf.c.obj
 .text._out_fct
                0x1000414e        0xe CMakeFiles/MainBoard.dir/C_/Program_Files/Raspberry_Pi/Pico_SDK_v1.5.1/pico-sdk/src/rp2_common/pico_printf/printf.c.obj
 .text._atoi    0x1000415c       0x24 CMakeFiles/MainBoard.dir/C_/Program_Files/Raspberry_Pi/Pico_SDK_v1.5.1/pico-sdk/src/rp2_common/pico_printf/printf.c.obj
 .text._out_rev
                0x10004180       0xae CMakeFiles/MainBoard.dir/C_/Program_Files/Raspberry_Pi/Pico_SDK_v1.5.1/pico-sdk/src/rp2_common/pico_printf/printf.c.obj
 .text._ntoa_format
                0x1000422e      0x112 CMakeFiles/MainBoard.dir/C_/Program_Files/Raspberry_Pi/Pico_SDK_v1.5.1/pico-sdk/src/rp2_common/pico_printf/printf.c.obj
 .text._ntoa_long
                0x10004340       0xbc CMakeFiles/MainBoard.dir/C_/Program_Files/Raspberry_Pi/Pico_SDK_v1.5.1/pico-sdk/src/rp2_common/pico_printf/printf.c.obj
 .text._ntoa_long_long
                0x100043fc       0xe2 CMakeFiles/MainBoard.dir/C_/Program_Files/Raspberry_Pi/Pico_SDK_v1.5.1/pico-sdk/src/rp2_common/pico_printf/printf.c.obj
 *fill*         0x100044de        0x2 
 .text._etoa    0x100044e0      0x414 CMakeFiles/MainBoard.dir/C_/Program_Files/Raspberry_Pi/Pico_SDK_v1.5.1/pico-sdk/src/rp2_common/pico_printf/printf.c.obj
 .text._ftoa    0x100048f4      0x354 CMakeFiles/MainBoard.dir/C_/Program_Files/Raspberry_Pi/Pico_SDK_v1.5.1/pico-sdk/src/rp2_common/pico_printf/printf.c.obj
 .text._vsnprintf
                0x10004c48      0x624 CMakeFiles/MainBoard.dir/C_/Program_Files/Raspberry_Pi/Pico_SDK_v1.5.1/pico-sdk/src/rp2_common/pico_printf/printf.c.obj
 .text.vfctprintf
                0x1000526c       0x20 CMakeFiles/MainBoard.dir/C_/Program_Files/Raspberry_Pi/Pico_SDK_v1.5.1/pico-sdk/src/rp2_common/pico_printf/printf.c.obj
                0x1000526c                vfctprintf
 .text          0x1000528c       0x10 CMakeFiles/MainBoard.dir/C_/Program_Files/Raspberry_Pi/Pico_SDK_v1.5.1/pico-sdk/src/rp2_common/pico_bit_ops/bit_ops_aeabi.S.obj
 .text.rom_func_lookup
                0x1000529c       0x10 CMakeFiles/MainBoard.dir/C_/Program_Files/Raspberry_Pi/Pico_SDK_v1.5.1/pico-sdk/src/rp2_common/pico_bootrom/bootrom.c.obj
                0x1000529c                rom_func_lookup
 .text.rom_data_lookup
                0x100052ac       0x10 CMakeFiles/MainBoard.dir/C_/Program_Files/Raspberry_Pi/Pico_SDK_v1.5.1/pico-sdk/src/rp2_common/pico_bootrom/bootrom.c.obj
                0x100052ac                rom_data_lookup
 .text.rom_funcs_lookup
                0x100052bc       0x36 CMakeFiles/MainBoard.dir/C_/Program_Files/Raspberry_Pi/Pico_SDK_v1.5.1/pico-sdk/src/rp2_common/pico_bootrom/bootrom.c.obj
                0x100052bc                rom_funcs_lookup
 *fill*         0x100052f2        0x2 
 .text.__wrap___aeabi_idiv
                0x100052f4       0x50 CMakeFiles/MainBoard.dir/C_/Program_Files/Raspberry_Pi/Pico_SDK_v1.5.1/pico-sdk/src/rp2_common/pico_divider/divider.S.obj
                0x100052f4                __wrap___aeabi_idivmod
                0x100052f4                divmod_s32s32
                0x100052f4                div_s32s32
                0x100052f4                __wrap___aeabi_idiv
                0x100052fc                divmod_s32s32_unsafe
                0x10005328                divmod_s32s32_savestate
 .text.__wrap___aeabi_uidiv
                0x10005344       0x4c CMakeFiles/MainBoard.dir/C_/Program_Files/Raspberry_Pi/Pico_SDK_v1.5.1/pico-sdk/src/rp2_common/pico_divider/divider.S.obj
                0x10005344                __wrap___aeabi_uidiv
                0x10005344                __wrap___aeabi_uidivmod
                0x10005344                div_u32u32
                0x10005344                divmod_u32u32
                0x1000534c                divmod_u32u32_unsafe
                0x10005374                divmod_u32u32_savestate
 .text.__wrap___aeabi_ldiv
                0x10005390      0x424 CMakeFiles/MainBoard.dir/C_/Program_Files/Raspberry_Pi/Pico_SDK_v1.5.1/pico-sdk/src/rp2_common/pico_divider/divider.S.obj
                0x10005390                div_s64s64
                0x10005390                divmod_s64s64
                0x10005390                __wrap___aeabi_ldivmod
                0x100053c0                divmod_u64u64
                0x100053c0                div_u64u64
                0x100053c0                __wrap___aeabi_uldivmod
                0x100053d0                divmod_u64u64_savestate
                0x100053f0                divmod_s64s64_unsafe
                0x10005478                divmod_u64u64_unsafe
 .text.push_r8_r11
                0x100057b4        0xc CMakeFiles/MainBoard.dir/C_/Program_Files/Raspberry_Pi/Pico_SDK_v1.5.1/pico-sdk/src/rp2_common/pico_double/double_aeabi.S.obj
                0x100057b4                push_r8_r11
 .text.pop_r8_r11
                0x100057c0        0xc CMakeFiles/MainBoard.dir/C_/Program_Files/Raspberry_Pi/Pico_SDK_v1.5.1/pico-sdk/src/rp2_common/pico_double/double_aeabi.S.obj
                0x100057c0                pop_r8_r11
 .text.__wrap___aeabi_darithmetic
                0x100057cc       0x80 CMakeFiles/MainBoard.dir/C_/Program_Files/Raspberry_Pi/Pico_SDK_v1.5.1/pico-sdk/src/rp2_common/pico_double/double_aeabi.S.obj
                0x100057cc                __wrap___aeabi_drsub
                0x100057d2                __wrap___aeabi_dsub
                0x100057e4                __wrap___aeabi_dadd
                0x100057f6                __wrap___aeabi_ddiv
                0x10005832                __wrap___aeabi_dmul
 .text.__wrap___aeabi_cdcmple
                0x1000584c       0x6c CMakeFiles/MainBoard.dir/C_/Program_Files/Raspberry_Pi/Pico_SDK_v1.5.1/pico-sdk/src/rp2_common/pico_double/double_aeabi.S.obj
                0x1000584c                __wrap___aeabi_cdrcmple
                0x1000585c                __wrap___aeabi_cdcmpeq
                0x1000585c                __wrap___aeabi_cdcmple
 .text.__wrap___aeabi_dcmplt
                0x100058b8        0xc CMakeFiles/MainBoard.dir/C_/Program_Files/Raspberry_Pi/Pico_SDK_v1.5.1/pico-sdk/src/rp2_common/pico_double/double_aeabi.S.obj
                0x100058b8                __wrap___aeabi_dcmplt
 .text.__wrap___aeabi_dcmple
                0x100058c4       0x10 CMakeFiles/MainBoard.dir/C_/Program_Files/Raspberry_Pi/Pico_SDK_v1.5.1/pico-sdk/src/rp2_common/pico_double/double_aeabi.S.obj
                0x100058c4                __wrap___aeabi_dcmple
 .text.__wrap___aeabi_dcmpge
                0x100058d4       0x10 CMakeFiles/MainBoard.dir/C_/Program_Files/Raspberry_Pi/Pico_SDK_v1.5.1/pico-sdk/src/rp2_common/pico_double/double_aeabi.S.obj
                0x100058d4                __wrap___aeabi_dcmpge
 .text.__wrap___aeabi_dcmpgt
                0x100058e4        0xa CMakeFiles/MainBoard.dir/C_/Program_Files/Raspberry_Pi/Pico_SDK_v1.5.1/pico-sdk/src/rp2_common/pico_double/double_aeabi.S.obj
                0x100058e4                __wrap___aeabi_dcmpgt
 .text.__wrap___aeabi_dcmpun
                0x100058ee       0x1c CMakeFiles/MainBoard.dir/C_/Program_Files/Raspberry_Pi/Pico_SDK_v1.5.1/pico-sdk/src/rp2_common/pico_double/double_aeabi.S.obj
                0x100058ee                __wrap___aeabi_dcmpun
 *fill*         0x1000590a        0x2 
 .text.__wrap___aeabi_i2d
                0x1000590c       0x38 CMakeFiles/MainBoard.dir/C_/Program_Files/Raspberry_Pi/Pico_SDK_v1.5.1/pico-sdk/src/rp2_common/pico_double/double_aeabi.S.obj
                0x1000590c                __wrap___aeabi_ui2d
                0x10005914                __wrap___aeabi_i2d
 .text.__wrap___aeabi_d2iz
                0x10005944       0x48 CMakeFiles/MainBoard.dir/C_/Program_Files/Raspberry_Pi/Pico_SDK_v1.5.1/pico-sdk/src/rp2_common/pico_double/double_aeabi.S.obj
                0x10005944                double2int_z
                0x10005944                __wrap___aeabi_d2iz
 .text.__wrap___aeabi_d2uiz
                0x1000598c       0x18 CMakeFiles/MainBoard.dir/C_/Program_Files/Raspberry_Pi/Pico_SDK_v1.5.1/pico-sdk/src/rp2_common/pico_double/double_aeabi.S.obj
                0x1000598c                __wrap___aeabi_d2uiz
                0x1000598c                double2uint
 .text.__wrap_atan2
                0x100059a4       0x18 CMakeFiles/MainBoard.dir/C_/Program_Files/Raspberry_Pi/Pico_SDK_v1.5.1/pico-sdk/src/rp2_common/pico_double/double_aeabi.S.obj
                0x100059a4                __wrap_atan2
 .text.__aeabi_double_init
                0x100059bc       0xc8 CMakeFiles/MainBoard.dir/C_/Program_Files/Raspberry_Pi/Pico_SDK_v1.5.1/pico-sdk/src/rp2_common/pico_double/double_init_rom.c.obj
                0x100059bc                __aeabi_double_init
 .text.double_table_shim_on_use_helper
                0x10005a84       0x34 CMakeFiles/MainBoard.dir/C_/Program_Files/Raspberry_Pi/Pico_SDK_v1.5.1/pico-sdk/src/rp2_common/pico_double/double_v1_rom_shim.S.obj
                0x10005a84                double_table_shim_on_use_helper
 .text.__wrap___aeabi_dsub
                0x10005ab8       0x10 CMakeFiles/MainBoard.dir/C_/Program_Files/Raspberry_Pi/Pico_SDK_v1.5.1/pico-sdk/src/rp2_common/pico_double/double_v1_rom_shim.S.obj
                0x10005ab8                drsub_shim
                0x10005abe                dsub_shim
 .text.dadd_shim
                0x10005ac8      0x15c CMakeFiles/MainBoard.dir/C_/Program_Files/Raspberry_Pi/Pico_SDK_v1.5.1/pico-sdk/src/rp2_common/pico_double/double_v1_rom_shim.S.obj
                0x10005ac8                dadd_shim
 .text.dmul_shim
                0x10005c24      0x15c CMakeFiles/MainBoard.dir/C_/Program_Files/Raspberry_Pi/Pico_SDK_v1.5.1/pico-sdk/src/rp2_common/pico_double/double_v1_rom_shim.S.obj
                0x10005c24                dmul_shim
 .text.ddiv_shim
                0x10005d80      0x1b0 CMakeFiles/MainBoard.dir/C_/Program_Files/Raspberry_Pi/Pico_SDK_v1.5.1/pico-sdk/src/rp2_common/pico_double/double_v1_rom_shim.S.obj
                0x10005d80                ddiv_shim
 .text.dcordic_vec_step
                0x10005f30        0xe CMakeFiles/MainBoard.dir/C_/Program_Files/Raspberry_Pi/Pico_SDK_v1.5.1/pico-sdk/src/rp2_common/pico_double/double_v1_rom_shim.S.obj
                0x10005f30                dcordic_vec_step
 .text.dcordic_rot_step
                0x10005f3e       0x76 CMakeFiles/MainBoard.dir/C_/Program_Files/Raspberry_Pi/Pico_SDK_v1.5.1/pico-sdk/src/rp2_common/pico_double/double_v1_rom_shim.S.obj
                0x10005f3e                dcordic_rot_step
 .text.double2uint_shim
                0x10005fb4        0xe CMakeFiles/MainBoard.dir/C_/Program_Files/Raspberry_Pi/Pico_SDK_v1.5.1/pico-sdk/src/rp2_common/pico_double/double_v1_rom_shim.S.obj
                0x10005fb4                double2uint_shim
                0x10005fb6                double2ufix_shim
 .text.double2int64_shim
                0x10005fc2       0x1a CMakeFiles/MainBoard.dir/C_/Program_Files/Raspberry_Pi/Pico_SDK_v1.5.1/pico-sdk/src/rp2_common/pico_double/double_v1_rom_shim.S.obj
                0x10005fc2                double2int64_shim
                0x10005fc4                double2fix64_shim
 .text.double2uint64_shim
                0x10005fdc       0x70 CMakeFiles/MainBoard.dir/C_/Program_Files/Raspberry_Pi/Pico_SDK_v1.5.1/pico-sdk/src/rp2_common/pico_double/double_v1_rom_shim.S.obj
                0x10005fdc                double2uint64_shim
                0x10005fde                double2ufix64_shim
                0x10005ffe                d2fix_a
 .text.x2double_shims
                0x1000604c       0x90 CMakeFiles/MainBoard.dir/C_/Program_Files/Raspberry_Pi/Pico_SDK_v1.5.1/pico-sdk/src/rp2_common/pico_double/double_v1_rom_shim.S.obj
                0x1000604c                uint2double_shim
                0x1000604e                ufix2double_shim
                0x10006054                int2double_shim
                0x10006056                fix2double_shim
                0x1000605c                uint642double_shim
                0x1000605e                ufix642double_shim
                0x10006064                int642double_shim
                0x10006066                fix642double_shim
 .text.dunpacks
                0x100060dc       0x3c CMakeFiles/MainBoard.dir/C_/Program_Files/Raspberry_Pi/Pico_SDK_v1.5.1/pico-sdk/src/rp2_common/pico_double/double_v1_rom_shim.S.obj
                0x100060dc                dunpacks
 .text.dreduce  0x10006118       0x82 CMakeFiles/MainBoard.dir/C_/Program_Files/Raspberry_Pi/Pico_SDK_v1.5.1/pico-sdk/src/rp2_common/pico_double/double_v1_rom_shim.S.obj
                0x10006118                dreduce
 *fill*         0x1000619a        0x2 
 .text.dtrig_guts
                0x1000619c      0x2ec CMakeFiles/MainBoard.dir/C_/Program_Files/Raspberry_Pi/Pico_SDK_v1.5.1/pico-sdk/src/rp2_common/pico_double/double_v1_rom_shim.S.obj
                0x10006274                datan2_shim
 .text.__aeabi_lmul
                0x10006488       0x32 CMakeFiles/MainBoard.dir/C_/Program_Files/Raspberry_Pi/Pico_SDK_v1.5.1/pico-sdk/src/rp2_common/pico_int64_ops/pico_int64_ops_aeabi.S.obj
                0x10006488                __wrap___aeabi_lmul
 *fill*         0x100064ba        0x2 
 .text.__aeabi_float_init
                0x100064bc       0xfc CMakeFiles/MainBoard.dir/C_/Program_Files/Raspberry_Pi/Pico_SDK_v1.5.1/pico-sdk/src/rp2_common/pico_float/float_init_rom.c.obj
                0x100064bc                __aeabi_float_init
 .text.float_table_shim_on_use_helper
                0x100065b8       0x34 CMakeFiles/MainBoard.dir/C_/Program_Files/Raspberry_Pi/Pico_SDK_v1.5.1/pico-sdk/src/rp2_common/pico_float/float_v1_rom_shim.S.obj
                0x100065b8                float_table_shim_on_use_helper
 .text          0x100065ec       0x10 CMakeFiles/MainBoard.dir/C_/Program_Files/Raspberry_Pi/Pico_SDK_v1.5.1/pico-sdk/src/rp2_common/pico_mem_ops/mem_ops_aeabi.S.obj
                0x100065ec                __aeabi_mem_init
 .text.memset   0x100065fc        0xc CMakeFiles/MainBoard.dir/C_/Program_Files/Raspberry_Pi/Pico_SDK_v1.5.1/pico-sdk/src/rp2_common/pico_mem_ops/mem_ops_aeabi.S.obj
                0x100065fc                __wrap_memset
 .text.memcpy   0x10006608        0xc CMakeFiles/MainBoard.dir/C_/Program_Files/Raspberry_Pi/Pico_SDK_v1.5.1/pico-sdk/src/rp2_common/pico_mem_ops/mem_ops_aeabi.S.obj
                0x10006608                __wrap_memcpy
                0x10006608                __wrap___aeabi_memcpy
 .text.stdio_out_chars_no_crlf
                0x10006614        0xe CMakeFiles/MainBoard.dir/C_/Program_Files/Raspberry_Pi/Pico_SDK_v1.5.1/pico-sdk/src/rp2_common/pico_stdio/stdio.c.obj
 *fill*         0x10006622        0x2 
 .text.stdio_out_chars_crlf
                0x10006624       0x80 CMakeFiles/MainBoard.dir/C_/Program_Files/Raspberry_Pi/Pico_SDK_v1.5.1/pico-sdk/src/rp2_common/pico_stdio/stdio.c.obj
 .text.stdio_stack_buffer_flush
                0x100066a4       0x44 CMakeFiles/MainBoard.dir/C_/Program_Files/Raspberry_Pi/Pico_SDK_v1.5.1/pico-sdk/src/rp2_common/pico_stdio/stdio.c.obj
 .text.stdio_buffered_printer
                0x100066e8       0x20 CMakeFiles/MainBoard.dir/C_/Program_Files/Raspberry_Pi/Pico_SDK_v1.5.1/pico-sdk/src/rp2_common/pico_stdio/stdio.c.obj
 .text.stdout_serialize_begin
                0x10006708       0x5c CMakeFiles/MainBoard.dir/C_/Program_Files/Raspberry_Pi/Pico_SDK_v1.5.1/pico-sdk/src/rp2_common/pico_stdio/stdio.c.obj
                0x10006708                stdout_serialize_begin
 .text.stdout_serialize_end
                0x10006764       0x10 CMakeFiles/MainBoard.dir/C_/Program_Files/Raspberry_Pi/Pico_SDK_v1.5.1/pico-sdk/src/rp2_common/pico_stdio/stdio.c.obj
                0x10006764                stdout_serialize_end
 .text.stdio_put_string
                0x10006774       0x98 CMakeFiles/MainBoard.dir/C_/Program_Files/Raspberry_Pi/Pico_SDK_v1.5.1/pico-sdk/src/rp2_common/pico_stdio/stdio.c.obj
 .text.stdio_set_driver_enabled
                0x1000680c       0x2c CMakeFiles/MainBoard.dir/C_/Program_Files/Raspberry_Pi/Pico_SDK_v1.5.1/pico-sdk/src/rp2_common/pico_stdio/stdio.c.obj
                0x1000680c                stdio_set_driver_enabled
 .text.stdio_flush
                0x10006838       0x20 CMakeFiles/MainBoard.dir/C_/Program_Files/Raspberry_Pi/Pico_SDK_v1.5.1/pico-sdk/src/rp2_common/pico_stdio/stdio.c.obj
                0x10006838                stdio_flush
 .text.__wrap_puts
                0x10006858       0x1e CMakeFiles/MainBoard.dir/C_/Program_Files/Raspberry_Pi/Pico_SDK_v1.5.1/pico-sdk/src/rp2_common/pico_stdio/stdio.c.obj
                0x10006858                __wrap_puts
 *fill*         0x10006876        0x2 
 .text.__wrap_vprintf
                0x10006878       0x40 CMakeFiles/MainBoard.dir/C_/Program_Files/Raspberry_Pi/Pico_SDK_v1.5.1/pico-sdk/src/rp2_common/pico_stdio/stdio.c.obj
                0x10006878                __wrap_vprintf
 .text.__wrap_printf
                0x100068b8       0x18 CMakeFiles/MainBoard.dir/C_/Program_Files/Raspberry_Pi/Pico_SDK_v1.5.1/pico-sdk/src/rp2_common/pico_stdio/stdio.c.obj
                0x100068b8                __wrap_printf
 .text.stdio_init_all
                0x100068d0        0xa CMakeFiles/MainBoard.dir/C_/Program_Files/Raspberry_Pi/Pico_SDK_v1.5.1/pico-sdk/src/rp2_common/pico_stdio/stdio.c.obj
                0x100068d0                stdio_init_all
 *fill*         0x100068da        0x2 
 .text.stdio_uart_out_chars
                0x100068dc       0x74 CMakeFiles/MainBoard.dir/C_/Program_Files/Raspberry_Pi/Pico_SDK_v1.5.1/pico-sdk/src/rp2_common/pico_stdio_uart/stdio_uart.c.obj
 .text.stdio_uart_in_chars
                0x10006950       0x80 CMakeFiles/MainBoard.dir/C_/Program_Files/Raspberry_Pi/Pico_SDK_v1.5.1/pico-sdk/src/rp2_common/pico_stdio_uart/stdio_uart.c.obj
                0x10006950                stdio_uart_in_chars
 .text.on_uart_rx
                0x100069d0       0x28 CMakeFiles/MainBoard.dir/C_/Program_Files/Raspberry_Pi/Pico_SDK_v1.5.1/pico-sdk/src/rp2_common/pico_stdio_uart/stdio_uart.c.obj
 .text.stdio_uart_set_chars_available_callback
                0x100069f8       0x8c CMakeFiles/MainBoard.dir/C_/Program_Files/Raspberry_Pi/Pico_SDK_v1.5.1/pico-sdk/src/rp2_common/pico_stdio_uart/stdio_uart.c.obj
 .text.stdio_uart_init_full
                0x10006a84       0x44 CMakeFiles/MainBoard.dir/C_/Program_Files/Raspberry_Pi/Pico_SDK_v1.5.1/pico-sdk/src/rp2_common/pico_stdio_uart/stdio_uart.c.obj
                0x10006a84                stdio_uart_init_full
 .text.stdio_uart_init
                0x10006ac8       0x28 CMakeFiles/MainBoard.dir/C_/Program_Files/Raspberry_Pi/Pico_SDK_v1.5.1/pico-sdk/src/rp2_common/pico_stdio_uart/stdio_uart.c.obj
                0x10006ac8                stdio_uart_init
 .text.hw_endpoint_get_by_addr
                0x10006af0       0x18 CMakeFiles/MainBoard.dir/C_/Program_Files/Raspberry_Pi/Pico_SDK_v1.5.1/pico-sdk/lib/tinyusb/src/portable/raspberrypi/rp2040/dcd_rp2040.c.obj
 .text._hw_endpoint_alloc
                0x10006b08       0x70 CMakeFiles/MainBoard.dir/C_/Program_Files/Raspberry_Pi/Pico_SDK_v1.5.1/pico-sdk/lib/tinyusb/src/portable/raspberrypi/rp2040/dcd_rp2040.c.obj
 .text.hw_endpoint_init
                0x10006b78       0x88 CMakeFiles/MainBoard.dir/C_/Program_Files/Raspberry_Pi/Pico_SDK_v1.5.1/pico-sdk/lib/tinyusb/src/portable/raspberrypi/rp2040/dcd_rp2040.c.obj
 .text.hw_endpoint_xfer
                0x10006c00       0x14 CMakeFiles/MainBoard.dir/C_/Program_Files/Raspberry_Pi/Pico_SDK_v1.5.1/pico-sdk/lib/tinyusb/src/portable/raspberrypi/rp2040/dcd_rp2040.c.obj
 .text.dcd_int_enable
                0x10006c14       0x2c CMakeFiles/MainBoard.dir/C_/Program_Files/Raspberry_Pi/Pico_SDK_v1.5.1/pico-sdk/lib/tinyusb/src/portable/raspberrypi/rp2040/dcd_rp2040.c.obj
                0x10006c14                dcd_int_enable
 .text.dcd_set_address
                0x10006c40       0x2c CMakeFiles/MainBoard.dir/C_/Program_Files/Raspberry_Pi/Pico_SDK_v1.5.1/pico-sdk/lib/tinyusb/src/portable/raspberrypi/rp2040/dcd_rp2040.c.obj
                0x10006c40                dcd_set_address
 .text.dcd_remote_wakeup
                0x10006c6c       0x38 CMakeFiles/MainBoard.dir/C_/Program_Files/Raspberry_Pi/Pico_SDK_v1.5.1/pico-sdk/lib/tinyusb/src/portable/raspberrypi/rp2040/dcd_rp2040.c.obj
                0x10006c6c                dcd_remote_wakeup
 .text.dcd_connect
                0x10006ca4       0x10 CMakeFiles/MainBoard.dir/C_/Program_Files/Raspberry_Pi/Pico_SDK_v1.5.1/pico-sdk/lib/tinyusb/src/portable/raspberrypi/rp2040/dcd_rp2040.c.obj
                0x10006ca4                dcd_connect
 .text.dcd_init
                0x10006cb4       0x80 CMakeFiles/MainBoard.dir/C_/Program_Files/Raspberry_Pi/Pico_SDK_v1.5.1/pico-sdk/lib/tinyusb/src/portable/raspberrypi/rp2040/dcd_rp2040.c.obj
                0x10006cb4                dcd_init
 .text.dcd_edpt0_status_complete
                0x10006d34       0x1c CMakeFiles/MainBoard.dir/C_/Program_Files/Raspberry_Pi/Pico_SDK_v1.5.1/pico-sdk/lib/tinyusb/src/portable/raspberrypi/rp2040/dcd_rp2040.c.obj
                0x10006d34                dcd_edpt0_status_complete
 .text.dcd_edpt_open
                0x10006d50       0x40 CMakeFiles/MainBoard.dir/C_/Program_Files/Raspberry_Pi/Pico_SDK_v1.5.1/pico-sdk/lib/tinyusb/src/portable/raspberrypi/rp2040/dcd_rp2040.c.obj
                0x10006d50                dcd_edpt_open
 .text.dcd_edpt_close_all
                0x10006d90        0x8 CMakeFiles/MainBoard.dir/C_/Program_Files/Raspberry_Pi/Pico_SDK_v1.5.1/pico-sdk/lib/tinyusb/src/portable/raspberrypi/rp2040/dcd_rp2040.c.obj
                0x10006d90                dcd_edpt_close_all
 .text.dcd_edpt_xfer
                0x10006d98       0x34 CMakeFiles/MainBoard.dir/C_/Program_Files/Raspberry_Pi/Pico_SDK_v1.5.1/pico-sdk/lib/tinyusb/src/portable/raspberrypi/rp2040/dcd_rp2040.c.obj
                0x10006d98                dcd_edpt_xfer
 .text.dcd_edpt_stall
                0x10006dcc       0x2c CMakeFiles/MainBoard.dir/C_/Program_Files/Raspberry_Pi/Pico_SDK_v1.5.1/pico-sdk/lib/tinyusb/src/portable/raspberrypi/rp2040/dcd_rp2040.c.obj
                0x10006dcc                dcd_edpt_stall
 .text.dcd_edpt_clear_stall
                0x10006df8       0x20 CMakeFiles/MainBoard.dir/C_/Program_Files/Raspberry_Pi/Pico_SDK_v1.5.1/pico-sdk/lib/tinyusb/src/portable/raspberrypi/rp2040/dcd_rp2040.c.obj
                0x10006df8                dcd_edpt_clear_stall
 .text.rp2040_usb_init
                0x10006e18       0x4c CMakeFiles/MainBoard.dir/C_/Program_Files/Raspberry_Pi/Pico_SDK_v1.5.1/pico-sdk/lib/tinyusb/src/portable/raspberrypi/rp2040/rp2040_usb.c.obj
                0x10006e18                rp2040_usb_init
 .text.hw_endpoint_xfer_start
                0x10006e64       0x50 CMakeFiles/MainBoard.dir/C_/Program_Files/Raspberry_Pi/Pico_SDK_v1.5.1/pico-sdk/lib/tinyusb/src/portable/raspberrypi/rp2040/rp2040_usb.c.obj
                0x10006e64                hw_endpoint_xfer_start
 .text.configuration_reset
                0x10006eb4       0x84 CMakeFiles/MainBoard.dir/C_/Program_Files/Raspberry_Pi/Pico_SDK_v1.5.1/pico-sdk/lib/tinyusb/src/device/usbd.c.obj
 .text.usbd_reset
                0x10006f38        0xc CMakeFiles/MainBoard.dir/C_/Program_Files/Raspberry_Pi/Pico_SDK_v1.5.1/pico-sdk/lib/tinyusb/src/device/usbd.c.obj
 .text.invoke_class_control
                0x10006f44       0x1a CMakeFiles/MainBoard.dir/C_/Program_Files/Raspberry_Pi/Pico_SDK_v1.5.1/pico-sdk/lib/tinyusb/src/device/usbd.c.obj
 *fill*         0x10006f5e        0x2 
 .text.process_set_config
                0x10006f60      0x15c CMakeFiles/MainBoard.dir/C_/Program_Files/Raspberry_Pi/Pico_SDK_v1.5.1/pico-sdk/lib/tinyusb/src/device/usbd.c.obj
 .text.process_get_descriptor
                0x100070bc       0xdc CMakeFiles/MainBoard.dir/C_/Program_Files/Raspberry_Pi/Pico_SDK_v1.5.1/pico-sdk/lib/tinyusb/src/device/usbd.c.obj
 .text.tud_mounted
                0x10007198       0x10 CMakeFiles/MainBoard.dir/C_/Program_Files/Raspberry_Pi/Pico_SDK_v1.5.1/pico-sdk/lib/tinyusb/src/device/usbd.c.obj
                0x10007198                tud_mounted
 .text.tud_suspended
                0x100071a8       0x10 CMakeFiles/MainBoard.dir/C_/Program_Files/Raspberry_Pi/Pico_SDK_v1.5.1/pico-sdk/lib/tinyusb/src/device/usbd.c.obj
                0x100071a8                tud_suspended
 .text.tud_remote_wakeup
                0x100071b8       0x34 CMakeFiles/MainBoard.dir/C_/Program_Files/Raspberry_Pi/Pico_SDK_v1.5.1/pico-sdk/lib/tinyusb/src/device/usbd.c.obj
                0x100071b8                tud_remote_wakeup
 .text.tud_inited
                0x100071ec       0x14 CMakeFiles/MainBoard.dir/C_/Program_Files/Raspberry_Pi/Pico_SDK_v1.5.1/pico-sdk/lib/tinyusb/src/device/usbd.c.obj
                0x100071ec                tud_inited
 .text.tud_init
                0x10007200       0xcc CMakeFiles/MainBoard.dir/C_/Program_Files/Raspberry_Pi/Pico_SDK_v1.5.1/pico-sdk/lib/tinyusb/src/device/usbd.c.obj
                0x10007200                tud_init
 .text.usbd_edpt_open
                0x100072cc       0x34 CMakeFiles/MainBoard.dir/C_/Program_Files/Raspberry_Pi/Pico_SDK_v1.5.1/pico-sdk/lib/tinyusb/src/device/usbd.c.obj
                0x100072cc                usbd_edpt_open
 .text.usbd_open_edpt_pair
                0x10007300       0x62 CMakeFiles/MainBoard.dir/C_/Program_Files/Raspberry_Pi/Pico_SDK_v1.5.1/pico-sdk/lib/tinyusb/src/device/usbd.c.obj
                0x10007300                usbd_open_edpt_pair
 *fill*         0x10007362        0x2 
 .text.usbd_edpt_claim
                0x10007364       0x28 CMakeFiles/MainBoard.dir/C_/Program_Files/Raspberry_Pi/Pico_SDK_v1.5.1/pico-sdk/lib/tinyusb/src/device/usbd.c.obj
                0x10007364                usbd_edpt_claim
 .text.usbd_edpt_xfer
                0x1000738c       0x78 CMakeFiles/MainBoard.dir/C_/Program_Files/Raspberry_Pi/Pico_SDK_v1.5.1/pico-sdk/lib/tinyusb/src/device/usbd.c.obj
                0x1000738c                usbd_edpt_xfer
 .text.usbd_edpt_busy
                0x10007404       0x1c CMakeFiles/MainBoard.dir/C_/Program_Files/Raspberry_Pi/Pico_SDK_v1.5.1/pico-sdk/lib/tinyusb/src/device/usbd.c.obj
                0x10007404                usbd_edpt_busy
 .text.usbd_edpt_stall
                0x10007420       0x48 CMakeFiles/MainBoard.dir/C_/Program_Files/Raspberry_Pi/Pico_SDK_v1.5.1/pico-sdk/lib/tinyusb/src/device/usbd.c.obj
                0x10007420                usbd_edpt_stall
 .text.usbd_edpt_clear_stall
                0x10007468       0x48 CMakeFiles/MainBoard.dir/C_/Program_Files/Raspberry_Pi/Pico_SDK_v1.5.1/pico-sdk/lib/tinyusb/src/device/usbd.c.obj
                0x10007468                usbd_edpt_clear_stall
 .text.usbd_edpt_stalled
                0x100074b0       0x1c CMakeFiles/MainBoard.dir/C_/Program_Files/Raspberry_Pi/Pico_SDK_v1.5.1/pico-sdk/lib/tinyusb/src/device/usbd.c.obj
                0x100074b0                usbd_edpt_stalled
 .text.process_control_request
                0x100074cc      0x37c CMakeFiles/MainBoard.dir/C_/Program_Files/Raspberry_Pi/Pico_SDK_v1.5.1/pico-sdk/lib/tinyusb/src/device/usbd.c.obj
 .text.tud_task_ext
                0x10007848      0x1b8 CMakeFiles/MainBoard.dir/C_/Program_Files/Raspberry_Pi/Pico_SDK_v1.5.1/pico-sdk/lib/tinyusb/src/device/usbd.c.obj
                0x10007848                tud_task_ext
 .text._data_stage_xact
                0x10007a00       0x58 CMakeFiles/MainBoard.dir/C_/Program_Files/Raspberry_Pi/Pico_SDK_v1.5.1/pico-sdk/lib/tinyusb/src/device/usbd_control.c.obj
 .text.tud_control_status
                0x10007a58       0x38 CMakeFiles/MainBoard.dir/C_/Program_Files/Raspberry_Pi/Pico_SDK_v1.5.1/pico-sdk/lib/tinyusb/src/device/usbd_control.c.obj
                0x10007a58                tud_control_status
 .text.tud_control_xfer
                0x10007a90       0x74 CMakeFiles/MainBoard.dir/C_/Program_Files/Raspberry_Pi/Pico_SDK_v1.5.1/pico-sdk/lib/tinyusb/src/device/usbd_control.c.obj
                0x10007a90                tud_control_xfer
 .text.usbd_control_reset
                0x10007b04       0x14 CMakeFiles/MainBoard.dir/C_/Program_Files/Raspberry_Pi/Pico_SDK_v1.5.1/pico-sdk/lib/tinyusb/src/device/usbd_control.c.obj
                0x10007b04                usbd_control_reset
 .text.usbd_control_set_complete_callback
                0x10007b18        0xc CMakeFiles/MainBoard.dir/C_/Program_Files/Raspberry_Pi/Pico_SDK_v1.5.1/pico-sdk/lib/tinyusb/src/device/usbd_control.c.obj
                0x10007b18                usbd_control_set_complete_callback
 .text.usbd_control_set_request
                0x10007b24       0x1c CMakeFiles/MainBoard.dir/C_/Program_Files/Raspberry_Pi/Pico_SDK_v1.5.1/pico-sdk/lib/tinyusb/src/device/usbd_control.c.obj
                0x10007b24                usbd_control_set_request
 .text.usbd_control_xfer_cb
                0x10007b40       0xcc CMakeFiles/MainBoard.dir/C_/Program_Files/Raspberry_Pi/Pico_SDK_v1.5.1/pico-sdk/lib/tinyusb/src/device/usbd_control.c.obj
                0x10007b40                usbd_control_xfer_cb
 .text.tud_hid_n_ready
                0x10007c0c       0x50 CMakeFiles/MainBoard.dir/C_/Program_Files/Raspberry_Pi/Pico_SDK_v1.5.1/pico-sdk/lib/tinyusb/src/class/hid/hid_device.c.obj
                0x10007c0c                tud_hid_n_ready
 .text.tud_hid_n_report
                0x10007c5c       0x84 CMakeFiles/MainBoard.dir/C_/Program_Files/Raspberry_Pi/Pico_SDK_v1.5.1/pico-sdk/lib/tinyusb/src/class/hid/hid_device.c.obj
                0x10007c5c                tud_hid_n_report
 .text.hidd_reset
                0x10007ce0       0x14 CMakeFiles/MainBoard.dir/C_/Program_Files/Raspberry_Pi/Pico_SDK_v1.5.1/pico-sdk/lib/tinyusb/src/class/hid/hid_device.c.obj
                0x10007ce0                hidd_reset
 .text.hidd_init
                0x10007cf4        0xa CMakeFiles/MainBoard.dir/C_/Program_Files/Raspberry_Pi/Pico_SDK_v1.5.1/pico-sdk/lib/tinyusb/src/class/hid/hid_device.c.obj
                0x10007cf4                hidd_init
 *fill*         0x10007cfe        0x2 
 .text.hidd_open
                0x10007d00       0xbc CMakeFiles/MainBoard.dir/C_/Program_Files/Raspberry_Pi/Pico_SDK_v1.5.1/pico-sdk/lib/tinyusb/src/class/hid/hid_device.c.obj
                0x10007d00                hidd_open
 .text.hidd_control_xfer_cb
                0x10007dbc      0x278 CMakeFiles/MainBoard.dir/C_/Program_Files/Raspberry_Pi/Pico_SDK_v1.5.1/pico-sdk/lib/tinyusb/src/class/hid/hid_device.c.obj
                0x10007dbc                hidd_control_xfer_cb
 .text.hidd_xfer_cb
                0x10008034       0x84 CMakeFiles/MainBoard.dir/C_/Program_Files/Raspberry_Pi/Pico_SDK_v1.5.1/pico-sdk/lib/tinyusb/src/class/hid/hid_device.c.obj
                0x10008034                hidd_xfer_cb
 .text.tusb_inited
                0x100080b8        0xe CMakeFiles/MainBoard.dir/C_/Program_Files/Raspberry_Pi/Pico_SDK_v1.5.1/pico-sdk/lib/tinyusb/src/tusb.c.obj
                0x100080b8                tusb_inited
 .text.tu_edpt_claim
                0x100080c6       0x50 CMakeFiles/MainBoard.dir/C_/Program_Files/Raspberry_Pi/Pico_SDK_v1.5.1/pico-sdk/lib/tinyusb/src/tusb.c.obj
                0x100080c6                tu_edpt_claim
 *fill*         0x10008116        0x2 
 .text.tu_edpt_validate
                0x10008118       0x78 CMakeFiles/MainBoard.dir/C_/Program_Files/Raspberry_Pi/Pico_SDK_v1.5.1/pico-sdk/lib/tinyusb/src/tusb.c.obj
                0x10008118                tu_edpt_validate
 .text.tu_edpt_bind_driver
                0x10008190       0x26 CMakeFiles/MainBoard.dir/C_/Program_Files/Raspberry_Pi/Pico_SDK_v1.5.1/pico-sdk/lib/tinyusb/src/tusb.c.obj
                0x10008190                tu_edpt_bind_driver
 .text.advance_index
                0x100081b6       0x1a CMakeFiles/MainBoard.dir/C_/Program_Files/Raspberry_Pi/Pico_SDK_v1.5.1/pico-sdk/lib/tinyusb/src/common/tusb_fifo.c.obj
 .text._tu_fifo_peek
                0x100081d0       0x56 CMakeFiles/MainBoard.dir/C_/Program_Files/Raspberry_Pi/Pico_SDK_v1.5.1/pico-sdk/lib/tinyusb/src/common/tusb_fifo.c.obj
 .text.tu_fifo_full
                0x10008226       0x28 CMakeFiles/MainBoard.dir/C_/Program_Files/Raspberry_Pi/Pico_SDK_v1.5.1/pico-sdk/lib/tinyusb/src/common/tusb_fifo.c.obj
                0x10008226                tu_fifo_full
 .text.tu_fifo_read
                0x1000824e       0x42 CMakeFiles/MainBoard.dir/C_/Program_Files/Raspberry_Pi/Pico_SDK_v1.5.1/pico-sdk/lib/tinyusb/src/common/tusb_fifo.c.obj
                0x1000824e                tu_fifo_read
 .text.tu_fifo_write
                0x10008290       0x64 CMakeFiles/MainBoard.dir/C_/Program_Files/Raspberry_Pi/Pico_SDK_v1.5.1/pico-sdk/lib/tinyusb/src/common/tusb_fifo.c.obj
                0x10008290                tu_fifo_write
 .text.tu_fifo_clear
                0x100082f4       0x3e CMakeFiles/MainBoard.dir/C_/Program_Files/Raspberry_Pi/Pico_SDK_v1.5.1/pico-sdk/lib/tinyusb/src/common/tusb_fifo.c.obj
                0x100082f4                tu_fifo_clear
 *fill*         0x10008332        0x2 
 .text.board_init
                0x10008334       0x30 CMakeFiles/MainBoard.dir/C_/Program_Files/Raspberry_Pi/Pico_SDK_v1.5.1/pico-sdk/lib/tinyusb/hw/bsp/rp2040/family.c.obj
                0x10008334                board_init
 .text.board_led_write
                0x10008364       0x1c CMakeFiles/MainBoard.dir/C_/Program_Files/Raspberry_Pi/Pico_SDK_v1.5.1/pico-sdk/lib/tinyusb/hw/bsp/rp2040/family.c.obj
                0x10008364                board_led_write
 .text.board_button_read
                0x10008380        0xe CMakeFiles/MainBoard.dir/C_/Program_Files/Raspberry_Pi/Pico_SDK_v1.5.1/pico-sdk/lib/tinyusb/hw/bsp/rp2040/family.c.obj
                0x10008380                board_button_read
 *fill*         0x1000838e        0x2 
 .text.SystemCoreClockUpdate
                0x10008390       0x14 CMakeFiles/MainBoard.dir/C_/Program_Files/Raspberry_Pi/Pico_SDK_v1.5.1/pico-sdk/src/rp2_common/cmsis/stub/CMSIS/Device/RaspberryPi/RP2040/Source/system_RP2040.c.obj
                0x10008390                SystemCoreClockUpdate
 .text.SystemInit
                0x100083a4        0x8 CMakeFiles/MainBoard.dir/C_/Program_Files/Raspberry_Pi/Pico_SDK_v1.5.1/pico-sdk/src/rp2_common/cmsis/stub/CMSIS/Device/RaspberryPi/RP2040/Source/system_RP2040.c.obj
                0x100083a4                SystemInit
 .text.i2c_write_blocking_internal
                0x100083ac      0x140 CMakeFiles/MainBoard.dir/C_/Program_Files/Raspberry_Pi/Pico_SDK_v1.5.1/pico-sdk/src/rp2_common/hardware_i2c/i2c.c.obj
 .text.i2c_read_blocking_internal
                0x100084ec       0xe6 CMakeFiles/MainBoard.dir/C_/Program_Files/Raspberry_Pi/Pico_SDK_v1.5.1/pico-sdk/src/rp2_common/hardware_i2c/i2c.c.obj
 *fill*         0x100085d2        0x2 
 .text.i2c_set_baudrate
                0x100085d4       0xf0 CMakeFiles/MainBoard.dir/C_/Program_Files/Raspberry_Pi/Pico_SDK_v1.5.1/pico-sdk/src/rp2_common/hardware_i2c/i2c.c.obj
                0x100085d4                i2c_set_baudrate
 .text.i2c_init
                0x100086c4       0x58 CMakeFiles/MainBoard.dir/C_/Program_Files/Raspberry_Pi/Pico_SDK_v1.5.1/pico-sdk/src/rp2_common/hardware_i2c/i2c.c.obj
                0x100086c4                i2c_init
 .text.i2c_write_blocking
                0x1000871c       0x18 CMakeFiles/MainBoard.dir/C_/Program_Files/Raspberry_Pi/Pico_SDK_v1.5.1/pico-sdk/src/rp2_common/hardware_i2c/i2c.c.obj
                0x1000871c                i2c_write_blocking
 .text.i2c_read_blocking
                0x10008734       0x18 CMakeFiles/MainBoard.dir/C_/Program_Files/Raspberry_Pi/Pico_SDK_v1.5.1/pico-sdk/src/rp2_common/hardware_i2c/i2c.c.obj
                0x10008734                i2c_read_blocking
 .text.itoa     0x1000874c       0x30 c:/progra~1/raspbe~1/picosd~1.1/gcc-ar~1/bin/../lib/gcc/arm-none-eabi/10.3.1/../../../../arm-none-eabi/lib/thumb/v6-m/nofp\libg.a(lib_a-itoa.o)
                0x1000874c                itoa
 .text.strcat   0x1000877c       0x4c c:/progra~1/raspbe~1/picosd~1.1/gcc-ar~1/bin/../lib/gcc/arm-none-eabi/10.3.1/../../../../arm-none-eabi/lib/thumb/v6-m/nofp\libg.a(lib_a-strcat.o)
                0x1000877c                strcat
 .text.strcpy   0x100087c8       0x10 c:/progra~1/raspbe~1/picosd~1.1/gcc-ar~1/bin/../lib/gcc/arm-none-eabi/10.3.1/../../../../arm-none-eabi/lib/thumb/v6-m/nofp\libg.a(lib_a-strcpy.o)
                0x100087c8                strcpy
 .text.strlen   0x100087d8       0x5c c:/progra~1/raspbe~1/picosd~1.1/gcc-ar~1/bin/../lib/gcc/arm-none-eabi/10.3.1/../../../../arm-none-eabi/lib/thumb/v6-m/nofp\libg.a(lib_a-strlen-stub.o)
                0x100087d8                strlen
 .text.__utoa   0x10008834       0x80 c:/progra~1/raspbe~1/picosd~1.1/gcc-ar~1/bin/../lib/gcc/arm-none-eabi/10.3.1/../../../../arm-none-eabi/lib/thumb/v6-m/nofp\libg.a(lib_a-utoa.o)
                0x10008834                __utoa
 *(.fini)
 .fini          0x100088b4        0x4 c:/progra~1/raspbe~1/picosd~1.1/gcc-ar~1/bin/../lib/gcc/arm-none-eabi/10.3.1/thumb/v6-m/nofp/crti.o
                0x100088b4                _fini
 .fini.__stub   0x100088b8       0xc0 linker stubs
 *crtbegin.o(.ctors)
 *crtbegin?.o(.ctors)
 *(EXCLUDE_FILE(*crtend.o *crtend?.o) .ctors)
 *(SORT_BY_NAME(.ctors.*))
 *(.ctors)
 *crtbegin.o(.dtors)
 *crtbegin?.o(.dtors)
 *(EXCLUDE_FILE(*crtend.o *crtend?.o) .dtors)
 *(SORT_BY_NAME(.dtors.*))
 *(.dtors)
 *(.eh_frame*)
 .eh_frame      0x10008978        0x0 c:/progra~1/raspbe~1/picosd~1.1/gcc-ar~1/bin/../lib/gcc/arm-none-eabi/10.3.1/thumb/v6-m/nofp/crtbegin.o
                0x10008978                . = ALIGN (0x4)

.glue_7         0x10008978        0x0
 .glue_7        0x10008978        0x0 linker stubs

.glue_7t        0x10008978        0x0
 .glue_7t       0x10008978        0x0 linker stubs

.vfp11_veneer   0x10008978        0x0
 .vfp11_veneer  0x10008978        0x0 linker stubs

.v4_bx          0x10008978        0x0
 .v4_bx         0x10008978        0x0 linker stubs

.iplt           0x10008978        0x0
 .iplt          0x10008978        0x0 c:/progra~1/raspbe~1/picosd~1.1/gcc-ar~1/bin/../lib/gcc/arm-none-eabi/10.3.1/thumb/v6-m/nofp/crtbegin.o

.rodata         0x10008978     0x18d0
 *(EXCLUDE_FILE(*libm.a: *libc.a:*lib_a-mem*.o *libgcc.a:) .rodata*)
 .rodata.str1.4
                0x10008978      0x119 CMakeFiles/MainBoard.dir/main.c.obj
                                0x11d (size before relaxing)
 *fill*         0x10008a91        0x3 
 .rodata.LCD_menu.str1.4
                0x10008a94       0x29 CMakeFiles/MainBoard.dir/main.c.obj
 *fill*         0x10008abd        0x3 
 .rodata.update_angle.str1.4
                0x10008ac0       0x26 CMakeFiles/MainBoard.dir/main.c.obj
 *fill*         0x10008ae6        0x2 
 .rodata.memo.str1.4
                0x10008ae8       0x6e CMakeFiles/MainBoard.dir/main.c.obj
 *fill*         0x10008b56        0x2 
 .rodata        0x10008b58        0x8 CMakeFiles/MainBoard.dir/main.c.obj
 .rodata.__bi_149.2
                0x10008b60        0x8 CMakeFiles/MainBoard.dir/main.c.obj
 .rodata.tud_descriptor_string_cb.str1.4
                0x10008b68       0x11 CMakeFiles/MainBoard.dir/usb_descriptors.c.obj
 *fill*         0x10008b79        0x3 
 .rodata.str1.4
                0x10008b7c       0x17 CMakeFiles/MainBoard.dir/usb_descriptors.c.obj
 *fill*         0x10008b93        0x1 
 .rodata.__compound_literal.0
                0x10008b94        0x2 CMakeFiles/MainBoard.dir/usb_descriptors.c.obj
 *fill*         0x10008b96        0x2 
 .rodata.desc_configuration
                0x10008b98       0x22 CMakeFiles/MainBoard.dir/usb_descriptors.c.obj
                0x10008b98                desc_configuration
 *fill*         0x10008bba        0x2 
 .rodata.desc_device
                0x10008bbc       0x12 CMakeFiles/MainBoard.dir/usb_descriptors.c.obj
                0x10008bbc                desc_device
 *fill*         0x10008bce        0x2 
 .rodata.desc_hid_report
                0x10008bd0       0xef CMakeFiles/MainBoard.dir/usb_descriptors.c.obj
                0x10008bd0                desc_hid_report
 *fill*         0x10008cbf        0x1 
 .rodata.hid_task.str1.4
                0x10008cc0       0x7d CMakeFiles/MainBoard.dir/callbacks.c.obj
 *fill*         0x10008d3d        0x3 
 .rodata.__func__.0
                0x10008d40       0x15 CMakeFiles/MainBoard.dir/callbacks.c.obj
 *fill*         0x10008d55        0x3 
 .rodata.pinConfig.str1.4
                0x10008d58       0x1e CMakeFiles/MainBoard.dir/matriz.c.obj
 *fill*         0x10008d76        0x2 
 .rodata.begin_systick.str1.4
                0x10008d78       0x33 CMakeFiles/MainBoard.dir/matriz.c.obj
 *fill*         0x10008dab        0x1 
 .rodata.readMatrix
                0x10008dac       0x24 CMakeFiles/MainBoard.dir/matriz.c.obj
 .rodata.spin_lock_claim_unused.str1.4
                0x10008dd0       0x1b CMakeFiles/MainBoard.dir/C_/Program_Files/Raspberry_Pi/Pico_SDK_v1.5.1/pico-sdk/src/rp2_common/hardware_sync/sync.c.obj
 *fill*         0x10008deb        0x1 
 .rodata.make_branch.str1.4
                0x10008dec       0x89 CMakeFiles/MainBoard.dir/C_/Program_Files/Raspberry_Pi/Pico_SDK_v1.5.1/pico-sdk/src/rp2_common/hardware_irq/irq.c.obj
 *fill*         0x10008e75        0x3 
 .rodata.insert_branch_and_link.str1.4
                0x10008e78       0x10 CMakeFiles/MainBoard.dir/C_/Program_Files/Raspberry_Pi/Pico_SDK_v1.5.1/pico-sdk/src/rp2_common/hardware_irq/irq.c.obj
 .rodata.irq_set_exclusive_handler.str1.4
                0x10008e88       0x36 CMakeFiles/MainBoard.dir/C_/Program_Files/Raspberry_Pi/Pico_SDK_v1.5.1/pico-sdk/src/rp2_common/hardware_irq/irq.c.obj
 *fill*         0x10008ebe        0x2 
 .rodata.irq_add_shared_handler.str1.4
                0x10008ec0       0xd9 CMakeFiles/MainBoard.dir/C_/Program_Files/Raspberry_Pi/Pico_SDK_v1.5.1/pico-sdk/src/rp2_common/hardware_irq/irq.c.obj
 *fill*         0x10008f99        0x3 
 .rodata.irq_remove_handler.str1.4
                0x10008f9c       0x3a CMakeFiles/MainBoard.dir/C_/Program_Files/Raspberry_Pi/Pico_SDK_v1.5.1/pico-sdk/src/rp2_common/hardware_irq/irq.c.obj
 *fill*         0x10008fd6        0x2 
 .rodata.irq_add_tail_to_free_list.str1.4
                0x10008fd8       0x3a CMakeFiles/MainBoard.dir/C_/Program_Files/Raspberry_Pi/Pico_SDK_v1.5.1/pico-sdk/src/rp2_common/hardware_irq/irq.c.obj
 *fill*         0x10009012        0x2 
 .rodata.__func__.0
                0x10009014       0x1a CMakeFiles/MainBoard.dir/C_/Program_Files/Raspberry_Pi/Pico_SDK_v1.5.1/pico-sdk/src/rp2_common/hardware_irq/irq.c.obj
 *fill*         0x1000902e        0x2 
 .rodata.__func__.1
                0x10009030       0x17 CMakeFiles/MainBoard.dir/C_/Program_Files/Raspberry_Pi/Pico_SDK_v1.5.1/pico-sdk/src/rp2_common/hardware_irq/irq.c.obj
 *fill*         0x10009047        0x1 
 .rodata.__func__.2
                0x10009048       0x13 CMakeFiles/MainBoard.dir/C_/Program_Files/Raspberry_Pi/Pico_SDK_v1.5.1/pico-sdk/src/rp2_common/hardware_irq/irq.c.obj
 *fill*         0x1000905b        0x1 
 .rodata.__func__.3
                0x1000905c        0xc CMakeFiles/MainBoard.dir/C_/Program_Files/Raspberry_Pi/Pico_SDK_v1.5.1/pico-sdk/src/rp2_common/hardware_irq/irq.c.obj
 .rodata.__func__.4
                0x10009068        0xf CMakeFiles/MainBoard.dir/C_/Program_Files/Raspberry_Pi/Pico_SDK_v1.5.1/pico-sdk/src/rp2_common/hardware_irq/irq.c.obj
 *fill*         0x10009077        0x1 
 .rodata.__func__.5
                0x10009078       0x17 CMakeFiles/MainBoard.dir/C_/Program_Files/Raspberry_Pi/Pico_SDK_v1.5.1/pico-sdk/src/rp2_common/hardware_irq/irq.c.obj
 *fill*         0x1000908f        0x1 
 .rodata.__func__.6
                0x10009090       0x1a CMakeFiles/MainBoard.dir/C_/Program_Files/Raspberry_Pi/Pico_SDK_v1.5.1/pico-sdk/src/rp2_common/hardware_irq/irq.c.obj
 *fill*         0x100090aa        0x2 
 .rodata.str1.4
                0x100090ac       0xa5 CMakeFiles/MainBoard.dir/C_/Program_Files/Raspberry_Pi/Pico_SDK_v1.5.1/pico-sdk/src/common/pico_sync/mutex.c.obj
                                0x125 (size before relaxing)
 *fill*         0x10009151        0x3 
 .rodata.__func__.1
                0x10009154        0xb CMakeFiles/MainBoard.dir/C_/Program_Files/Raspberry_Pi/Pico_SDK_v1.5.1/pico-sdk/src/common/pico_sync/mutex.c.obj
 *fill*         0x1000915f        0x1 
 .rodata.__func__.3
                0x10009160       0x18 CMakeFiles/MainBoard.dir/C_/Program_Files/Raspberry_Pi/Pico_SDK_v1.5.1/pico-sdk/src/common/pico_sync/mutex.c.obj
 .rodata.__func__.4
                0x10009178       0x15 CMakeFiles/MainBoard.dir/C_/Program_Files/Raspberry_Pi/Pico_SDK_v1.5.1/pico-sdk/src/common/pico_sync/mutex.c.obj
 *fill*         0x1000918d        0x3 
 .rodata.repeating_timer_callback.str1.4
                0x10009190       0x67 CMakeFiles/MainBoard.dir/C_/Program_Files/Raspberry_Pi/Pico_SDK_v1.5.1/pico-sdk/src/common/pico_time/time.c.obj
 *fill*         0x100091f7        0x1 
 .rodata.timer_pool_entry_comparator.str1.4
                0x100091f8       0x22 CMakeFiles/MainBoard.dir/C_/Program_Files/Raspberry_Pi/Pico_SDK_v1.5.1/pico-sdk/src/common/pico_time/time.c.obj
 *fill*         0x1000921a        0x2 
 .rodata.ph_add_child_node.str1.4
                0x1000921c       0xb2 CMakeFiles/MainBoard.dir/C_/Program_Files/Raspberry_Pi/Pico_SDK_v1.5.1/pico-sdk/src/common/pico_time/time.c.obj
 *fill*         0x100092ce        0x2 
 .rodata.add_alarm_under_lock.str1.4
                0x100092d0       0x28 CMakeFiles/MainBoard.dir/C_/Program_Files/Raspberry_Pi/Pico_SDK_v1.5.1/pico-sdk/src/common/pico_time/time.c.obj
                                 0x2b (size before relaxing)
 .rodata.alarm_pool_alarm_callback.str1.4
                0x100092f8       0x98 CMakeFiles/MainBoard.dir/C_/Program_Files/Raspberry_Pi/Pico_SDK_v1.5.1/pico-sdk/src/common/pico_time/time.c.obj
                                0x118 (size before relaxing)
 .rodata.alarm_pool_get_default.str1.4
                0x10009390       0x21 CMakeFiles/MainBoard.dir/C_/Program_Files/Raspberry_Pi/Pico_SDK_v1.5.1/pico-sdk/src/common/pico_time/time.c.obj
 *fill*         0x100093b1        0x3 
 .rodata.alarm_pool_cancel_alarm.str1.4
                0x100093b4       0x27 CMakeFiles/MainBoard.dir/C_/Program_Files/Raspberry_Pi/Pico_SDK_v1.5.1/pico-sdk/src/common/pico_time/time.c.obj
 *fill*         0x100093db        0x1 
 .rodata.sleep_until.str1.4
                0x100093dc       0x4d CMakeFiles/MainBoard.dir/C_/Program_Files/Raspberry_Pi/Pico_SDK_v1.5.1/pico-sdk/src/common/pico_time/time.c.obj
 *fill*         0x10009429        0x3 
 .rodata.__func__.1
                0x1000942c       0x18 CMakeFiles/MainBoard.dir/C_/Program_Files/Raspberry_Pi/Pico_SDK_v1.5.1/pico-sdk/src/common/pico_time/time.c.obj
 .rodata.__func__.10
                0x10009444       0x15 CMakeFiles/MainBoard.dir/C_/Program_Files/Raspberry_Pi/Pico_SDK_v1.5.1/pico-sdk/src/common/pico_time/time.c.obj
 *fill*         0x10009459        0x3 
 .rodata.__func__.11
                0x1000945c       0x1a CMakeFiles/MainBoard.dir/C_/Program_Files/Raspberry_Pi/Pico_SDK_v1.5.1/pico-sdk/src/common/pico_time/time.c.obj
 *fill*         0x10009476        0x2 
 .rodata.__func__.12
                0x10009478        0xa CMakeFiles/MainBoard.dir/C_/Program_Files/Raspberry_Pi/Pico_SDK_v1.5.1/pico-sdk/src/common/pico_time/time.c.obj
 *fill*         0x10009482        0x2 
 .rodata.__func__.3
                0x10009484       0x17 CMakeFiles/MainBoard.dir/C_/Program_Files/Raspberry_Pi/Pico_SDK_v1.5.1/pico-sdk/src/common/pico_time/time.c.obj
 *fill*         0x1000949b        0x1 
 .rodata.__func__.4
                0x1000949c       0x12 CMakeFiles/MainBoard.dir/C_/Program_Files/Raspberry_Pi/Pico_SDK_v1.5.1/pico-sdk/src/common/pico_time/time.c.obj
 *fill*         0x100094ae        0x2 
 .rodata.__func__.5
                0x100094b0        0xd CMakeFiles/MainBoard.dir/C_/Program_Files/Raspberry_Pi/Pico_SDK_v1.5.1/pico-sdk/src/common/pico_time/time.c.obj
 *fill*         0x100094bd        0x3 
 .rodata.__func__.6
                0x100094c0       0x12 CMakeFiles/MainBoard.dir/C_/Program_Files/Raspberry_Pi/Pico_SDK_v1.5.1/pico-sdk/src/common/pico_time/time.c.obj
 *fill*         0x100094d2        0x2 
 .rodata.__func__.7
                0x100094d4        0xf CMakeFiles/MainBoard.dir/C_/Program_Files/Raspberry_Pi/Pico_SDK_v1.5.1/pico-sdk/src/common/pico_time/time.c.obj
 *fill*         0x100094e3        0x1 
 .rodata.__func__.8
                0x100094e4        0xc CMakeFiles/MainBoard.dir/C_/Program_Files/Raspberry_Pi/Pico_SDK_v1.5.1/pico-sdk/src/common/pico_time/time.c.obj
 .rodata.__func__.9
                0x100094f0       0x15 CMakeFiles/MainBoard.dir/C_/Program_Files/Raspberry_Pi/Pico_SDK_v1.5.1/pico-sdk/src/common/pico_time/time.c.obj
 *fill*         0x10009505        0x3 
 .rodata.hardware_alarm_claim.str1.4
                0x10009508       0x22 CMakeFiles/MainBoard.dir/C_/Program_Files/Raspberry_Pi/Pico_SDK_v1.5.1/pico-sdk/src/rp2_common/hardware_timer/timer.c.obj
 .rodata.busy_wait_us.str1.4
                0x1000952a       0x7d CMakeFiles/MainBoard.dir/C_/Program_Files/Raspberry_Pi/Pico_SDK_v1.5.1/pico-sdk/src/rp2_common/hardware_timer/timer.c.obj
 *fill*         0x1000952a        0x2 
 .rodata.hardware_alarm_set_target.str1.4
                0x1000952c       0x81 CMakeFiles/MainBoard.dir/C_/Program_Files/Raspberry_Pi/Pico_SDK_v1.5.1/pico-sdk/src/rp2_common/hardware_timer/timer.c.obj
 *fill*         0x100095ad        0x3 
 .rodata.__func__.0
                0x100095b0       0x1a CMakeFiles/MainBoard.dir/C_/Program_Files/Raspberry_Pi/Pico_SDK_v1.5.1/pico-sdk/src/rp2_common/hardware_timer/timer.c.obj
 *fill*         0x100095ca        0x2 
 .rodata.__func__.1
                0x100095cc       0x15 CMakeFiles/MainBoard.dir/C_/Program_Files/Raspberry_Pi/Pico_SDK_v1.5.1/pico-sdk/src/rp2_common/hardware_timer/timer.c.obj
 .rodata.ph_add_child_node.str1.4
                0x100095e1       0xb2 CMakeFiles/MainBoard.dir/C_/Program_Files/Raspberry_Pi/Pico_SDK_v1.5.1/pico-sdk/src/common/pico_util/pheap.c.obj
 *fill*         0x100095e1        0x3 
 .rodata.ph_remove_any_head.str1.4
                0x100095e4       0xa8 CMakeFiles/MainBoard.dir/C_/Program_Files/Raspberry_Pi/Pico_SDK_v1.5.1/pico-sdk/src/common/pico_util/pheap.c.obj
                                 0xbc (size before relaxing)
 .rodata.ph_remove_and_free_node.str1.4
                0x1000968c       0x1e CMakeFiles/MainBoard.dir/C_/Program_Files/Raspberry_Pi/Pico_SDK_v1.5.1/pico-sdk/src/common/pico_util/pheap.c.obj
                                 0x26 (size before relaxing)
 *fill*         0x100096aa        0x2 
 .rodata.__func__.0
                0x100096ac       0x18 CMakeFiles/MainBoard.dir/C_/Program_Files/Raspberry_Pi/Pico_SDK_v1.5.1/pico-sdk/src/common/pico_util/pheap.c.obj
 .rodata.__func__.1
                0x100096c4       0x13 CMakeFiles/MainBoard.dir/C_/Program_Files/Raspberry_Pi/Pico_SDK_v1.5.1/pico-sdk/src/common/pico_util/pheap.c.obj
 *fill*         0x100096d7        0x1 
 .rodata.__func__.2
                0x100096d8       0x12 CMakeFiles/MainBoard.dir/C_/Program_Files/Raspberry_Pi/Pico_SDK_v1.5.1/pico-sdk/src/common/pico_util/pheap.c.obj
 *fill*         0x100096ea        0x2 
 .rodata.__func__.3
                0x100096ec        0xc CMakeFiles/MainBoard.dir/C_/Program_Files/Raspberry_Pi/Pico_SDK_v1.5.1/pico-sdk/src/common/pico_util/pheap.c.obj
 .rodata.clock_configure.str1.4
                0x100096f8       0x73 CMakeFiles/MainBoard.dir/C_/Program_Files/Raspberry_Pi/Pico_SDK_v1.5.1/pico-sdk/src/rp2_common/hardware_clocks/clocks.c.obj
 *fill*         0x1000976b        0x1 
 .rodata.__func__.1
                0x1000976c       0x10 CMakeFiles/MainBoard.dir/C_/Program_Files/Raspberry_Pi/Pico_SDK_v1.5.1/pico-sdk/src/rp2_common/hardware_clocks/clocks.c.obj
 .rodata.pll_init.str1.4
                0x1000977c      0x140 CMakeFiles/MainBoard.dir/C_/Program_Files/Raspberry_Pi/Pico_SDK_v1.5.1/pico-sdk/src/rp2_common/hardware_pll/pll.c.obj
 .rodata.__func__.0
                0x100098bc        0x9 CMakeFiles/MainBoard.dir/C_/Program_Files/Raspberry_Pi/Pico_SDK_v1.5.1/pico-sdk/src/rp2_common/hardware_pll/pll.c.obj
 *fill*         0x100098c5        0x3 
 .rodata.__assert_func.str1.4
                0x100098c8       0x3f CMakeFiles/MainBoard.dir/C_/Program_Files/Raspberry_Pi/Pico_SDK_v1.5.1/pico-sdk/src/rp2_common/pico_runtime/runtime.c.obj
                                 0x43 (size before relaxing)
 *fill*         0x10009907        0x1 
 .rodata.runtime_init.str1.4
                0x10009908       0x7d CMakeFiles/MainBoard.dir/C_/Program_Files/Raspberry_Pi/Pico_SDK_v1.5.1/pico-sdk/src/rp2_common/pico_runtime/runtime.c.obj
 *fill*         0x10009985        0x3 
 .rodata.panic.str1.4
                0x10009988       0x12 CMakeFiles/MainBoard.dir/C_/Program_Files/Raspberry_Pi/Pico_SDK_v1.5.1/pico-sdk/src/rp2_common/pico_runtime/runtime.c.obj
 *fill*         0x1000999a        0x2 
 .rodata.__func__.2
                0x1000999c        0xd CMakeFiles/MainBoard.dir/C_/Program_Files/Raspberry_Pi/Pico_SDK_v1.5.1/pico-sdk/src/rp2_common/pico_runtime/runtime.c.obj
 *fill*         0x100099a9        0x3 
 .rodata._ftoa.str1.4
                0x100099ac       0x15 CMakeFiles/MainBoard.dir/C_/Program_Files/Raspberry_Pi/Pico_SDK_v1.5.1/pico-sdk/src/rp2_common/pico_printf/printf.c.obj
 *fill*         0x100099c1        0x3 
 .rodata._vsnprintf
                0x100099c4      0x1e0 CMakeFiles/MainBoard.dir/C_/Program_Files/Raspberry_Pi/Pico_SDK_v1.5.1/pico-sdk/src/rp2_common/pico_printf/printf.c.obj
 *fill*         0x10009ba4        0x4 
 .rodata.pow10.0
                0x10009ba8       0x50 CMakeFiles/MainBoard.dir/C_/Program_Files/Raspberry_Pi/Pico_SDK_v1.5.1/pico-sdk/src/rp2_common/pico_printf/printf.c.obj
 .rodata.__aeabi_double_init.str1.4
                0x10009bf8       0xb8 CMakeFiles/MainBoard.dir/C_/Program_Files/Raspberry_Pi/Pico_SDK_v1.5.1/pico-sdk/src/rp2_common/pico_double/double_init_rom.c.obj
 .rodata.__func__.0
                0x10009cb0       0x14 CMakeFiles/MainBoard.dir/C_/Program_Files/Raspberry_Pi/Pico_SDK_v1.5.1/pico-sdk/src/rp2_common/pico_double/double_init_rom.c.obj
 .rodata.__aeabi_float_init.str1.4
                0x10009cc4       0x96 CMakeFiles/MainBoard.dir/C_/Program_Files/Raspberry_Pi/Pico_SDK_v1.5.1/pico-sdk/src/rp2_common/pico_float/float_init_rom.c.obj
                                 0x9a (size before relaxing)
 *fill*         0x10009d5a        0x2 
 .rodata.__func__.0
                0x10009d5c       0x13 CMakeFiles/MainBoard.dir/C_/Program_Files/Raspberry_Pi/Pico_SDK_v1.5.1/pico-sdk/src/rp2_common/pico_float/float_init_rom.c.obj
 *fill*         0x10009d6f        0x1 
 .rodata.str1.4
                0x10009d70       0x40 CMakeFiles/MainBoard.dir/C_/Program_Files/Raspberry_Pi/Pico_SDK_v1.5.1/pico-sdk/src/rp2_common/pico_standard_link/binary_info.c.obj
 .rodata.__bi_44
                0x10009db0        0xc CMakeFiles/MainBoard.dir/C_/Program_Files/Raspberry_Pi/Pico_SDK_v1.5.1/pico-sdk/src/rp2_common/pico_standard_link/binary_info.c.obj
 .rodata.__bi_75
                0x10009dbc        0xc CMakeFiles/MainBoard.dir/C_/Program_Files/Raspberry_Pi/Pico_SDK_v1.5.1/pico-sdk/src/rp2_common/pico_standard_link/binary_info.c.obj
 .rodata.__bi_81
                0x10009dc8        0xc CMakeFiles/MainBoard.dir/C_/Program_Files/Raspberry_Pi/Pico_SDK_v1.5.1/pico-sdk/src/rp2_common/pico_standard_link/binary_info.c.obj
 .rodata.stdout_serialize_begin.str1.4
                0x10009dd4       0x7d CMakeFiles/MainBoard.dir/C_/Program_Files/Raspberry_Pi/Pico_SDK_v1.5.1/pico-sdk/src/rp2_common/pico_stdio/stdio.c.obj
 .rodata.__func__.3
                0x10009dd4       0x15 CMakeFiles/MainBoard.dir/C_/Program_Files/Raspberry_Pi/Pico_SDK_v1.5.1/pico-sdk/src/rp2_common/pico_stdio/stdio.c.obj
 *fill*         0x10009de9        0x3 
 .rodata.crlf_str.2
                0x10009dec        0x2 CMakeFiles/MainBoard.dir/C_/Program_Files/Raspberry_Pi/Pico_SDK_v1.5.1/pico-sdk/src/rp2_common/pico_stdio/stdio.c.obj
 *fill*         0x10009dee        0x2 
 .rodata.str1.4
                0x10009df0       0x2c CMakeFiles/MainBoard.dir/C_/Program_Files/Raspberry_Pi/Pico_SDK_v1.5.1/pico-sdk/src/rp2_common/pico_stdio_uart/stdio_uart.c.obj
 .rodata.__bi_33.4
                0x10009e1c        0xc CMakeFiles/MainBoard.dir/C_/Program_Files/Raspberry_Pi/Pico_SDK_v1.5.1/pico-sdk/src/rp2_common/pico_stdio_uart/stdio_uart.c.obj
 .rodata.__bi_34.5
                0x10009e28        0x8 CMakeFiles/MainBoard.dir/C_/Program_Files/Raspberry_Pi/Pico_SDK_v1.5.1/pico-sdk/src/rp2_common/pico_stdio_uart/stdio_uart.c.obj
 .rodata._hw_endpoint_alloc.str1.4
                0x10009e30       0xd1 CMakeFiles/MainBoard.dir/C_/Program_Files/Raspberry_Pi/Pico_SDK_v1.5.1/pico-sdk/lib/tinyusb/src/portable/raspberrypi/rp2040/dcd_rp2040.c.obj
 *fill*         0x10009f01        0x3 
 .rodata.str1.4
                0x10009f04       0x14 CMakeFiles/MainBoard.dir/C_/Program_Files/Raspberry_Pi/Pico_SDK_v1.5.1/pico-sdk/lib/tinyusb/src/portable/raspberrypi/rp2040/dcd_rp2040.c.obj
 .rodata.dcd_int_enable.str1.4
                0x10009f18        0xc CMakeFiles/MainBoard.dir/C_/Program_Files/Raspberry_Pi/Pico_SDK_v1.5.1/pico-sdk/lib/tinyusb/src/portable/raspberrypi/rp2040/dcd_rp2040.c.obj
 .rodata.__func__.0
                0x10009f24        0xe CMakeFiles/MainBoard.dir/C_/Program_Files/Raspberry_Pi/Pico_SDK_v1.5.1/pico-sdk/lib/tinyusb/src/portable/raspberrypi/rp2040/dcd_rp2040.c.obj
 *fill*         0x10009f32        0x2 
 .rodata.__func__.1
                0x10009f34        0xe CMakeFiles/MainBoard.dir/C_/Program_Files/Raspberry_Pi/Pico_SDK_v1.5.1/pico-sdk/lib/tinyusb/src/portable/raspberrypi/rp2040/dcd_rp2040.c.obj
 *fill*         0x10009f42        0x2 
 .rodata.__func__.2
                0x10009f44       0x12 CMakeFiles/MainBoard.dir/C_/Program_Files/Raspberry_Pi/Pico_SDK_v1.5.1/pico-sdk/lib/tinyusb/src/portable/raspberrypi/rp2040/dcd_rp2040.c.obj
 *fill*         0x10009f56        0x2 
 .rodata.__func__.3
                0x10009f58       0x10 CMakeFiles/MainBoard.dir/C_/Program_Files/Raspberry_Pi/Pico_SDK_v1.5.1/pico-sdk/lib/tinyusb/src/portable/raspberrypi/rp2040/dcd_rp2040.c.obj
 .rodata.__func__.5
                0x10009f68        0xf CMakeFiles/MainBoard.dir/C_/Program_Files/Raspberry_Pi/Pico_SDK_v1.5.1/pico-sdk/lib/tinyusb/src/portable/raspberrypi/rp2040/dcd_rp2040.c.obj
 *fill*         0x10009f77        0x1 
 .rodata.__func__.6
                0x10009f78       0x13 CMakeFiles/MainBoard.dir/C_/Program_Files/Raspberry_Pi/Pico_SDK_v1.5.1/pico-sdk/lib/tinyusb/src/portable/raspberrypi/rp2040/dcd_rp2040.c.obj
 *fill*         0x10009f8b        0x1 
 .rodata.__func__.7
                0x10009f8c        0x9 CMakeFiles/MainBoard.dir/C_/Program_Files/Raspberry_Pi/Pico_SDK_v1.5.1/pico-sdk/lib/tinyusb/src/portable/raspberrypi/rp2040/dcd_rp2040.c.obj
 *fill*         0x10009f95        0x3 
 .rodata.str1.4
                0x10009f98       0xf9 CMakeFiles/MainBoard.dir/C_/Program_Files/Raspberry_Pi/Pico_SDK_v1.5.1/pico-sdk/lib/tinyusb/src/portable/raspberrypi/rp2040/rp2040_usb.c.obj
                                0x103 (size before relaxing)
 *fill*         0x1000a091        0x3 
 .rodata.__func__.0
                0x1000a094        0xf CMakeFiles/MainBoard.dir/C_/Program_Files/Raspberry_Pi/Pico_SDK_v1.5.1/pico-sdk/lib/tinyusb/src/portable/raspberrypi/rp2040/rp2040_usb.c.obj
 *fill*         0x1000a0a3        0x1 
 .rodata.process_get_descriptor
                0x1000a0a4       0x40 CMakeFiles/MainBoard.dir/C_/Program_Files/Raspberry_Pi/Pico_SDK_v1.5.1/pico-sdk/lib/tinyusb/src/device/usbd.c.obj
 .rodata.process_control_request
                0x1000a0e4       0x28 CMakeFiles/MainBoard.dir/C_/Program_Files/Raspberry_Pi/Pico_SDK_v1.5.1/pico-sdk/lib/tinyusb/src/device/usbd.c.obj
 .rodata.tud_task_ext
                0x1000a10c       0x24 CMakeFiles/MainBoard.dir/C_/Program_Files/Raspberry_Pi/Pico_SDK_v1.5.1/pico-sdk/lib/tinyusb/src/device/usbd.c.obj
 .rodata._usbd_driver
                0x1000a130       0x18 CMakeFiles/MainBoard.dir/C_/Program_Files/Raspberry_Pi/Pico_SDK_v1.5.1/pico-sdk/lib/tinyusb/src/device/usbd.c.obj
 .rodata.hidd_control_xfer_cb
                0x1000a148       0x30 CMakeFiles/MainBoard.dir/C_/Program_Files/Raspberry_Pi/Pico_SDK_v1.5.1/pico-sdk/lib/tinyusb/src/class/hid/hid_device.c.obj
 .rodata.str1.4
                0x1000a178        0x4 CMakeFiles/MainBoard.dir/C_/Program_Files/Raspberry_Pi/Pico_SDK_v1.5.1/pico-sdk/lib/tinyusb/hw/bsp/rp2040/family.c.obj
 .rodata.__bi_142.0
                0x1000a17c        0xc CMakeFiles/MainBoard.dir/C_/Program_Files/Raspberry_Pi/Pico_SDK_v1.5.1/pico-sdk/lib/tinyusb/hw/bsp/rp2040/family.c.obj
 .rodata.__bi_152.1
                0x1000a188        0x8 CMakeFiles/MainBoard.dir/C_/Program_Files/Raspberry_Pi/Pico_SDK_v1.5.1/pico-sdk/lib/tinyusb/hw/bsp/rp2040/family.c.obj
 .rodata.i2c_set_baudrate.str1.4
                0x1000a190       0x79 CMakeFiles/MainBoard.dir/C_/Program_Files/Raspberry_Pi/Pico_SDK_v1.5.1/pico-sdk/src/rp2_common/hardware_i2c/i2c.c.obj
 *fill*         0x1000a209        0x3 
 .rodata.__func__.0
                0x1000a20c       0x11 CMakeFiles/MainBoard.dir/C_/Program_Files/Raspberry_Pi/Pico_SDK_v1.5.1/pico-sdk/src/rp2_common/hardware_i2c/i2c.c.obj
 *fill*         0x1000a21d        0x3 
 .rodata.__utoa.str1.4
                0x1000a220       0x25 c:/progra~1/raspbe~1/picosd~1.1/gcc-ar~1/bin/../lib/gcc/arm-none-eabi/10.3.1/../../../../arm-none-eabi/lib/thumb/v6-m/nofp\libg.a(lib_a-utoa.o)
                0x1000a248                . = ALIGN (0x4)
 *fill*         0x1000a245        0x3 
 *(SORT_BY_ALIGNMENT(SORT_BY_NAME(.flashdata*)))
                0x1000a248                . = ALIGN (0x4)

.ARM.extab
 *(.ARM.extab* .gnu.linkonce.armextab.*)
                0x1000a248                __exidx_start = .

.ARM.exidx
 *(.ARM.exidx* .gnu.linkonce.armexidx.*)
                0x1000a248                __exidx_end = .
                0x1000a248                . = ALIGN (0x4)
                0x1000a248                __binary_info_start = .

.binary_info    0x1000a248       0x30
 *(.binary_info.keep.*)
 .binary_info.keep.__bi_ptr149
                0x1000a248        0x4 CMakeFiles/MainBoard.dir/main.c.obj
 .binary_info.keep.__bi_ptr22
                0x1000a24c        0x4 CMakeFiles/MainBoard.dir/C_/Program_Files/Raspberry_Pi/Pico_SDK_v1.5.1/pico-sdk/src/rp2_common/pico_standard_link/binary_info.c.obj
 .binary_info.keep.__bi_ptr30
                0x1000a250        0x4 CMakeFiles/MainBoard.dir/C_/Program_Files/Raspberry_Pi/Pico_SDK_v1.5.1/pico-sdk/src/rp2_common/pico_standard_link/binary_info.c.obj
 .binary_info.keep.__bi_ptr38
                0x1000a254        0x4 CMakeFiles/MainBoard.dir/C_/Program_Files/Raspberry_Pi/Pico_SDK_v1.5.1/pico-sdk/src/rp2_common/pico_standard_link/binary_info.c.obj
 .binary_info.keep.__bi_ptr44
                0x1000a258        0x4 CMakeFiles/MainBoard.dir/C_/Program_Files/Raspberry_Pi/Pico_SDK_v1.5.1/pico-sdk/src/rp2_common/pico_standard_link/binary_info.c.obj
 .binary_info.keep.__bi_ptr50
                0x1000a25c        0x4 CMakeFiles/MainBoard.dir/C_/Program_Files/Raspberry_Pi/Pico_SDK_v1.5.1/pico-sdk/src/rp2_common/pico_standard_link/binary_info.c.obj
 .binary_info.keep.__bi_ptr75
                0x1000a260        0x4 CMakeFiles/MainBoard.dir/C_/Program_Files/Raspberry_Pi/Pico_SDK_v1.5.1/pico-sdk/src/rp2_common/pico_standard_link/binary_info.c.obj
 .binary_info.keep.__bi_ptr81
                0x1000a264        0x4 CMakeFiles/MainBoard.dir/C_/Program_Files/Raspberry_Pi/Pico_SDK_v1.5.1/pico-sdk/src/rp2_common/pico_standard_link/binary_info.c.obj
 .binary_info.keep.__bi_ptr142
                0x1000a268        0x4 CMakeFiles/MainBoard.dir/C_/Program_Files/Raspberry_Pi/Pico_SDK_v1.5.1/pico-sdk/lib/tinyusb/hw/bsp/rp2040/family.c.obj
 .binary_info.keep.__bi_ptr152
                0x1000a26c        0x4 CMakeFiles/MainBoard.dir/C_/Program_Files/Raspberry_Pi/Pico_SDK_v1.5.1/pico-sdk/lib/tinyusb/hw/bsp/rp2040/family.c.obj
 *(.binary_info.*)
 .binary_info.__bi_ptr33
                0x1000a270        0x4 CMakeFiles/MainBoard.dir/C_/Program_Files/Raspberry_Pi/Pico_SDK_v1.5.1/pico-sdk/src/rp2_common/pico_stdio_uart/stdio_uart.c.obj
 .binary_info.__bi_ptr34
                0x1000a274        0x4 CMakeFiles/MainBoard.dir/C_/Program_Files/Raspberry_Pi/Pico_SDK_v1.5.1/pico-sdk/src/rp2_common/pico_stdio_uart/stdio_uart.c.obj
                0x1000a278                __binary_info_end = .

.rel.dyn        0x1000a278        0x0
 .rel.iplt      0x1000a278        0x0 c:/progra~1/raspbe~1/picosd~1.1/gcc-ar~1/bin/../lib/gcc/arm-none-eabi/10.3.1/thumb/v6-m/nofp/crtbegin.o
                0x1000a278                . = ALIGN (0x4)

.ram_vector_table
                0x20000000       0xc0
 *(.ram_vector_table)
 .ram_vector_table
                0x20000000       0xc0 CMakeFiles/MainBoard.dir/C_/Program_Files/Raspberry_Pi/Pico_SDK_v1.5.1/pico-sdk/src/rp2_common/pico_runtime/runtime.c.obj
                0x20000000                ram_vector_table

.data           0x200000c0      0xbd0 load address 0x1000a278
                0x200000c0                __data_start__ = .
 *(vtable)
 *(.time_critical*)
 .time_critical.mutex_try_enter
                0x200000c0       0x46 CMakeFiles/MainBoard.dir/C_/Program_Files/Raspberry_Pi/Pico_SDK_v1.5.1/pico-sdk/src/common/pico_sync/mutex.c.obj
                0x200000c0                mutex_try_enter
 *fill*         0x20000106        0x2 
 .time_critical.mutex_enter_block_until
                0x20000108       0x8c CMakeFiles/MainBoard.dir/C_/Program_Files/Raspberry_Pi/Pico_SDK_v1.5.1/pico-sdk/src/common/pico_sync/mutex.c.obj
                0x20000108                mutex_enter_block_until
 .time_critical.mutex_try_enter_block_until
                0x20000194       0x34 CMakeFiles/MainBoard.dir/C_/Program_Files/Raspberry_Pi/Pico_SDK_v1.5.1/pico-sdk/src/common/pico_sync/mutex.c.obj
                0x20000194                mutex_try_enter_block_until
 .time_critical.mutex_enter_timeout_ms
                0x200001c8       0x68 CMakeFiles/MainBoard.dir/C_/Program_Files/Raspberry_Pi/Pico_SDK_v1.5.1/pico-sdk/src/common/pico_sync/mutex.c.obj
                0x200001c8                mutex_enter_timeout_ms
 .time_critical.mutex_exit
                0x20000230       0x4c CMakeFiles/MainBoard.dir/C_/Program_Files/Raspberry_Pi/Pico_SDK_v1.5.1/pico-sdk/src/common/pico_sync/mutex.c.obj
                0x20000230                mutex_exit
 .time_critical.reset_non_control_endpoints