Archive member included to satisfy reference by file (symbol)

c:/progra~1/raspbe~1/picosd~1.1/gcc-ar~1/bin/../lib/gcc/arm-none-eabi/10.3.1/thumb/v6-m/nofp\libgcc.a(_dvmd_tls.o)
                              CMakeFiles/MainBoard.dir/C_/Program_Files/Raspberry_Pi/Pico_SDK_v1.5.1/pico-sdk/src/rp2_common/pico_divider/divider.S.obj (__aeabi_idiv0)
c:/progra~1/raspbe~1/picosd~1.1/gcc-ar~1/bin/../lib/gcc/arm-none-eabi/10.3.1/../../../../arm-none-eabi/lib/thumb/v6-m/nofp\libg.a(lib_a-calloc.o)
                              CMakeFiles/MainBoard.dir/C_/Program_Files/Raspberry_Pi/Pico_SDK_v1.5.1/pico-sdk/src/rp2_common/pico_malloc/pico_malloc.c.obj (calloc)
c:/progra~1/raspbe~1/picosd~1.1/gcc-ar~1/bin/../lib/gcc/arm-none-eabi/10.3.1/../../../../arm-none-eabi/lib/thumb/v6-m/nofp\libg.a(lib_a-callocr.o)
                              c:/progra~1/raspbe~1/picosd~1.1/gcc-ar~1/bin/../lib/gcc/arm-none-eabi/10.3.1/../../../../arm-none-eabi/lib/thumb/v6-m/nofp\libg.a(lib_a-calloc.o) (_calloc_r)
c:/progra~1/raspbe~1/picosd~1.1/gcc-ar~1/bin/../lib/gcc/arm-none-eabi/10.3.1/../../../../arm-none-eabi/lib/thumb/v6-m/nofp\libg.a(lib_a-errno.o)
                              c:/progra~1/raspbe~1/picosd~1.1/gcc-ar~1/bin/../lib/gcc/arm-none-eabi/10.3.1/../../../../arm-none-eabi/lib/thumb/v6-m/nofp\libg.a(lib_a-callocr.o) (__errno)
c:/progra~1/raspbe~1/picosd~1.1/gcc-ar~1/bin/../lib/gcc/arm-none-eabi/10.3.1/../../../../arm-none-eabi/lib/thumb/v6-m/nofp\libg.a(lib_a-impure.o)
                              c:/progra~1/raspbe~1/picosd~1.1/gcc-ar~1/bin/../lib/gcc/arm-none-eabi/10.3.1/../../../../arm-none-eabi/lib/thumb/v6-m/nofp\libg.a(lib_a-calloc.o) (_impure_ptr)
c:/progra~1/raspbe~1/picosd~1.1/gcc-ar~1/bin/../lib/gcc/arm-none-eabi/10.3.1/../../../../arm-none-eabi/lib/thumb/v6-m/nofp\libg.a(lib_a-init.o)
                              c:/progra~1/raspbe~1/picosd~1.1/gcc-ar~1/bin/../lib/gcc/arm-none-eabi/10.3.1/../../../../arm-none-eabi/lib/thumb/v6-m/nofp/crt0.o (__libc_init_array)
c:/progra~1/raspbe~1/picosd~1.1/gcc-ar~1/bin/../lib/gcc/arm-none-eabi/10.3.1/../../../../arm-none-eabi/lib/thumb/v6-m/nofp\libg.a(lib_a-itoa.o)
                              CMakeFiles/MainBoard.dir/main.c.obj (itoa)
c:/progra~1/raspbe~1/picosd~1.1/gcc-ar~1/bin/../lib/gcc/arm-none-eabi/10.3.1/../../../../arm-none-eabi/lib/thumb/v6-m/nofp\libg.a(lib_a-malloc.o)
                              CMakeFiles/MainBoard.dir/C_/Program_Files/Raspberry_Pi/Pico_SDK_v1.5.1/pico-sdk/src/rp2_common/pico_malloc/pico_malloc.c.obj (malloc)
c:/progra~1/raspbe~1/picosd~1.1/gcc-ar~1/bin/../lib/gcc/arm-none-eabi/10.3.1/../../../../arm-none-eabi/lib/thumb/v6-m/nofp\libg.a(lib_a-mallocr.o)
                              c:/progra~1/raspbe~1/picosd~1.1/gcc-ar~1/bin/../lib/gcc/arm-none-eabi/10.3.1/../../../../arm-none-eabi/lib/thumb/v6-m/nofp\libg.a(lib_a-callocr.o) (_malloc_r)
c:/progra~1/raspbe~1/picosd~1.1/gcc-ar~1/bin/../lib/gcc/arm-none-eabi/10.3.1/../../../../arm-none-eabi/lib/thumb/v6-m/nofp\libg.a(lib_a-mlock.o)
                              c:/progra~1/raspbe~1/picosd~1.1/gcc-ar~1/bin/../lib/gcc/arm-none-eabi/10.3.1/../../../../arm-none-eabi/lib/thumb/v6-m/nofp\libg.a(lib_a-mallocr.o) (__malloc_lock)
c:/progra~1/raspbe~1/picosd~1.1/gcc-ar~1/bin/../lib/gcc/arm-none-eabi/10.3.1/../../../../arm-none-eabi/lib/thumb/v6-m/nofp\libg.a(lib_a-realloc.o)
                              CMakeFiles/MainBoard.dir/C_/Program_Files/Raspberry_Pi/Pico_SDK_v1.5.1/pico-sdk/src/rp2_common/pico_malloc/pico_malloc.c.obj (realloc)
c:/progra~1/raspbe~1/picosd~1.1/gcc-ar~1/bin/../lib/gcc/arm-none-eabi/10.3.1/../../../../arm-none-eabi/lib/thumb/v6-m/nofp\libg.a(lib_a-reallocr.o)
                              c:/progra~1/raspbe~1/picosd~1.1/gcc-ar~1/bin/../lib/gcc/arm-none-eabi/10.3.1/../../../../arm-none-eabi/lib/thumb/v6-m/nofp\libg.a(lib_a-realloc.o) (_realloc_r)
c:/progra~1/raspbe~1/picosd~1.1/gcc-ar~1/bin/../lib/gcc/arm-none-eabi/10.3.1/../../../../arm-none-eabi/lib/thumb/v6-m/nofp\libg.a(lib_a-sbrkr.o)
                              c:/progra~1/raspbe~1/picosd~1.1/gcc-ar~1/bin/../lib/gcc/arm-none-eabi/10.3.1/../../../../arm-none-eabi/lib/thumb/v6-m/nofp\libg.a(lib_a-mallocr.o) (_sbrk_r)
c:/progra~1/raspbe~1/picosd~1.1/gcc-ar~1/bin/../lib/gcc/arm-none-eabi/10.3.1/../../../../arm-none-eabi/lib/thumb/v6-m/nofp\libg.a(lib_a-strcat.o)
                              CMakeFiles/MainBoard.dir/main.c.obj (strcat)
c:/progra~1/raspbe~1/picosd~1.1/gcc-ar~1/bin/../lib/gcc/arm-none-eabi/10.3.1/../../../../arm-none-eabi/lib/thumb/v6-m/nofp\libg.a(lib_a-strcpy.o)
                              c:/progra~1/raspbe~1/picosd~1.1/gcc-ar~1/bin/../lib/gcc/arm-none-eabi/10.3.1/../../../../arm-none-eabi/lib/thumb/v6-m/nofp\libg.a(lib_a-strcat.o) (strcpy)
c:/progra~1/raspbe~1/picosd~1.1/gcc-ar~1/bin/../lib/gcc/arm-none-eabi/10.3.1/../../../../arm-none-eabi/lib/thumb/v6-m/nofp\libg.a(lib_a-strlen-stub.o)
                              CMakeFiles/MainBoard.dir/main.c.obj (strlen)
[...]
Memory Configuration

Name             Origin             Length             Attributes
FLASH            0x10000000         0x00200000         xr
RAM              0x20000000         0x00040000         xrw
SCRATCH_X        0x20040000         0x00001000         xrw
SCRATCH_Y        0x20041000         0x00001000         xrw
*default*        0x00000000         0xffffffff

Linker script and memory map

LOAD c:/progra~1/raspbe~1/picosd~1.1/gcc-ar~1/bin/../lib/gcc/arm-none-eabi/10.3.1/thumb/v6-m/nofp/crti.o
LOAD c:/progra~1/raspbe~1/picosd~1.1/gcc-ar~1/bin/../lib/gcc/arm-none-eabi/10.3.1/thumb/v6-m/nofp/crtbegin.o
LOAD c:/progra~1/raspbe~1/picosd~1.1/gcc-ar~1/bin/../lib/gcc/arm-none-eabi/10.3.1/../../../../arm-none-eabi/lib/thumb/v6-m/nofp/crt0.o

.flash_begin    0x10000000        0x0
                0x10000000                __flash_binary_start = .

.boot2          0x10000000      0x100
                0x10000000                __boot2_start__ = .
 *(.boot2)
 .boot2         0x10000000      0x100 C:\Users\argen\AppData\Local\Temp\ccqu6mdK.o
                0x10000100                __boot2_end__ = .
                0x00000001                ASSERT (((__boot2_end__ - __boot2_start__) == 0x100), ERROR: Pico second stage bootloader must be 256 bytes in size)

.text           0x10000100     0x8d40
                0x10000100                __logical_binary_start = .
 *(.vectors)
 .vectors       0x10000100       0xd4 CMakeFiles/MainBoard.dir/C_/Program_Files/Raspberry_Pi/Pico_SDK_v1.5.1/pico-sdk/src/rp2_common/pico_standard_link/crt0.S.obj
                0x10000100                __vectors
                0x10000100                __VECTOR_TABLE
                0x100001c0                __default_isrs_start
                0x100001c0                isr_invalid
                0x100001c2                NMI_Handler
                0x100001c4                HardFault_Handler
                0x100001c6                SVC_Handler
                0x100001c8                PendSV_Handler
                0x100001cc                IO_IRQ_BANK0_Handler
                0x100001cc                PIO0_IRQ_0_Handler
                0x100001cc                USBCTRL_IRQ_Handler
                0x100001cc                SPI1_IRQ_Handler
                0x100001cc                isr_irq27
                0x100001cc                isr_irq31
                0x100001cc                PIO1_IRQ_1_Handler
                0x100001cc                DMA_IRQ_1_Handler
                0x100001cc                I2C1_IRQ_Handler
                0x100001cc                SPI0_IRQ_Handler
                0x100001cc                isr_irq28
                0x100001cc                UART0_IRQ_Handler
                0x100001cc                __default_isrs_end
                0x100001cc                PIO0_IRQ_1_Handler
                0x100001cc                I2C0_IRQ_Handler
                0x100001cc                SIO_IRQ_PROC1_Handler
                0x100001cc                TIMER_IRQ_0_Handler
                0x100001cc                isr_irq30
                0x100001cc                UART1_IRQ_Handler
                0x100001cc                TIMER_IRQ_3_Handler
                0x100001cc                DMA_IRQ_0_Handler
                0x100001cc                RTC_IRQ_Handler
                0x100001cc                TIMER_IRQ_2_Handler
                0x100001cc                CLOCKS_IRQ_Handler
                0x100001cc                PIO1_IRQ_0_Handler
                0x100001cc                __unhandled_user_irq
                0x100001cc                ADC_IRQ_FIFO_Handler
                0x100001cc                IO_IRQ_QSPI_Handler
                0x100001cc                SIO_IRQ_PROC0_Handler
                0x100001cc                TIMER_IRQ_1_Handler
                0x100001cc                XIP_IRQ_Handler
                0x100001cc                isr_irq29
                0x100001cc                isr_irq26
                0x100001cc                PWM_IRQ_WRAP_Handler
                0x100001d2                unhandled_user_irq_num_in_r0
 *(.binary_info_header)
 .binary_info_header
                0x100001d4       0x14 CMakeFiles/MainBoard.dir/C_/Program_Files/Raspberry_Pi/Pico_SDK_v1.5.1/pico-sdk/src/rp2_common/pico_standard_link/crt0.S.obj
                0x100001e8                __binary_info_header_end = .
 *(.reset)
 .reset         0x100001e8       0xa0 CMakeFiles/MainBoard.dir/C_/Program_Files/Raspberry_Pi/Pico_SDK_v1.5.1/pico-sdk/src/rp2_common/pico_standard_link/crt0.S.obj
                0x100001e8                _entry_point
 .reset         0x10000288       0x30 CMakeFiles/MainBoard.dir/C_/Program_Files/Raspberry_Pi/Pico_SDK_v1.5.1/pico-sdk/src/rp2_common/pico_standard_link/binary_info.c.obj
 *(.init)
 .init          0x100002b8        0x4 c:/progra~1/raspbe~1/picosd~1.1/gcc-ar~1/bin/../lib/gcc/arm-none-eabi/10.3.1/thumb/v6-m/nofp/crti.o
                0x100002b8                _init
 *(EXCLUDE_FILE(*libm.a: *libc.a:*lib_a-mem*.o *libgcc.a:) .text*)
 .text          0x100002bc       0x48 c:/progra~1/raspbe~1/picosd~1.1/gcc-ar~1/bin/../lib/gcc/arm-none-eabi/10.3.1/thumb/v6-m/nofp/crtbegin.o
 .text.SysTick_Handler
                0x10000304      0x278 CMakeFiles/MainBoard.dir/main.c.obj
                0x10000304                SysTick_Handler
 .text.LCD_menu
                0x1000057c      0x250 CMakeFiles/MainBoard.dir/main.c.obj
                0x1000057c                LCD_menu
 .text.beginUart
                0x100007cc       0x80 CMakeFiles/MainBoard.dir/main.c.obj
                0x100007cc                beginUart
 .text.update_angle
                0x1000084c       0xdc CMakeFiles/MainBoard.dir/main.c.obj
                0x1000084c                update_angle
 .text.updateButtons
                0x10000928       0x6c CMakeFiles/MainBoard.dir/main.c.obj
                0x10000928                updateButtons
 .text.Recibe_car1
                0x10000994       0xe0 CMakeFiles/MainBoard.dir/main.c.obj
                0x10000994                Recibe_car1
 .text.cali     0x10000a74      0x1b8 CMakeFiles/MainBoard.dir/main.c.obj
                0x10000a74                cali
 .text.confi    0x10000c2c      0x1e0 CMakeFiles/MainBoard.dir/main.c.obj
                0x10000c2c                confi
 .text.memo     0x10000e0c      0x568 CMakeFiles/MainBoard.dir/main.c.obj
                0x10000e0c                memo
 .text.main     0x10001374      0x2e0 CMakeFiles/MainBoard.dir/main.c.obj
                0x10001374                main
 .text.tud_descriptor_device_cb
                0x10001654        0x8 CMakeFiles/MainBoard.dir/usb_descriptors.c.obj
                0x10001654                tud_descriptor_device_cb
 .text.tud_hid_descriptor_report_cb
                0x1000165c        0x8 CMakeFiles/MainBoard.dir/usb_descriptors.c.obj
                0x1000165c                tud_hid_descriptor_report_cb
 .text.tud_descriptor_configuration_cb
                0x10001664        0x8 CMakeFiles/MainBoard.dir/usb_descriptors.c.obj
                0x10001664                tud_descriptor_configuration_cb
 .text.tud_descriptor_string_cb
                0x1000166c       0xe0 CMakeFiles/MainBoard.dir/usb_descriptors.c.obj
                0x1000166c                tud_descriptor_string_cb
 .text.send_hid_report
                0x1000174c       0x6e CMakeFiles/MainBoard.dir/callbacks.c.obj
 *fill*         0x100017ba        0x2 
 .text.tud_mount_cb
                0x100017bc       0x10 CMakeFiles/MainBoard.dir/callbacks.c.obj
                0x100017bc                tud_mount_cb
 .text.tud_umount_cb
                0x100017cc        0xc CMakeFiles/MainBoard.dir/callbacks.c.obj
                0x100017cc                tud_umount_cb
 .text.tud_suspend_cb
                0x100017d8       0x10 CMakeFiles/MainBoard.dir/callbacks.c.obj
                0x100017d8                tud_suspend_cb
 .text.tud_resume_cb
                0x100017e8       0x1c CMakeFiles/MainBoard.dir/callbacks.c.obj
                0x100017e8                tud_resume_cb
 .text.hid_task
                0x10001804       0x98 CMakeFiles/MainBoard.dir/callbacks.c.obj
                0x10001804                hid_task
 .text.tud_hid_report_complete_cb
                0x1000189c        0x2 CMakeFiles/MainBoard.dir/callbacks.c.obj
                0x1000189c                tud_hid_report_complete_cb
 .text.tud_hid_get_report_cb
                0x1000189e        0x4 CMakeFiles/MainBoard.dir/callbacks.c.obj
                0x1000189e                tud_hid_get_report_cb
 *fill*         0x100018a2        0x2 
 .text.tud_hid_set_report_cb
                0x100018a4       0x3c CMakeFiles/MainBoard.dir/callbacks.c.obj
                0x100018a4                tud_hid_set_report_cb
 .text.Mpu6050_init
                0x100018e0       0x54 CMakeFiles/MainBoard.dir/mpu.c.obj
                0x100018e0                Mpu6050_init
 .text.Mpu6050_comm
                0x10001934       0x68 CMakeFiles/MainBoard.dir/mpu.c.obj
                0x10001934                Mpu6050_comm
 .text.i2c_write_byte
                0x1000199c       0x20 CMakeFiles/MainBoard.dir/display.c.obj
                0x1000199c                i2c_write_byte
 .text.lcd_toggle_enable
                0x100019bc       0x30 CMakeFiles/MainBoard.dir/display.c.obj
                0x100019bc                lcd_toggle_enable
 .text.lcd_send_byte
                0x100019ec       0x38 CMakeFiles/MainBoard.dir/display.c.obj
                0x100019ec                lcd_send_byte
 .text.lcd_clear
                0x10001a24        0xc CMakeFiles/MainBoard.dir/display.c.obj
                0x10001a24                lcd_clear
 .text.lcd_set_cursor
                0x10001a30       0x1a CMakeFiles/MainBoard.dir/display.c.obj
                0x10001a30                lcd_set_cursor
 .text.lcd_string
                0x10001a4a       0x16 CMakeFiles/MainBoard.dir/display.c.obj
                0x10001a4a                lcd_string
 .text.lcd_init
                0x10001a60       0x40 CMakeFiles/MainBoard.dir/display.c.obj
                0x10001a60                lcd_init
 .text.pinConfig
                0x10001aa0       0x68 CMakeFiles/MainBoard.dir/matriz.c.obj
                0x10001aa0                pinConfig
 .text.readPin  0x10001b08       0x44 CMakeFiles/MainBoard.dir/matriz.c.obj
                0x10001b08                readPin
 .text.writePin
                0x10001b4c       0x28 CMakeFiles/MainBoard.dir/matriz.c.obj
                0x10001b4c                writePin
 .text.begin_systick
                0x10001b74       0x38 CMakeFiles/MainBoard.dir/matriz.c.obj
                0x10001b74                begin_systick
 .text.delay    0x10001bac       0x14 CMakeFiles/MainBoard.dir/matriz.c.obj
                0x10001bac                delay
 .text.readMatrix
                0x10001bc0      0x4b4 CMakeFiles/MainBoard.dir/matriz.c.obj
                0x10001bc0                readMatrix
 .text.read_encoders
                0x10002074      0x408 CMakeFiles/MainBoard.dir/encoder.c.obj
                0x10002074                read_encoders
 .text.gpio_set_function
                0x1000247c       0x30 CMakeFiles/MainBoard.dir/C_/Program_Files/Raspberry_Pi/Pico_SDK_v1.5.1/pico-sdk/src/rp2_common/hardware_gpio/gpio.c.obj
                0x1000247c                gpio_set_function
 .text.gpio_set_pulls
                0x100024ac       0x34 CMakeFiles/MainBoard.dir/C_/Program_Files/Raspberry_Pi/Pico_SDK_v1.5.1/pico-sdk/src/rp2_common/hardware_gpio/gpio.c.obj
                0x100024ac                gpio_set_pulls
 .text.gpio_init
                0x100024e0       0x16 CMakeFiles/MainBoard.dir/C_/Program_Files/Raspberry_Pi/Pico_SDK_v1.5.1/pico-sdk/src/rp2_common/hardware_gpio/gpio.c.obj
                0x100024e0                gpio_init
 *fill*         0x100024f6        0x2 
 .text.running_on_fpga
                0x100024f8       0x14 CMakeFiles/MainBoard.dir/C_/Program_Files/Raspberry_Pi/Pico_SDK_v1.5.1/pico-sdk/src/rp2_common/pico_platform/platform.c.obj
                0x100024f8                running_on_fpga
 .text.hw_claim_lock
                0x1000250c       0x18 CMakeFiles/MainBoard.dir/C_/Program_Files/Raspberry_Pi/Pico_SDK_v1.5.1/pico-sdk/src/rp2_common/hardware_claim/claim.c.obj
                0x1000250c                hw_claim_lock
 .text.hw_claim_unlock
                0x10002524       0x14 CMakeFiles/MainBoard.dir/C_/Program_Files/Raspberry_Pi/Pico_SDK_v1.5.1/pico-sdk/src/rp2_common/hardware_claim/claim.c.obj
                0x10002524                hw_claim_unlock
 .text.hw_claim_or_assert
                0x10002538       0x32 CMakeFiles/MainBoard.dir/C_/Program_Files/Raspberry_Pi/Pico_SDK_v1.5.1/pico-sdk/src/rp2_common/hardware_claim/claim.c.obj
                0x10002538                hw_claim_or_assert
 .text.hw_claim_unused_from_range
                0x1000256a       0x50 CMakeFiles/MainBoard.dir/C_/Program_Files/Raspberry_Pi/Pico_SDK_v1.5.1/pico-sdk/src/rp2_common/hardware_claim/claim.c.obj
                0x1000256a                hw_claim_unused_from_range
 *fill*         0x100025ba        0x2 
 .text.spin_locks_reset
                0x100025bc       0x20 CMakeFiles/MainBoard.dir/C_/Program_Files/Raspberry_Pi/Pico_SDK_v1.5.1/pico-sdk/src/rp2_common/hardware_sync/sync.c.obj
                0x100025bc                spin_locks_reset
 .text.next_striped_spin_lock_num
                0x100025dc       0x1c CMakeFiles/MainBoard.dir/C_/Program_Files/Raspberry_Pi/Pico_SDK_v1.5.1/pico-sdk/src/rp2_common/hardware_sync/sync.c.obj
                0x100025dc                next_striped_spin_lock_num
 .text.spin_lock_claim_unused
                0x100025f8       0x20 CMakeFiles/MainBoard.dir/C_/Program_Files/Raspberry_Pi/Pico_SDK_v1.5.1/pico-sdk/src/rp2_common/hardware_sync/sync.c.obj
                0x100025f8                spin_lock_claim_unused
 .text.set_raw_irq_handler_and_unlock
                0x10002618       0x28 CMakeFiles/MainBoard.dir/C_/Program_Files/Raspberry_Pi/Pico_SDK_v1.5.1/pico-sdk/src/rp2_common/hardware_irq/irq.c.obj
 .text.make_branch
                0x10002640       0x48 CMakeFiles/MainBoard.dir/C_/Program_Files/Raspberry_Pi/Pico_SDK_v1.5.1/pico-sdk/src/rp2_common/hardware_irq/irq.c.obj
 .text.insert_branch_and_link
                0x10002688       0x40 CMakeFiles/MainBoard.dir/C_/Program_Files/Raspberry_Pi/Pico_SDK_v1.5.1/pico-sdk/src/rp2_common/hardware_irq/irq.c.obj
 .text.irq_is_enabled
                0x100026c8       0x18 CMakeFiles/MainBoard.dir/C_/Program_Files/Raspberry_Pi/Pico_SDK_v1.5.1/pico-sdk/src/rp2_common/hardware_irq/irq.c.obj
                0x100026c8                irq_is_enabled
 .text.irq_set_mask_enabled
                0x100026e0       0x20 CMakeFiles/MainBoard.dir/C_/Program_Files/Raspberry_Pi/Pico_SDK_v1.5.1/pico-sdk/src/rp2_common/hardware_irq/irq.c.obj
                0x100026e0                irq_set_mask_enabled
 .text.irq_set_enabled
                0x10002700        0xe CMakeFiles/MainBoard.dir/C_/Program_Files/Raspberry_Pi/Pico_SDK_v1.5.1/pico-sdk/src/rp2_common/hardware_irq/irq.c.obj
                0x10002700                irq_set_enabled
 *fill*         0x1000270e        0x2 
 .text.irq_get_vtable_handler
                0x10002710       0x10 CMakeFiles/MainBoard.dir/C_/Program_Files/Raspberry_Pi/Pico_SDK_v1.5.1/pico-sdk/src/rp2_common/hardware_irq/irq.c.obj
                0x10002710                irq_get_vtable_handler
 .text.irq_set_exclusive_handler
                0x10002720       0x54 CMakeFiles/MainBoard.dir/C_/Program_Files/Raspberry_Pi/Pico_SDK_v1.5.1/pico-sdk/src/rp2_common/hardware_irq/irq.c.obj
                0x10002720                irq_set_exclusive_handler
 .text.irq_add_shared_handler
                0x10002774      0x234 CMakeFiles/MainBoard.dir/C_/Program_Files/Raspberry_Pi/Pico_SDK_v1.5.1/pico-sdk/src/rp2_common/hardware_irq/irq.c.obj
                0x10002774                irq_add_shared_handler
 .text.irq_remove_handler
                0x100029a8      0x1ac CMakeFiles/MainBoard.dir/C_/Program_Files/Raspberry_Pi/Pico_SDK_v1.5.1/pico-sdk/src/rp2_common/hardware_irq/irq.c.obj
                0x100029a8                irq_remove_handler
 .text.irq_add_tail_to_free_list
                0x10002b54       0xf0 CMakeFiles/MainBoard.dir/C_/Program_Files/Raspberry_Pi/Pico_SDK_v1.5.1/pico-sdk/src/rp2_common/hardware_irq/irq.c.obj
                0x10002b54                irq_add_tail_to_free_list
 .text.irq_init_priorities
                0x10002c44       0x1c CMakeFiles/MainBoard.dir/C_/Program_Files/Raspberry_Pi/Pico_SDK_v1.5.1/pico-sdk/src/rp2_common/hardware_irq/irq.c.obj
                0x10002c44                irq_init_priorities
 .text.lock_init
                0x10002c60       0x10 CMakeFiles/MainBoard.dir/C_/Program_Files/Raspberry_Pi/Pico_SDK_v1.5.1/pico-sdk/src/common/pico_sync/lock_core.c.obj
                0x10002c60                lock_init
 .text.mutex_init
                0x10002c70       0x1a CMakeFiles/MainBoard.dir/C_/Program_Files/Raspberry_Pi/Pico_SDK_v1.5.1/pico-sdk/src/common/pico_sync/mutex.c.obj
                0x10002c70                mutex_init
 .text.recursive_mutex_init
                0x10002c8a       0x1e CMakeFiles/MainBoard.dir/C_/Program_Files/Raspberry_Pi/Pico_SDK_v1.5.1/pico-sdk/src/common/pico_sync/mutex.c.obj
                0x10002c8a                recursive_mutex_init
 .text.critical_section_init_with_lock_num
                0x10002ca8       0x14 CMakeFiles/MainBoard.dir/C_/Program_Files/Raspberry_Pi/Pico_SDK_v1.5.1/pico-sdk/src/common/pico_sync/critical_section.c.obj
                0x10002ca8                critical_section_init_with_lock_num
 .text.critical_section_init
                0x10002cbc       0x14 CMakeFiles/MainBoard.dir/C_/Program_Files/Raspberry_Pi/Pico_SDK_v1.5.1/pico-sdk/src/common/pico_sync/critical_section.c.obj
                0x10002cbc                critical_section_init
 .text.alarm_pool_post_alloc_init
                0x10002cd0       0x40 CMakeFiles/MainBoard.dir/C_/Program_Files/Raspberry_Pi/Pico_SDK_v1.5.1/pico-sdk/src/common/pico_time/time.c.obj
 .text.sleep_until_callback
                0x10002d10       0x30 CMakeFiles/MainBoard.dir/C_/Program_Files/Raspberry_Pi/Pico_SDK_v1.5.1/pico-sdk/src/common/pico_time/time.c.obj
 .text.timer_pool_entry_comparator
                0x10002d40       0x7c CMakeFiles/MainBoard.dir/C_/Program_Files/Raspberry_Pi/Pico_SDK_v1.5.1/pico-sdk/src/common/pico_time/time.c.obj
                0x10002d40                timer_pool_entry_comparator
 .text.ph_add_child_node
                0x10002dbc       0xa4 CMakeFiles/MainBoard.dir/C_/Program_Files/Raspberry_Pi/Pico_SDK_v1.5.1/pico-sdk/src/common/pico_time/time.c.obj
 .text.ph_merge_nodes
                0x10002e60       0x3e CMakeFiles/MainBoard.dir/C_/Program_Files/Raspberry_Pi/Pico_SDK_v1.5.1/pico-sdk/src/common/pico_time/time.c.obj
 *fill*         0x10002e9e        0x2 
 .text.add_alarm_under_lock
                0x10002ea0      0x174 CMakeFiles/MainBoard.dir/C_/Program_Files/Raspberry_Pi/Pico_SDK_v1.5.1/pico-sdk/src/common/pico_time/time.c.obj
 .text.alarm_pool_alarm_callback
                0x10003014      0x33c CMakeFiles/MainBoard.dir/C_/Program_Files/Raspberry_Pi/Pico_SDK_v1.5.1/pico-sdk/src/common/pico_time/time.c.obj
 .text.alarm_pool_init_default
                0x10003350       0x40 CMakeFiles/MainBoard.dir/C_/Program_Files/Raspberry_Pi/Pico_SDK_v1.5.1/pico-sdk/src/common/pico_time/time.c.obj
                0x10003350                alarm_pool_init_default
 .text.alarm_pool_get_default
                0x10003390       0x2c CMakeFiles/MainBoard.dir/C_/Program_Files/Raspberry_Pi/Pico_SDK_v1.5.1/pico-sdk/src/common/pico_time/time.c.obj
                0x10003390                alarm_pool_get_default
 .text.alarm_pool_add_alarm_at
                0x100033bc      0x168 CMakeFiles/MainBoard.dir/C_/Program_Files/Raspberry_Pi/Pico_SDK_v1.5.1/pico-sdk/src/common/pico_time/time.c.obj
                0x100033bc                alarm_pool_add_alarm_at
 .text.alarm_pool_cancel_alarm
                0x10003524       0xf8 CMakeFiles/MainBoard.dir/C_/Program_Files/Raspberry_Pi/Pico_SDK_v1.5.1/pico-sdk/src/common/pico_time/time.c.obj
                0x10003524                alarm_pool_cancel_alarm
 .text.sleep_until
                0x1000361c       0xfc CMakeFiles/MainBoard.dir/C_/Program_Files/Raspberry_Pi/Pico_SDK_v1.5.1/pico-sdk/src/common/pico_time/time.c.obj
                0x1000361c                sleep_until
 .text.sleep_us
                0x10003718       0x58 CMakeFiles/MainBoard.dir/C_/Program_Files/Raspberry_Pi/Pico_SDK_v1.5.1/pico-sdk/src/common/pico_time/time.c.obj
                0x10003718                sleep_us
 .text.best_effort_wfe_or_timeout
                0x10003770       0xac CMakeFiles/MainBoard.dir/C_/Program_Files/Raspberry_Pi/Pico_SDK_v1.5.1/pico-sdk/src/common/pico_time/time.c.obj
                0x10003770                best_effort_wfe_or_timeout
 .text.hardware_alarm_irq_handler
                0x1000381c       0x90 CMakeFiles/MainBoard.dir/C_/Program_Files/Raspberry_Pi/Pico_SDK_v1.5.1/pico-sdk/src/rp2_common/hardware_timer/timer.c.obj
 .text.hardware_alarm_claim
                0x100038ac       0x18 CMakeFiles/MainBoard.dir/C_/Program_Files/Raspberry_Pi/Pico_SDK_v1.5.1/pico-sdk/src/rp2_common/hardware_timer/timer.c.obj
                0x100038ac                hardware_alarm_claim
 .text.time_us_64
                0x100038c4       0x18 CMakeFiles/MainBoard.dir/C_/Program_Files/Raspberry_Pi/Pico_SDK_v1.5.1/pico-sdk/src/rp2_common/hardware_timer/timer.c.obj
                0x100038c4                time_us_64
 .text.busy_wait_until
                0x100038dc       0x28 CMakeFiles/MainBoard.dir/C_/Program_Files/Raspberry_Pi/Pico_SDK_v1.5.1/pico-sdk/src/rp2_common/hardware_timer/timer.c.obj
                0x100038dc                busy_wait_until
 .text.busy_wait_us
                0x10003904       0x48 CMakeFiles/MainBoard.dir/C_/Program_Files/Raspberry_Pi/Pico_SDK_v1.5.1/pico-sdk/src/rp2_common/hardware_timer/timer.c.obj
                0x10003904                busy_wait_us
 .text.hardware_alarm_set_callback
                0x1000394c       0x90 CMakeFiles/MainBoard.dir/C_/Program_Files/Raspberry_Pi/Pico_SDK_v1.5.1/pico-sdk/src/rp2_common/hardware_timer/timer.c.obj
                0x1000394c                hardware_alarm_set_callback
 .text.hardware_alarm_set_target
                0x100039dc       0xe8 CMakeFiles/MainBoard.dir/C_/Program_Files/Raspberry_Pi/Pico_SDK_v1.5.1/pico-sdk/src/rp2_common/hardware_timer/timer.c.obj
                0x100039dc                hardware_alarm_set_target
 .text.hardware_alarm_cancel
                0x10003ac4       0x40 CMakeFiles/MainBoard.dir/C_/Program_Files/Raspberry_Pi/Pico_SDK_v1.5.1/pico-sdk/src/rp2_common/hardware_timer/timer.c.obj
                0x10003ac4                hardware_alarm_cancel
 .text.ph_add_child_node
                0x10003b04       0xa4 CMakeFiles/MainBoard.dir/C_/Program_Files/Raspberry_Pi/Pico_SDK_v1.5.1/pico-sdk/src/common/pico_util/pheap.c.obj
 .text.ph_merge_nodes
                0x10003ba8       0x3e CMakeFiles/MainBoard.dir/C_/Program_Files/Raspberry_Pi/Pico_SDK_v1.5.1/pico-sdk/src/common/pico_util/pheap.c.obj
 *fill*         0x10003be6        0x2 
 .text.ph_clear
                0x10003be8       0x70 CMakeFiles/MainBoard.dir/C_/Program_Files/Raspberry_Pi/Pico_SDK_v1.5.1/pico-sdk/src/common/pico_util/pheap.c.obj
                0x10003be8                ph_clear
 .text.ph_post_alloc_init
                0x10003c58        0xe CMakeFiles/MainBoard.dir/C_/Program_Files/Raspberry_Pi/Pico_SDK_v1.5.1/pico-sdk/src/common/pico_util/pheap.c.obj
                0x10003c58                ph_post_alloc_init
 *fill*         0x10003c66        0x2 
 .text.ph_merge_two_pass
                0x10003c68       0xa8 CMakeFiles/MainBoard.dir/C_/Program_Files/Raspberry_Pi/Pico_SDK_v1.5.1/pico-sdk/src/common/pico_util/pheap.c.obj
                0x10003c68                ph_merge_two_pass
 .text.ph_remove_any_head
                0x10003d10      0x128 CMakeFiles/MainBoard.dir/C_/Program_Files/Raspberry_Pi/Pico_SDK_v1.5.1/pico-sdk/src/common/pico_util/pheap.c.obj
 .text.ph_remove_head
                0x10003e38       0x14 CMakeFiles/MainBoard.dir/C_/Program_Files/Raspberry_Pi/Pico_SDK_v1.5.1/pico-sdk/src/common/pico_util/pheap.c.obj
                0x10003e38                ph_remove_head
 .text.ph_remove_and_free_node
                0x10003e4c       0xf8 CMakeFiles/MainBoard.dir/C_/Program_Files/Raspberry_Pi/Pico_SDK_v1.5.1/pico-sdk/src/common/pico_util/pheap.c.obj
                0x10003e4c                ph_remove_and_free_node
 .text.uart_disable_before_lcr_write
                0x10003f44       0x48 CMakeFiles/MainBoard.dir/C_/Program_Files/Raspberry_Pi/Pico_SDK_v1.5.1/pico-sdk/src/rp2_common/hardware_uart/uart.c.obj
 .text.uart_write_lcr_bits_masked
                0x10003f8c       0x22 CMakeFiles/MainBoard.dir/C_/Program_Files/Raspberry_Pi/Pico_SDK_v1.5.1/pico-sdk/src/rp2_common/hardware_uart/uart.c.obj
 *fill*         0x10003fae        0x2 
 .text.uart_set_baudrate
                0x10003fb0       0x5c CMakeFiles/MainBoard.dir/C_/Program_Files/Raspberry_Pi/Pico_SDK_v1.5.1/pico-sdk/src/rp2_common/hardware_uart/uart.c.obj
                0x10003fb0                uart_set_baudrate
 .text.uart_set_format
                0x1000400c       0x2c CMakeFiles/MainBoard.dir/C_/Program_Files/Raspberry_Pi/Pico_SDK_v1.5.1/pico-sdk/src/rp2_common/hardware_uart/uart.c.obj
                0x1000400c                uart_set_format
 .text.uart_set_translate_crlf
                0x10004038       0x28 CMakeFiles/MainBoard.dir/C_/Program_Files/Raspberry_Pi/Pico_SDK_v1.5.1/pico-sdk/src/rp2_common/hardware_uart/uart.c.obj
                0x10004038                uart_set_translate_crlf
 .text.uart_init
                0x10004060       0x80 CMakeFiles/MainBoard.dir/C_/Program_Files/Raspberry_Pi/Pico_SDK_v1.5.1/pico-sdk/src/rp2_common/hardware_uart/uart.c.obj
                0x10004060                uart_init
 .text.clock_configure
                0x100040e0      0x108 CMakeFiles/MainBoard.dir/C_/Program_Files/Raspberry_Pi/Pico_SDK_v1.5.1/pico-sdk/src/rp2_common/hardware_clocks/clocks.c.obj
                0x100040e0                clock_configure
 .text.clocks_init
                0x100041e8      0x100 CMakeFiles/MainBoard.dir/C_/Program_Files/Raspberry_Pi/Pico_SDK_v1.5.1/pico-sdk/src/rp2_common/hardware_clocks/clocks.c.obj
                0x100041e8                clocks_init
 .text.clock_get_hz
                0x100042e8        0xc CMakeFiles/MainBoard.dir/C_/Program_Files/Raspberry_Pi/Pico_SDK_v1.5.1/pico-sdk/src/rp2_common/hardware_clocks/clocks.c.obj
                0x100042e8                clock_get_hz
 .text.pll_init
                0x100042f4      0x120 CMakeFiles/MainBoard.dir/C_/Program_Files/Raspberry_Pi/Pico_SDK_v1.5.1/pico-sdk/src/rp2_common/hardware_pll/pll.c.obj
                0x100042f4                pll_init
 .text.watchdog_start_tick
                0x10004414       0x10 CMakeFiles/MainBoard.dir/C_/Program_Files/Raspberry_Pi/Pico_SDK_v1.5.1/pico-sdk/src/rp2_common/hardware_watchdog/watchdog.c.obj
                0x10004414                watchdog_start_tick
 .text.xosc_init
                0x10004424       0x28 CMakeFiles/MainBoard.dir/C_/Program_Files/Raspberry_Pi/Pico_SDK_v1.5.1/pico-sdk/src/rp2_common/hardware_xosc/xosc.c.obj
                0x10004424                xosc_init
 .text._exit    0x1000444c        0x4 CMakeFiles/MainBoard.dir/C_/Program_Files/Raspberry_Pi/Pico_SDK_v1.5.1/pico-sdk/src/rp2_common/pico_runtime/runtime.c.obj
                0x1000444c                _exit
 .text.exit     0x10004450        0x6 CMakeFiles/MainBoard.dir/C_/Program_Files/Raspberry_Pi/Pico_SDK_v1.5.1/pico-sdk/src/rp2_common/pico_runtime/runtime.c.obj
                0x10004450                exit
 *fill*         0x10004456        0x2 
 .text.__assert_func
                0x10004458       0x3c CMakeFiles/MainBoard.dir/C_/Program_Files/Raspberry_Pi/Pico_SDK_v1.5.1/pico-sdk/src/rp2_common/pico_runtime/runtime.c.obj
                0x10004458                __assert_func
 .text.runtime_init
                0x10004494       0xf8 CMakeFiles/MainBoard.dir/C_/Program_Files/Raspberry_Pi/Pico_SDK_v1.5.1/pico-sdk/src/rp2_common/pico_runtime/runtime.c.obj
                0x10004494                runtime_init
 .text.panic    0x1000458c       0x30 CMakeFiles/MainBoard.dir/C_/Program_Files/Raspberry_Pi/Pico_SDK_v1.5.1/pico-sdk/src/rp2_common/pico_runtime/runtime.c.obj
                0x1000458c                panic
 .text._out_null
                0x100045bc        0x2 CMakeFiles/MainBoard.dir/C_/Program_Files/Raspberry_Pi/Pico_SDK_v1.5.1/pico-sdk/src/rp2_common/pico_printf/printf.c.obj
 .text._out_fct
                0x100045be        0xe CMakeFiles/MainBoard.dir/C_/Program_Files/Raspberry_Pi/Pico_SDK_v1.5.1/pico-sdk/src/rp2_common/pico_printf/printf.c.obj
 .text._atoi    0x100045cc       0x24 CMakeFiles/MainBoard.dir/C_/Program_Files/Raspberry_Pi/Pico_SDK_v1.5.1/pico-sdk/src/rp2_common/pico_printf/printf.c.obj
 .text._out_rev
                0x100045f0       0xae CMakeFiles/MainBoard.dir/C_/Program_Files/Raspberry_Pi/Pico_SDK_v1.5.1/pico-sdk/src/rp2_common/pico_printf/printf.c.obj
 .text._ntoa_format
                0x1000469e      0x112 CMakeFiles/MainBoard.dir/C_/Program_Files/Raspberry_Pi/Pico_SDK_v1.5.1/pico-sdk/src/rp2_common/pico_printf/printf.c.obj
 .text._ntoa_long
                0x100047b0       0xbc CMakeFiles/MainBoard.dir/C_/Program_Files/Raspberry_Pi/Pico_SDK_v1.5.1/pico-sdk/src/rp2_common/pico_printf/printf.c.obj
 .text._ntoa_long_long
                0x1000486c       0xe2 CMakeFiles/MainBoard.dir/C_/Program_Files/Raspberry_Pi/Pico_SDK_v1.5.1/pico-sdk/src/rp2_common/pico_printf/printf.c.obj
 *fill*         0x1000494e        0x2 
 .text._etoa    0x10004950      0x414 CMakeFiles/MainBoard.dir/C_/Program_Files/Raspberry_Pi/Pico_SDK_v1.5.1/pico-sdk/src/rp2_common/pico_printf/printf.c.obj
 .text._ftoa    0x10004d64      0x354 CMakeFiles/MainBoard.dir/C_/Program_Files/Raspberry_Pi/Pico_SDK_v1.5.1/pico-sdk/src/rp2_common/pico_printf/printf.c.obj
 .text._vsnprintf
                0x100050b8      0x624 CMakeFiles/MainBoard.dir/C_/Program_Files/Raspberry_Pi/Pico_SDK_v1.5.1/pico-sdk/src/rp2_common/pico_printf/printf.c.obj
 .text.vfctprintf
                0x100056dc       0x20 CMakeFiles/MainBoard.dir/C_/Program_Files/Raspberry_Pi/Pico_SDK_v1.5.1/pico-sdk/src/rp2_common/pico_printf/printf.c.obj
                0x100056dc                vfctprintf
 .text          0x100056fc       0x10 CMakeFiles/MainBoard.dir/C_/Program_Files/Raspberry_Pi/Pico_SDK_v1.5.1/pico-sdk/src/rp2_common/pico_bit_ops/bit_ops_aeabi.S.obj
 .text.rom_func_lookup
                0x1000570c       0x10 CMakeFiles/MainBoard.dir/C_/Program_Files/Raspberry_Pi/Pico_SDK_v1.5.1/pico-sdk/src/rp2_common/pico_bootrom/bootrom.c.obj
                0x1000570c                rom_func_lookup
 .text.rom_data_lookup
                0x1000571c       0x10 CMakeFiles/MainBoard.dir/C_/Program_Files/Raspberry_Pi/Pico_SDK_v1.5.1/pico-sdk/src/rp2_common/pico_bootrom/bootrom.c.obj
                0x1000571c                rom_data_lookup
 .text.rom_funcs_lookup
                0x1000572c       0x36 CMakeFiles/MainBoard.dir/C_/Program_Files/Raspberry_Pi/Pico_SDK_v1.5.1/pico-sdk/src/rp2_common/pico_bootrom/bootrom.c.obj
                0x1000572c                rom_funcs_lookup
 *fill*         0x10005762        0x2 
 .text.__wrap___aeabi_idiv
                0x10005764       0x50 CMakeFiles/MainBoard.dir/C_/Program_Files/Raspberry_Pi/Pico_SDK_v1.5.1/pico-sdk/src/rp2_common/pico_divider/divider.S.obj
                0x10005764                __wrap___aeabi_idivmod
                0x10005764                divmod_s32s32
                0x10005764                div_s32s32
                0x10005764                __wrap___aeabi_idiv
                0x1000576c                divmod_s32s32_unsafe
                0x10005798                divmod_s32s32_savestate
 .text.__wrap___aeabi_uidiv
                0x100057b4       0x4c CMakeFiles/MainBoard.dir/C_/Program_Files/Raspberry_Pi/Pico_SDK_v1.5.1/pico-sdk/src/rp2_common/pico_divider/divider.S.obj
                0x100057b4                __wrap___aeabi_uidiv
                0x100057b4                __wrap___aeabi_uidivmod
                0x100057b4                div_u32u32
                0x100057b4                divmod_u32u32
                0x100057bc                divmod_u32u32_unsafe
                0x100057e4                divmod_u32u32_savestate
 .text.__wrap___aeabi_ldiv
                0x10005800      0x424 CMakeFiles/MainBoard.dir/C_/Program_Files/Raspberry_Pi/Pico_SDK_v1.5.1/pico-sdk/src/rp2_common/pico_divider/divider.S.obj
                0x10005800                div_s64s64
                0x10005800                divmod_s64s64
                0x10005800                __wrap___aeabi_ldivmod
                0x10005830                divmod_u64u64
                0x10005830                div_u64u64
                0x10005830                __wrap___aeabi_uldivmod
                0x10005840                divmod_u64u64_savestate
                0x10005860                divmod_s64s64_unsafe
                0x100058e8                divmod_u64u64_unsafe
 .text.push_r8_r11
                0x10005c24        0xc CMakeFiles/MainBoard.dir/C_/Program_Files/Raspberry_Pi/Pico_SDK_v1.5.1/pico-sdk/src/rp2_common/pico_double/double_aeabi.S.obj
                0x10005c24                push_r8_r11
 .text.pop_r8_r11
                0x10005c30        0xc CMakeFiles/MainBoard.dir/C_/Program_Files/Raspberry_Pi/Pico_SDK_v1.5.1/pico-sdk/src/rp2_common/pico_double/double_aeabi.S.obj
                0x10005c30                pop_r8_r11
 .text.__wrap___aeabi_darithmetic
                0x10005c3c       0x80 CMakeFiles/MainBoard.dir/C_/Program_Files/Raspberry_Pi/Pico_SDK_v1.5.1/pico-sdk/src/rp2_common/pico_double/double_aeabi.S.obj
                0x10005c3c                __wrap___aeabi_drsub
                0x10005c42                __wrap___aeabi_dsub
                0x10005c54                __wrap___aeabi_dadd
                0x10005c66                __wrap___aeabi_ddiv
                0x10005ca2                __wrap___aeabi_dmul
 .text.__wrap___aeabi_cdcmple
                0x10005cbc       0x6c CMakeFiles/MainBoard.dir/C_/Program_Files/Raspberry_Pi/Pico_SDK_v1.5.1/pico-sdk/src/rp2_common/pico_double/double_aeabi.S.obj
                0x10005cbc                __wrap___aeabi_cdrcmple
                0x10005ccc                __wrap___aeabi_cdcmpeq
                0x10005ccc                __wrap___aeabi_cdcmple
 .text.__wrap___aeabi_dcmplt
                0x10005d28        0xc CMakeFiles/MainBoard.dir/C_/Program_Files/Raspberry_Pi/Pico_SDK_v1.5.1/pico-sdk/src/rp2_common/pico_double/double_aeabi.S.obj
                0x10005d28                __wrap___aeabi_dcmplt
 .text.__wrap___aeabi_dcmple
                0x10005d34       0x10 CMakeFiles/MainBoard.dir/C_/Program_Files/Raspberry_Pi/Pico_SDK_v1.5.1/pico-sdk/src/rp2_common/pico_double/double_aeabi.S.obj
                0x10005d34                __wrap___aeabi_dcmple
 .text.__wrap___aeabi_dcmpge
                0x10005d44       0x10 CMakeFiles/MainBoard.dir/C_/Program_Files/Raspberry_Pi/Pico_SDK_v1.5.1/pico-sdk/src/rp2_common/pico_double/double_aeabi.S.obj
                0x10005d44                __wrap___aeabi_dcmpge
 .text.__wrap___aeabi_dcmpgt
                0x10005d54        0xa CMakeFiles/MainBoard.dir/C_/Program_Files/Raspberry_Pi/Pico_SDK_v1.5.1/pico-sdk/src/rp2_common/pico_double/double_aeabi.S.obj
                0x10005d54                __wrap___aeabi_dcmpgt
 .text.__wrap___aeabi_dcmpun
                0x10005d5e       0x1c CMakeFiles/MainBoard.dir/C_/Program_Files/Raspberry_Pi/Pico_SDK_v1.5.1/pico-sdk/src/rp2_common/pico_double/double_aeabi.S.obj
                0x10005d5e                __wrap___aeabi_dcmpun
 *fill*         0x10005d7a        0x2 
 .text.__wrap___aeabi_i2d
                0x10005d7c       0x38 CMakeFiles/MainBoard.dir/C_/Program_Files/Raspberry_Pi/Pico_SDK_v1.5.1/pico-sdk/src/rp2_common/pico_double/double_aeabi.S.obj
                0x10005d7c                __wrap___aeabi_ui2d
                0x10005d84                __wrap___aeabi_i2d
 .text.__wrap___aeabi_d2iz
                0x10005db4       0x48 CMakeFiles/MainBoard.dir/C_/Program_Files/Raspberry_Pi/Pico_SDK_v1.5.1/pico-sdk/src/rp2_common/pico_double/double_aeabi.S.obj
                0x10005db4                double2int_z
                0x10005db4                __wrap___aeabi_d2iz
 .text.__wrap___aeabi_d2uiz
                0x10005dfc       0x18 CMakeFiles/MainBoard.dir/C_/Program_Files/Raspberry_Pi/Pico_SDK_v1.5.1/pico-sdk/src/rp2_common/pico_double/double_aeabi.S.obj
                0x10005dfc                __wrap___aeabi_d2uiz
                0x10005dfc                double2uint
 .text.__wrap___aeabi_d2lz
                0x10005e14       0x26 CMakeFiles/MainBoard.dir/C_/Program_Files/Raspberry_Pi/Pico_SDK_v1.5.1/pico-sdk/src/rp2_common/pico_double/double_aeabi.S.obj
                0x10005e14                double2int64_z
                0x10005e14                __wrap___aeabi_d2lz
 *fill*         0x10005e3a        0x2 
 .text.double2int64
                0x10005e3c       0x18 CMakeFiles/MainBoard.dir/C_/Program_Files/Raspberry_Pi/Pico_SDK_v1.5.1/pico-sdk/src/rp2_common/pico_double/double_aeabi.S.obj
                0x10005e3c                double2int64
 .text.double2ufix64
                0x10005e54       0x18 CMakeFiles/MainBoard.dir/C_/Program_Files/Raspberry_Pi/Pico_SDK_v1.5.1/pico-sdk/src/rp2_common/pico_double/double_aeabi.S.obj
                0x10005e54                double2ufix64
 .text.__wrap_atan2
                0x10005e6c       0x18 CMakeFiles/MainBoard.dir/C_/Program_Files/Raspberry_Pi/Pico_SDK_v1.5.1/pico-sdk/src/rp2_common/pico_double/double_aeabi.S.obj
                0x10005e6c                __wrap_atan2
 .text.__aeabi_double_init
                0x10005e84       0xc8 CMakeFiles/MainBoard.dir/C_/Program_Files/Raspberry_Pi/Pico_SDK_v1.5.1/pico-sdk/src/rp2_common/pico_double/double_init_rom.c.obj
                0x10005e84                __aeabi_double_init
 .text.double_table_shim_on_use_helper
                0x10005f4c       0x34 CMakeFiles/MainBoard.dir/C_/Program_Files/Raspberry_Pi/Pico_SDK_v1.5.1/pico-sdk/src/rp2_common/pico_double/double_v1_rom_shim.S.obj
                0x10005f4c                double_table_shim_on_use_helper
 .text.__wrap___aeabi_dsub
                0x10005f80       0x10 CMakeFiles/MainBoard.dir/C_/Program_Files/Raspberry_Pi/Pico_SDK_v1.5.1/pico-sdk/src/rp2_common/pico_double/double_v1_rom_shim.S.obj
                0x10005f80                drsub_shim
                0x10005f86                dsub_shim
 .text.dadd_shim
                0x10005f90      0x15c CMakeFiles/MainBoard.dir/C_/Program_Files/Raspberry_Pi/Pico_SDK_v1.5.1/pico-sdk/src/rp2_common/pico_double/double_v1_rom_shim.S.obj
                0x10005f90                dadd_shim
 .text.dmul_shim
                0x100060ec      0x15c CMakeFiles/MainBoard.dir/C_/Program_Files/Raspberry_Pi/Pico_SDK_v1.5.1/pico-sdk/src/rp2_common/pico_double/double_v1_rom_shim.S.obj
                0x100060ec                dmul_shim
 .text.ddiv_shim
                0x10006248      0x1b0 CMakeFiles/MainBoard.dir/C_/Program_Files/Raspberry_Pi/Pico_SDK_v1.5.1/pico-sdk/src/rp2_common/pico_double/double_v1_rom_shim.S.obj
                0x10006248                ddiv_shim
 .text.dcordic_vec_step
                0x100063f8        0xe CMakeFiles/MainBoard.dir/C_/Program_Files/Raspberry_Pi/Pico_SDK_v1.5.1/pico-sdk/src/rp2_common/pico_double/double_v1_rom_shim.S.obj
                0x100063f8                dcordic_vec_step
 .text.dcordic_rot_step
                0x10006406       0x76 CMakeFiles/MainBoard.dir/C_/Program_Files/Raspberry_Pi/Pico_SDK_v1.5.1/pico-sdk/src/rp2_common/pico_double/double_v1_rom_shim.S.obj
                0x10006406                dcordic_rot_step
 .text.double2uint_shim
                0x1000647c        0xe CMakeFiles/MainBoard.dir/C_/Program_Files/Raspberry_Pi/Pico_SDK_v1.5.1/pico-sdk/src/rp2_common/pico_double/double_v1_rom_shim.S.obj
                0x1000647c                double2uint_shim
                0x1000647e                double2ufix_shim
 .text.double2int64_shim
                0x1000648a       0x1a CMakeFiles/MainBoard.dir/C_/Program_Files/Raspberry_Pi/Pico_SDK_v1.5.1/pico-sdk/src/rp2_common/pico_double/double_v1_rom_shim.S.obj
                0x1000648a                double2int64_shim
                0x1000648c                double2fix64_shim
 .text.double2uint64_shim
                0x100064a4       0x70 CMakeFiles/MainBoard.dir/C_/Program_Files/Raspberry_Pi/Pico_SDK_v1.5.1/pico-sdk/src/rp2_common/pico_double/double_v1_rom_shim.S.obj
                0x100064a4                double2uint64_shim
                0x100064a6                double2ufix64_shim
                0x100064c6                d2fix_a
 .text.x2double_shims
                0x10006514       0x90 CMakeFiles/MainBoard.dir/C_/Program_Files/Raspberry_Pi/Pico_SDK_v1.5.1/pico-sdk/src/rp2_common/pico_double/double_v1_rom_shim.S.obj
                0x10006514                uint2double_shim
                0x10006516                ufix2double_shim
                0x1000651c                int2double_shim
                0x1000651e                fix2double_shim
                0x10006524                uint642double_shim
                0x10006526                ufix642double_shim
                0x1000652c                int642double_shim
                0x1000652e                fix642double_shim
 .text.dunpacks
                0x100065a4       0x3c CMakeFiles/MainBoard.dir/C_/Program_Files/Raspberry_Pi/Pico_SDK_v1.5.1/pico-sdk/src/rp2_common/pico_double/double_v1_rom_shim.S.obj
                0x100065a4                dunpacks
 .text.dreduce  0x100065e0       0x82 CMakeFiles/MainBoard.dir/C_/Program_Files/Raspberry_Pi/Pico_SDK_v1.5.1/pico-sdk/src/rp2_common/pico_double/double_v1_rom_shim.S.obj
                0x100065e0                dreduce
 *fill*         0x10006662        0x2 
 .text.dtrig_guts
                0x10006664      0x2ec CMakeFiles/MainBoard.dir/C_/Program_Files/Raspberry_Pi/Pico_SDK_v1.5.1/pico-sdk/src/rp2_common/pico_double/double_v1_rom_shim.S.obj
                0x1000673c                datan2_shim
 .text.__aeabi_lmul
                0x10006950       0x32 CMakeFiles/MainBoard.dir/C_/Program_Files/Raspberry_Pi/Pico_SDK_v1.5.1/pico-sdk/src/rp2_common/pico_int64_ops/pico_int64_ops_aeabi.S.obj
                0x10006950                __wrap___aeabi_lmul
 *fill*         0x10006982        0x2 
 .text.__aeabi_float_init
                0x10006984       0xfc CMakeFiles/MainBoard.dir/C_/Program_Files/Raspberry_Pi/Pico_SDK_v1.5.1/pico-sdk/src/rp2_common/pico_float/float_init_rom.c.obj
                0x10006984                __aeabi_float_init
 .text.float_table_shim_on_use_helper
                0x10006a80       0x34 CMakeFiles/MainBoard.dir/C_/Program_Files/Raspberry_Pi/Pico_SDK_v1.5.1/pico-sdk/src/rp2_common/pico_float/float_v1_rom_shim.S.obj
                0x10006a80                float_table_shim_on_use_helper
 .text          0x10006ab4       0x10 CMakeFiles/MainBoard.dir/C_/Program_Files/Raspberry_Pi/Pico_SDK_v1.5.1/pico-sdk/src/rp2_common/pico_mem_ops/mem_ops_aeabi.S.obj
                0x10006ab4                __aeabi_mem_init
 .text.memset   0x10006ac4        0xc CMakeFiles/MainBoard.dir/C_/Program_Files/Raspberry_Pi/Pico_SDK_v1.5.1/pico-sdk/src/rp2_common/pico_mem_ops/mem_ops_aeabi.S.obj
                0x10006ac4                __wrap_memset
 .text.memcpy   0x10006ad0        0xc CMakeFiles/MainBoard.dir/C_/Program_Files/Raspberry_Pi/Pico_SDK_v1.5.1/pico-sdk/src/rp2_common/pico_mem_ops/mem_ops_aeabi.S.obj
                0x10006ad0                __wrap_memcpy
                0x10006ad0                __wrap___aeabi_memcpy
 .text.stdio_out_chars_no_crlf
                0x10006adc        0xe CMakeFiles/MainBoard.dir/C_/Program_Files/Raspberry_Pi/Pico_SDK_v1.5.1/pico-sdk/src/rp2_common/pico_stdio/stdio.c.obj
 *fill*         0x10006aea        0x2 
 .text.stdio_out_chars_crlf
                0x10006aec       0x80 CMakeFiles/MainBoard.dir/C_/Program_Files/Raspberry_Pi/Pico_SDK_v1.5.1/pico-sdk/src/rp2_common/pico_stdio/stdio.c.obj
 .text.stdio_stack_buffer_flush
                0x10006b6c       0x44 CMakeFiles/MainBoard.dir/C_/Program_Files/Raspberry_Pi/Pico_SDK_v1.5.1/pico-sdk/src/rp2_common/pico_stdio/stdio.c.obj
 .text.stdio_buffered_printer
                0x10006bb0       0x20 CMakeFiles/MainBoard.dir/C_/Program_Files/Raspberry_Pi/Pico_SDK_v1.5.1/pico-sdk/src/rp2_common/pico_stdio/stdio.c.obj
 .text.stdout_serialize_begin
                0x10006bd0       0x5c CMakeFiles/MainBoard.dir/C_/Program_Files/Raspberry_Pi/Pico_SDK_v1.5.1/pico-sdk/src/rp2_common/pico_stdio/stdio.c.obj
                0x10006bd0                stdout_serialize_begin
 .text.stdout_serialize_end
                0x10006c2c       0x10 CMakeFiles/MainBoard.dir/C_/Program_Files/Raspberry_Pi/Pico_SDK_v1.5.1/pico-sdk/src/rp2_common/pico_stdio/stdio.c.obj
                0x10006c2c                stdout_serialize_end
 .text.stdio_put_string
                0x10006c3c       0x98 CMakeFiles/MainBoard.dir/C_/Program_Files/Raspberry_Pi/Pico_SDK_v1.5.1/pico-sdk/src/rp2_common/pico_stdio/stdio.c.obj
 .text.stdio_set_driver_enabled
                0x10006cd4       0x2c CMakeFiles/MainBoard.dir/C_/Program_Files/Raspberry_Pi/Pico_SDK_v1.5.1/pico-sdk/src/rp2_common/pico_stdio/stdio.c.obj
                0x10006cd4                stdio_set_driver_enabled
 .text.stdio_flush
                0x10006d00       0x20 CMakeFiles/MainBoard.dir/C_/Program_Files/Raspberry_Pi/Pico_SDK_v1.5.1/pico-sdk/src/rp2_common/pico_stdio/stdio.c.obj
                0x10006d00                stdio_flush
 .text.__wrap_puts
                0x10006d20       0x1e CMakeFiles/MainBoard.dir/C_/Program_Files/Raspberry_Pi/Pico_SDK_v1.5.1/pico-sdk/src/rp2_common/pico_stdio/stdio.c.obj
                0x10006d20                __wrap_puts
 *fill*         0x10006d3e        0x2 
 .text.__wrap_vprintf
                0x10006d40       0x40 CMakeFiles/MainBoard.dir/C_/Program_Files/Raspberry_Pi/Pico_SDK_v1.5.1/pico-sdk/src/rp2_common/pico_stdio/stdio.c.obj
                0x10006d40                __wrap_vprintf
 .text.__wrap_printf
                0x10006d80       0x18 CMakeFiles/MainBoard.dir/C_/Program_Files/Raspberry_Pi/Pico_SDK_v1.5.1/pico-sdk/src/rp2_common/pico_stdio/stdio.c.obj
                0x10006d80                __wrap_printf
 .text.stdio_init_all
                0x10006d98        0xa CMakeFiles/MainBoard.dir/C_/Program_Files/Raspberry_Pi/Pico_SDK_v1.5.1/pico-sdk/src/rp2_common/pico_stdio/stdio.c.obj
                0x10006d98                stdio_init_all
 *fill*         0x10006da2        0x2 
 .text.stdio_uart_out_chars
                0x10006da4       0x74 CMakeFiles/MainBoard.dir/C_/Program_Files/Raspberry_Pi/Pico_SDK_v1.5.1/pico-sdk/src/rp2_common/pico_stdio_uart/stdio_uart.c.obj
 .text.stdio_uart_in_chars
                0x10006e18       0x80 CMakeFiles/MainBoard.dir/C_/Program_Files/Raspberry_Pi/Pico_SDK_v1.5.1/pico-sdk/src/rp2_common/pico_stdio_uart/stdio_uart.c.obj
                0x10006e18                stdio_uart_in_chars
 .text.on_uart_rx
                0x10006e98       0x28 CMakeFiles/MainBoard.dir/C_/Program_Files/Raspberry_Pi/Pico_SDK_v1.5.1/pico-sdk/src/rp2_common/pico_stdio_uart/stdio_uart.c.obj
 .text.stdio_uart_set_chars_available_callback
                0x10006ec0       0x8c CMakeFiles/MainBoard.dir/C_/Program_Files/Raspberry_Pi/Pico_SDK_v1.5.1/pico-sdk/src/rp2_common/pico_stdio_uart/stdio_uart.c.obj
 .text.stdio_uart_init_full
                0x10006f4c       0x44 CMakeFiles/MainBoard.dir/C_/Program_Files/Raspberry_Pi/Pico_SDK_v1.5.1/pico-sdk/src/rp2_common/pico_stdio_uart/stdio_uart.c.obj
                0x10006f4c                stdio_uart_init_full
 .text.stdio_uart_init
                0x10006f90       0x28 CMakeFiles/MainBoard.dir/C_/Program_Files/Raspberry_Pi/Pico_SDK_v1.5.1/pico-sdk/src/rp2_common/pico_stdio_uart/stdio_uart.c.obj
                0x10006f90                stdio_uart_init
 .text.hw_endpoint_get_by_addr
                0x10006fb8       0x18 CMakeFiles/MainBoard.dir/C_/Program_Files/Raspberry_Pi/Pico_SDK_v1.5.1/pico-sdk/lib/tinyusb/src/portable/raspberrypi/rp2040/dcd_rp2040.c.obj
 .text._hw_endpoint_alloc
                0x10006fd0       0x70 CMakeFiles/MainBoard.dir/C_/Program_Files/Raspberry_Pi/Pico_SDK_v1.5.1/pico-sdk/lib/tinyusb/src/portable/raspberrypi/rp2040/dcd_rp2040.c.obj
 .text.hw_endpoint_init
                0x10007040       0x88 CMakeFiles/MainBoard.dir/C_/Program_Files/Raspberry_Pi/Pico_SDK_v1.5.1/pico-sdk/lib/tinyusb/src/portable/raspberrypi/rp2040/dcd_rp2040.c.obj
 .text.hw_endpoint_xfer
                0x100070c8       0x14 CMakeFiles/MainBoard.dir/C_/Program_Files/Raspberry_Pi/Pico_SDK_v1.5.1/pico-sdk/lib/tinyusb/src/portable/raspberrypi/rp2040/dcd_rp2040.c.obj
 .text.dcd_int_enable
                0x100070dc       0x2c CMakeFiles/MainBoard.dir/C_/Program_Files/Raspberry_Pi/Pico_SDK_v1.5.1/pico-sdk/lib/tinyusb/src/portable/raspberrypi/rp2040/dcd_rp2040.c.obj
                0x100070dc                dcd_int_enable
 .text.dcd_set_address
                0x10007108       0x2c CMakeFiles/MainBoard.dir/C_/Program_Files/Raspberry_Pi/Pico_SDK_v1.5.1/pico-sdk/lib/tinyusb/src/portable/raspberrypi/rp2040/dcd_rp2040.c.obj
                0x10007108                dcd_set_address
 .text.dcd_remote_wakeup
                0x10007134       0x38 CMakeFiles/MainBoard.dir/C_/Program_Files/Raspberry_Pi/Pico_SDK_v1.5.1/pico-sdk/lib/tinyusb/src/portable/raspberrypi/rp2040/dcd_rp2040.c.obj
                0x10007134                dcd_remote_wakeup
 .text.dcd_connect
                0x1000716c       0x10 CMakeFiles/MainBoard.dir/C_/Program_Files/Raspberry_Pi/Pico_SDK_v1.5.1/pico-sdk/lib/tinyusb/src/portable/raspberrypi/rp2040/dcd_rp2040.c.obj
                0x1000716c                dcd_connect
 .text.dcd_init
                0x1000717c       0x80 CMakeFiles/MainBoard.dir/C_/Program_Files/Raspberry_Pi/Pico_SDK_v1.5.1/pico-sdk/lib/tinyusb/src/portable/raspberrypi/rp2040/dcd_rp2040.c.obj
                0x1000717c                dcd_init
 .text.dcd_edpt0_status_complete
                0x100071fc       0x1c CMakeFiles/MainBoard.dir/C_/Program_Files/Raspberry_Pi/Pico_SDK_v1.5.1/pico-sdk/lib/tinyusb/src/portable/raspberrypi/rp2040/dcd_rp2040.c.obj
                0x100071fc                dcd_edpt0_status_complete
 .text.dcd_edpt_open
                0x10007218       0x40 CMakeFiles/MainBoard.dir/C_/Program_Files/Raspberry_Pi/Pico_SDK_v1.5.1/pico-sdk/lib/tinyusb/src/portable/raspberrypi/rp2040/dcd_rp2040.c.obj
                0x10007218                dcd_edpt_open
 .text.dcd_edpt_close_all
                0x10007258        0x8 CMakeFiles/MainBoard.dir/C_/Program_Files/Raspberry_Pi/Pico_SDK_v1.5.1/pico-sdk/lib/tinyusb/src/portable/raspberrypi/rp2040/dcd_rp2040.c.obj
                0x10007258                dcd_edpt_close_all
 .text.dcd_edpt_xfer
                0x10007260       0x34 CMakeFiles/MainBoard.dir/C_/Program_Files/Raspberry_Pi/Pico_SDK_v1.5.1/pico-sdk/lib/tinyusb/src/portable/raspberrypi/rp2040/dcd_rp2040.c.obj
                0x10007260                dcd_edpt_xfer
 .text.dcd_edpt_stall
                0x10007294       0x2c CMakeFiles/MainBoard.dir/C_/Program_Files/Raspberry_Pi/Pico_SDK_v1.5.1/pico-sdk/lib/tinyusb/src/portable/raspberrypi/rp2040/dcd_rp2040.c.obj
                0x10007294                dcd_edpt_stall
 .text.dcd_edpt_clear_stall
                0x100072c0       0x20 CMakeFiles/MainBoard.dir/C_/Program_Files/Raspberry_Pi/Pico_SDK_v1.5.1/pico-sdk/lib/tinyusb/src/portable/raspberrypi/rp2040/dcd_rp2040.c.obj
                0x100072c0                dcd_edpt_clear_stall
 .text.rp2040_usb_init
                0x100072e0       0x4c CMakeFiles/MainBoard.dir/C_/Program_Files/Raspberry_Pi/Pico_SDK_v1.5.1/pico-sdk/lib/tinyusb/src/portable/raspberrypi/rp2040/rp2040_usb.c.obj
                0x100072e0                rp2040_usb_init
 .text.hw_endpoint_xfer_start
                0x1000732c       0x50 CMakeFiles/MainBoard.dir/C_/Program_Files/Raspberry_Pi/Pico_SDK_v1.5.1/pico-sdk/lib/tinyusb/src/portable/raspberrypi/rp2040/rp2040_usb.c.obj
                0x1000732c                hw_endpoint_xfer_start
 .text.configuration_reset
                0x1000737c       0x84 CMakeFiles/MainBoard.dir/C_/Program_Files/Raspberry_Pi/Pico_SDK_v1.5.1/pico-sdk/lib/tinyusb/src/device/usbd.c.obj
 .text.usbd_reset
                0x10007400        0xc CMakeFiles/MainBoard.dir/C_/Program_Files/Raspberry_Pi/Pico_SDK_v1.5.1/pico-sdk/lib/tinyusb/src/device/usbd.c.obj
 .text.invoke_class_control
                0x1000740c       0x1a CMakeFiles/MainBoard.dir/C_/Program_Files/Raspberry_Pi/Pico_SDK_v1.5.1/pico-sdk/lib/tinyusb/src/device/usbd.c.obj
 *fill*         0x10007426        0x2 
 .text.process_set_config
                0x10007428      0x15c CMakeFiles/MainBoard.dir/C_/Program_Files/Raspberry_Pi/Pico_SDK_v1.5.1/pico-sdk/lib/tinyusb/src/device/usbd.c.obj
 .text.process_get_descriptor
                0x10007584       0xdc CMakeFiles/MainBoard.dir/C_/Program_Files/Raspberry_Pi/Pico_SDK_v1.5.1/pico-sdk/lib/tinyusb/src/device/usbd.c.obj
 .text.tud_mounted
                0x10007660       0x10 CMakeFiles/MainBoard.dir/C_/Program_Files/Raspberry_Pi/Pico_SDK_v1.5.1/pico-sdk/lib/tinyusb/src/device/usbd.c.obj
                0x10007660                tud_mounted
 .text.tud_suspended
                0x10007670       0x10 CMakeFiles/MainBoard.dir/C_/Program_Files/Raspberry_Pi/Pico_SDK_v1.5.1/pico-sdk/lib/tinyusb/src/device/usbd.c.obj
                0x10007670                tud_suspended
 .text.tud_remote_wakeup
                0x10007680       0x34 CMakeFiles/MainBoard.dir/C_/Program_Files/Raspberry_Pi/Pico_SDK_v1.5.1/pico-sdk/lib/tinyusb/src/device/usbd.c.obj
                0x10007680                tud_remote_wakeup
 .text.tud_inited
                0x100076b4       0x14 CMakeFiles/MainBoard.dir/C_/Program_Files/Raspberry_Pi/Pico_SDK_v1.5.1/pico-sdk/lib/tinyusb/src/device/usbd.c.obj
                0x100076b4                tud_inited
 .text.tud_init
                0x100076c8       0xcc CMakeFiles/MainBoard.dir/C_/Program_Files/Raspberry_Pi/Pico_SDK_v1.5.1/pico-sdk/lib/tinyusb/src/device/usbd.c.obj
                0x100076c8                tud_init
 .text.usbd_edpt_open
                0x10007794       0x34 CMakeFiles/MainBoard.dir/C_/Program_Files/Raspberry_Pi/Pico_SDK_v1.5.1/pico-sdk/lib/tinyusb/src/device/usbd.c.obj
                0x10007794                usbd_edpt_open
 .text.usbd_open_edpt_pair
                0x100077c8       0x62 CMakeFiles/MainBoard.dir/C_/Program_Files/Raspberry_Pi/Pico_SDK_v1.5.1/pico-sdk/lib/tinyusb/src/device/usbd.c.obj
                0x100077c8                usbd_open_edpt_pair
 *fill*         0x1000782a        0x2 
 .text.usbd_edpt_claim
                0x1000782c       0x28 CMakeFiles/MainBoard.dir/C_/Program_Files/Raspberry_Pi/Pico_SDK_v1.5.1/pico-sdk/lib/tinyusb/src/device/usbd.c.obj
                0x1000782c                usbd_edpt_claim
 .text.usbd_edpt_xfer
                0x10007854       0x78 CMakeFiles/MainBoard.dir/C_/Program_Files/Raspberry_Pi/Pico_SDK_v1.5.1/pico-sdk/lib/tinyusb/src/device/usbd.c.obj
                0x10007854                usbd_edpt_xfer
 .text.usbd_edpt_busy
                0x100078cc       0x1c CMakeFiles/MainBoard.dir/C_/Program_Files/Raspberry_Pi/Pico_SDK_v1.5.1/pico-sdk/lib/tinyusb/src/device/usbd.c.obj
                0x100078cc                usbd_edpt_busy
 .text.usbd_edpt_stall
                0x100078e8       0x48 CMakeFiles/MainBoard.dir/C_/Program_Files/Raspberry_Pi/Pico_SDK_v1.5.1/pico-sdk/lib/tinyusb/src/device/usbd.c.obj
                0x100078e8                usbd_edpt_stall
 .text.usbd_edpt_clear_stall
                0x10007930       0x48 CMakeFiles/MainBoard.dir/C_/Program_Files/Raspberry_Pi/Pico_SDK_v1.5.1/pico-sdk/lib/tinyusb/src/device/usbd.c.obj
                0x10007930                usbd_edpt_clear_stall
 .text.usbd_edpt_stalled
                0x10007978       0x1c CMakeFiles/MainBoard.dir/C_/Program_Files/Raspberry_Pi/Pico_SDK_v1.5.1/pico-sdk/lib/tinyusb/src/device/usbd.c.obj
                0x10007978                usbd_edpt_stalled
 .text.process_control_request
                0x10007994      0x37c CMakeFiles/MainBoard.dir/C_/Program_Files/Raspberry_Pi/Pico_SDK_v1.5.1/pico-sdk/lib/tinyusb/src/device/usbd.c.obj
 .text.tud_task_ext
                0x10007d10      0x1b8 CMakeFiles/MainBoard.dir/C_/Program_Files/Raspberry_Pi/Pico_SDK_v1.5.1/pico-sdk/lib/tinyusb/src/device/usbd.c.obj
                0x10007d10                tud_task_ext
 .text._data_stage_xact
                0x10007ec8       0x58 CMakeFiles/MainBoard.dir/C_/Program_Files/Raspberry_Pi/Pico_SDK_v1.5.1/pico-sdk/lib/tinyusb/src/device/usbd_control.c.obj
 .text.tud_control_status
                0x10007f20       0x38 CMakeFiles/MainBoard.dir/C_/Program_Files/Raspberry_Pi/Pico_SDK_v1.5.1/pico-sdk/lib/tinyusb/src/device/usbd_control.c.obj
                0x10007f20                tud_control_status
 .text.tud_control_xfer
                0x10007f58       0x74 CMakeFiles/MainBoard.dir/C_/Program_Files/Raspberry_Pi/Pico_SDK_v1.5.1/pico-sdk/lib/tinyusb/src/device/usbd_control.c.obj
                0x10007f58                tud_control_xfer
 .text.usbd_control_reset
                0x10007fcc       0x14 CMakeFiles/MainBoard.dir/C_/Program_Files/Raspberry_Pi/Pico_SDK_v1.5.1/pico-sdk/lib/tinyusb/src/device/usbd_control.c.obj
                0x10007fcc                usbd_control_reset
 .text.usbd_control_set_complete_callback
                0x10007fe0        0xc CMakeFiles/MainBoard.dir/C_/Program_Files/Raspberry_Pi/Pico_SDK_v1.5.1/pico-sdk/lib/tinyusb/src/device/usbd_control.c.obj
                0x10007fe0                usbd_control_set_complete_callback
 .text.usbd_control_set_request
                0x10007fec       0x1c CMakeFiles/MainBoard.dir/C_/Program_Files/Raspberry_Pi/Pico_SDK_v1.5.1/pico-sdk/lib/tinyusb/src/device/usbd_control.c.obj
                0x10007fec                usbd_control_set_request
 .text.usbd_control_xfer_cb
                0x10008008       0xcc CMakeFiles/MainBoard.dir/C_/Program_Files/Raspberry_Pi/Pico_SDK_v1.5.1/pico-sdk/lib/tinyusb/src/device/usbd_control.c.obj
                0x10008008                usbd_control_xfer_cb
 .text.tud_hid_n_ready
                0x100080d4       0x50 CMakeFiles/MainBoard.dir/C_/Program_Files/Raspberry_Pi/Pico_SDK_v1.5.1/pico-sdk/lib/tinyusb/src/class/hid/hid_device.c.obj
                0x100080d4                tud_hid_n_ready
 .text.tud_hid_n_report
                0x10008124       0x84 CMakeFiles/MainBoard.dir/C_/Program_Files/Raspberry_Pi/Pico_SDK_v1.5.1/pico-sdk/lib/tinyusb/src/class/hid/hid_device.c.obj
                0x10008124                tud_hid_n_report
 .text.hidd_reset
                0x100081a8       0x14 CMakeFiles/MainBoard.dir/C_/Program_Files/Raspberry_Pi/Pico_SDK_v1.5.1/pico-sdk/lib/tinyusb/src/class/hid/hid_device.c.obj
                0x100081a8                hidd_reset
 .text.hidd_init
                0x100081bc        0xa CMakeFiles/MainBoard.dir/C_/Program_Files/Raspberry_Pi/Pico_SDK_v1.5.1/pico-sdk/lib/tinyusb/src/class/hid/hid_device.c.obj
                0x100081bc                hidd_init
 *fill*         0x100081c6        0x2 
 .text.hidd_open
                0x100081c8       0xbc CMakeFiles/MainBoard.dir/C_/Program_Files/Raspberry_Pi/Pico_SDK_v1.5.1/pico-sdk/lib/tinyusb/src/class/hid/hid_device.c.obj
                0x100081c8                hidd_open
 .text.hidd_control_xfer_cb
                0x10008284      0x278 CMakeFiles/MainBoard.dir/C_/Program_Files/Raspberry_Pi/Pico_SDK_v1.5.1/pico-sdk/lib/tinyusb/src/class/hid/hid_device.c.obj
                0x10008284                hidd_control_xfer_cb
 .text.hidd_xfer_cb
                0x100084fc       0x84 CMakeFiles/MainBoard.dir/C_/Program_Files/Raspberry_Pi/Pico_SDK_v1.5.1/pico-sdk/lib/tinyusb/src/class/hid/hid_device.c.obj
                0x100084fc                hidd_xfer_cb
 .text.tusb_inited
                0x10008580        0xe CMakeFiles/MainBoard.dir/C_/Program_Files/Raspberry_Pi/Pico_SDK_v1.5.1/pico-sdk/lib/tinyusb/src/tusb.c.obj
                0x10008580                tusb_inited
 .text.tu_edpt_claim
                0x1000858e       0x50 CMakeFiles/MainBoard.dir/C_/Program_Files/Raspberry_Pi/Pico_SDK_v1.5.1/pico-sdk/lib/tinyusb/src/tusb.c.obj
                0x1000858e                tu_edpt_claim
 *fill*         0x100085de        0x2 
 .text.tu_edpt_validate
                0x100085e0       0x78 CMakeFiles/MainBoard.dir/C_/Program_Files/Raspberry_Pi/Pico_SDK_v1.5.1/pico-sdk/lib/tinyusb/src/tusb.c.obj
                0x100085e0                tu_edpt_validate
 .text.tu_edpt_bind_driver
                0x10008658       0x26 CMakeFiles/MainBoard.dir/C_/Program_Files/Raspberry_Pi/Pico_SDK_v1.5.1/pico-sdk/lib/tinyusb/src/tusb.c.obj
                0x10008658                tu_edpt_bind_driver
 .text.advance_index
                0x1000867e       0x1a CMakeFiles/MainBoard.dir/C_/Program_Files/Raspberry_Pi/Pico_SDK_v1.5.1/pico-sdk/lib/tinyusb/src/common/tusb_fifo.c.obj
 .text._tu_fifo_peek
                0x10008698       0x56 CMakeFiles/MainBoard.dir/C_/Program_Files/Raspberry_Pi/Pico_SDK_v1.5.1/pico-sdk/lib/tinyusb/src/common/tusb_fifo.c.obj
 .text.tu_fifo_full
                0x100086ee       0x28 CMakeFiles/MainBoard.dir/C_/Program_Files/Raspberry_Pi/Pico_SDK_v1.5.1/pico-sdk/lib/tinyusb/src/common/tusb_fifo.c.obj
                0x100086ee                tu_fifo_full
 .text.tu_fifo_read
                0x10008716       0x42 CMakeFiles/MainBoard.dir/C_/Program_Files/Raspberry_Pi/Pico_SDK_v1.5.1/pico-sdk/lib/tinyusb/src/common/tusb_fifo.c.obj
                0x10008716                tu_fifo_read
 .text.tu_fifo_write
                0x10008758       0x64 CMakeFiles/MainBoard.dir/C_/Program_Files/Raspberry_Pi/Pico_SDK_v1.5.1/pico-sdk/lib/tinyusb/src/common/tusb_fifo.c.obj
                0x10008758                tu_fifo_write
 .text.tu_fifo_clear
                0x100087bc       0x3e CMakeFiles/MainBoard.dir/C_/Program_Files/Raspberry_Pi/Pico_SDK_v1.5.1/pico-sdk/lib/tinyusb/src/common/tusb_fifo.c.obj
                0x100087bc                tu_fifo_clear
 *fill*         0x100087fa        0x2 
 .text.board_init
                0x100087fc       0x30 CMakeFiles/MainBoard.dir/C_/Program_Files/Raspberry_Pi/Pico_SDK_v1.5.1/pico-sdk/lib/tinyusb/hw/bsp/rp2040/family.c.obj
                0x100087fc                board_init
 .text.board_led_write
                0x1000882c       0x1c CMakeFiles/MainBoard.dir/C_/Program_Files/Raspberry_Pi/Pico_SDK_v1.5.1/pico-sdk/lib/tinyusb/hw/bsp/rp2040/family.c.obj
                0x1000882c                board_led_write
 .text.board_button_read
                0x10008848        0xe CMakeFiles/MainBoard.dir/C_/Program_Files/Raspberry_Pi/Pico_SDK_v1.5.1/pico-sdk/lib/tinyusb/hw/bsp/rp2040/family.c.obj
                0x10008848                board_button_read
 *fill*         0x10008856        0x2 
 .text.SystemCoreClockUpdate
                0x10008858       0x14 CMakeFiles/MainBoard.dir/C_/Program_Files/Raspberry_Pi/Pico_SDK_v1.5.1/pico-sdk/src/rp2_common/cmsis/stub/CMSIS/Device/RaspberryPi/RP2040/Source/system_RP2040.c.obj
                0x10008858                SystemCoreClockUpdate
 .text.SystemInit
                0x1000886c        0x8 CMakeFiles/MainBoard.dir/C_/Program_Files/Raspberry_Pi/Pico_SDK_v1.5.1/pico-sdk/src/rp2_common/cmsis/stub/CMSIS/Device/RaspberryPi/RP2040/Source/system_RP2040.c.obj
                0x1000886c                SystemInit
 .text.i2c_write_blocking_internal
                0x10008874      0x140 CMakeFiles/MainBoard.dir/C_/Program_Files/Raspberry_Pi/Pico_SDK_v1.5.1/pico-sdk/src/rp2_common/hardware_i2c/i2c.c.obj
 .text.i2c_read_blocking_internal
                0x100089b4       0xe6 CMakeFiles/MainBoard.dir/C_/Program_Files/Raspberry_Pi/Pico_SDK_v1.5.1/pico-sdk/src/rp2_common/hardware_i2c/i2c.c.obj
 *fill*         0x10008a9a        0x2 
 .text.i2c_set_baudrate
                0x10008a9c       0xf0 CMakeFiles/MainBoard.dir/C_/Program_Files/Raspberry_Pi/Pico_SDK_v1.5.1/pico-sdk/src/rp2_common/hardware_i2c/i2c.c.obj
                0x10008a9c                i2c_set_baudrate
 .text.i2c_init
                0x10008b8c       0x58 CMakeFiles/MainBoard.dir/C_/Program_Files/Raspberry_Pi/Pico_SDK_v1.5.1/pico-sdk/src/rp2_common/hardware_i2c/i2c.c.obj
                0x10008b8c                i2c_init
 .text.i2c_write_blocking
                0x10008be4       0x18 CMakeFiles/MainBoard.dir/C_/Program_Files/Raspberry_Pi/Pico_SDK_v1.5.1/pico-sdk/src/rp2_common/hardware_i2c/i2c.c.obj
                0x10008be4                i2c_write_blocking
 .text.i2c_read_blocking
                0x10008bfc       0x18 CMakeFiles/MainBoard.dir/C_/Program_Files/Raspberry_Pi/Pico_SDK_v1.5.1/pico-sdk/src/rp2_common/hardware_i2c/i2c.c.obj
                0x10008bfc                i2c_read_blocking
 .text.itoa     0x10008c14       0x30 c:/progra~1/raspbe~1/picosd~1.1/gcc-ar~1/bin/../lib/gcc/arm-none-eabi/10.3.1/../../../../arm-none-eabi/lib/thumb/v6-m/nofp\libg.a(lib_a-itoa.o)
                0x10008c14                itoa
 .text.strcat   0x10008c44       0x4c c:/progra~1/raspbe~1/picosd~1.1/gcc-ar~1/bin/../lib/gcc/arm-none-eabi/10.3.1/../../../../arm-none-eabi/lib/thumb/v6-m/nofp\libg.a(lib_a-strcat.o)
                0x10008c44                strcat
 .text.strcpy   0x10008c90       0x10 c:/progra~1/raspbe~1/picosd~1.1/gcc-ar~1/bin/../lib/gcc/arm-none-eabi/10.3.1/../../../../arm-none-eabi/lib/thumb/v6-m/nofp\libg.a(lib_a-strcpy.o)
                0x10008c90                strcpy
 .text.strlen   0x10008ca0       0x5c c:/progra~1/raspbe~1/picosd~1.1/gcc-ar~1/bin/../lib/gcc/arm-none-eabi/10.3.1/../../../../arm-none-eabi/lib/thumb/v6-m/nofp\libg.a(lib_a-strlen-stub.o)
                0x10008ca0                strlen
 .text.__utoa   0x10008cfc       0x80 c:/progra~1/raspbe~1/picosd~1.1/gcc-ar~1/bin/../lib/gcc/arm-none-eabi/10.3.1/../../../../arm-none-eabi/lib/thumb/v6-m/nofp\libg.a(lib_a-utoa.o)
                0x10008cfc                __utoa
 *(.fini)
 .fini          0x10008d7c        0x4 c:/progra~1/raspbe~1/picosd~1.1/gcc-ar~1/bin/../lib/gcc/arm-none-eabi/10.3.1/thumb/v6-m/nofp/crti.o
                0x10008d7c                _fini
 .fini.__stub   0x10008d80       0xc0 linker stubs
 *crtbegin.o(.ctors)
 *crtbegin?.o(.ctors)
 *(EXCLUDE_FILE(*crtend.o *crtend?.o) .ctors)
 *(SORT_BY_NAME(.ctors.*))
 *(.ctors)
 *crtbegin.o(.dtors)
 *crtbegin?.o(.dtors)
 *(EXCLUDE_FILE(*crtend.o *crtend?.o) .dtors)
 *(SORT_BY_NAME(.dtors.*))
 *(.dtors)
 *(.eh_frame*)
 .eh_frame      0x10008e40        0x0 c:/progra~1/raspbe~1/picosd~1.1/gcc-ar~1/bin/../lib/gcc/arm-none-eabi/10.3.1/thumb/v6-m/nofp/crtbegin.o
                0x10008e40                . = ALIGN (0x4)

.glue_7         0x10008e40        0x0
 .glue_7        0x10008e40        0x0 linker stubs

.glue_7t        0x10008e40        0x0
 .glue_7t       0x10008e40        0x0 linker stubs

.vfp11_veneer   0x10008e40        0x0
 .vfp11_veneer  0x10008e40        0x0 linker stubs

.v4_bx          0x10008e40        0x0
 .v4_bx         0x10008e40        0x0 linker stubs

.iplt           0x10008e40        0x0
 .iplt          0x10008e40        0x0 c:/progra~1/raspbe~1/picosd~1.1/gcc-ar~1/bin/../lib/gcc/arm-none-eabi/10.3.1/thumb/v6-m/nofp/crtbegin.o

.rodata         0x10008e40     0x1970
 *(EXCLUDE_FILE(*libm.a: *libc.a:*lib_a-mem*.o *libgcc.a:) .rodata*)
 .rodata.str1.4
                0x10008e40      0x13f CMakeFiles/MainBoard.dir/main.c.obj
                                0x143 (size before relaxing)
 *fill*         0x10008f7f        0x1 
 .rodata.LCD_menu.str1.4
                0x10008f80       0x29 CMakeFiles/MainBoard.dir/main.c.obj
 *fill*         0x10008fa9        0x3 
 .rodata.update_angle.str1.4
                0x10008fac       0x26 CMakeFiles/MainBoard.dir/main.c.obj
 *fill*         0x10008fd2        0x2 
 .rodata.memo.str1.4
                0x10008fd4       0x62 CMakeFiles/MainBoard.dir/main.c.obj
 *fill*         0x10009036        0x2 
 .rodata        0x10009038        0x8 CMakeFiles/MainBoard.dir/main.c.obj
 .rodata.__bi_176.2
                0x10009040        0x8 CMakeFiles/MainBoard.dir/main.c.obj
 .rodata.tud_descriptor_string_cb.str1.4
                0x10009048       0x11 CMakeFiles/MainBoard.dir/usb_descriptors.c.obj
 *fill*         0x10009059        0x3 
 .rodata.str1.4
                0x1000905c       0x17 CMakeFiles/MainBoard.dir/usb_descriptors.c.obj
 *fill*         0x10009073        0x1 
 .rodata.__compound_literal.0
                0x10009074        0x2 CMakeFiles/MainBoard.dir/usb_descriptors.c.obj
 *fill*         0x10009076        0x2 
 .rodata.desc_configuration
                0x10009078       0x22 CMakeFiles/MainBoard.dir/usb_descriptors.c.obj
                0x10009078                desc_configuration
 *fill*         0x1000909a        0x2 
 .rodata.desc_device
                0x1000909c       0x12 CMakeFiles/MainBoard.dir/usb_descriptors.c.obj
                0x1000909c                desc_device
 *fill*         0x100090ae        0x2 
 .rodata.desc_hid_report
                0x100090b0       0xef CMakeFiles/MainBoard.dir/usb_descriptors.c.obj
                0x100090b0                desc_hid_report
 *fill*         0x1000919f        0x1 
 .rodata.hid_task.str1.4
                0x100091a0       0x7d CMakeFiles/MainBoard.dir/callbacks.c.obj
 *fill*         0x1000921d        0x3 
 .rodata.__func__.0
                0x10009220       0x15 CMakeFiles/MainBoard.dir/callbacks.c.obj
 *fill*         0x10009235        0x3 
 .rodata.pinConfig.str1.4
                0x10009238       0x1e CMakeFiles/MainBoard.dir/matriz.c.obj
 *fill*         0x10009256        0x2 
 .rodata.begin_systick.str1.4
                0x10009258       0x33 CMakeFiles/MainBoard.dir/matriz.c.obj
 *fill*         0x1000928b        0x1 
 .rodata.readMatrix
                0x1000928c       0x24 CMakeFiles/MainBoard.dir/matriz.c.obj
 .rodata.read_encoders
                0x100092b0       0x8c CMakeFiles/MainBoard.dir/encoder.c.obj
 .rodata.spin_lock_claim_unused.str1.4
                0x1000933c       0x1b CMakeFiles/MainBoard.dir/C_/Program_Files/Raspberry_Pi/Pico_SDK_v1.5.1/pico-sdk/src/rp2_common/hardware_sync/sync.c.obj
 *fill*         0x10009357        0x1 
 .rodata.make_branch.str1.4
                0x10009358       0x89 CMakeFiles/MainBoard.dir/C_/Program_Files/Raspberry_Pi/Pico_SDK_v1.5.1/pico-sdk/src/rp2_common/hardware_irq/irq.c.obj
 *fill*         0x100093e1        0x3 
 .rodata.insert_branch_and_link.str1.4
                0x100093e4       0x10 CMakeFiles/MainBoard.dir/C_/Program_Files/Raspberry_Pi/Pico_SDK_v1.5.1/pico-sdk/src/rp2_common/hardware_irq/irq.c.obj
 .rodata.irq_set_exclusive_handler.str1.4
                0x100093f4       0x36 CMakeFiles/MainBoard.dir/C_/Program_Files/Raspberry_Pi/Pico_SDK_v1.5.1/pico-sdk/src/rp2_common/hardware_irq/irq.c.obj
 *fill*         0x1000942a        0x2 
 .rodata.irq_add_shared_handler.str1.4
                0x1000942c       0xd9 CMakeFiles/MainBoard.dir/C_/Program_Files/Raspberry_Pi/Pico_SDK_v1.5.1/pico-sdk/src/rp2_common/hardware_irq/irq.c.obj
 *fill*         0x10009505        0x3 
 .rodata.irq_remove_handler.str1.4
                0x10009508       0x3a CMakeFiles/MainBoard.dir/C_/Program_Files/Raspberry_Pi/Pico_SDK_v1.5.1/pico-sdk/src/rp2_common/hardware_irq/irq.c.obj
 *fill*         0x10009542        0x2 
 .rodata.irq_add_tail_to_free_list.str1.4
                0x10009544       0x3a CMakeFiles/MainBoard.dir/C_/Program_Files/Raspberry_Pi/Pico_SDK_v1.5.1/pico-sdk/src/rp2_common/hardware_irq/irq.c.obj
 *fill*         0x1000957e        0x2 
 .rodata.__func__.0
                0x10009580       0x1a CMakeFiles/MainBoard.dir/C_/Program_Files/Raspberry_Pi/Pico_SDK_v1.5.1/pico-sdk/src/rp2_common/hardware_irq/irq.c.obj
 *fill*         0x1000959a        0x2 
 .rodata.__func__.1
                0x1000959c       0x17 CMakeFiles/MainBoard.dir/C_/Program_Files/Raspberry_Pi/Pico_SDK_v1.5.1/pico-sdk/src/rp2_common/hardware_irq/irq.c.obj
 *fill*         0x100095b3        0x1 
 .rodata.__func__.2
                0x100095b4       0x13 CMakeFiles/MainBoard.dir/C_/Program_Files/Raspberry_Pi/Pico_SDK_v1.5.1/pico-sdk/src/rp2_common/hardware_irq/irq.c.obj
 *fill*         0x100095c7        0x1 
 .rodata.__func__.3
                0x100095c8        0xc CMakeFiles/MainBoard.dir/C_/Program_Files/Raspberry_Pi/Pico_SDK_v1.5.1/pico-sdk/src/rp2_common/hardware_irq/irq.c.obj
 .rodata.__func__.4
                0x100095d4        0xf CMakeFiles/MainBoard.dir/C_/Program_Files/Raspberry_Pi/Pico_SDK_v1.5.1/pico-sdk/src/rp2_common/hardware_irq/irq.c.obj
 *fill*         0x100095e3        0x1 
 .rodata.__func__.5
                0x100095e4       0x17 CMakeFiles/MainBoard.dir/C_/Program_Files/Raspberry_Pi/Pico_SDK_v1.5.1/pico-sdk/src/rp2_common/hardware_irq/irq.c.obj
 *fill*         0x100095fb        0x1 
 .rodata.__func__.6
                0x100095fc       0x1a CMakeFiles/MainBoard.dir/C_/Program_Files/Raspberry_Pi/Pico_SDK_v1.5.1/pico-sdk/src/rp2_common/hardware_irq/irq.c.obj
 *fill*         0x10009616        0x2 
 .rodata.str1.4
                0x10009618       0xa5 CMakeFiles/MainBoard.dir/C_/Program_Files/Raspberry_Pi/Pico_SDK_v1.5.1/pico-sdk/src/common/pico_sync/mutex.c.obj
                                0x125 (size before relaxing)
 *fill*         0x100096bd        0x3 
 .rodata.__func__.1
                0x100096c0        0xb CMakeFiles/MainBoard.dir/C_/Program_Files/Raspberry_Pi/Pico_SDK_v1.5.1/pico-sdk/src/common/pico_sync/mutex.c.obj
 *fill*         0x100096cb        0x1 
 .rodata.__func__.3
                0x100096cc       0x18 CMakeFiles/MainBoard.dir/C_/Program_Files/Raspberry_Pi/Pico_SDK_v1.5.1/pico-sdk/src/common/pico_sync/mutex.c.obj
 .rodata.__func__.4
                0x100096e4       0x15 CMakeFiles/MainBoard.dir/C_/Program_Files/Raspberry_Pi/Pico_SDK_v1.5.1/pico-sdk/src/common/pico_sync/mutex.c.obj
 *fill*         0x100096f9        0x3 
 .rodata.repeating_timer_callback.str1.4
                0x100096fc       0x67 CMakeFiles/MainBoard.dir/C_/Program_Files/Raspberry_Pi/Pico_SDK_v1.5.1/pico-sdk/src/common/pico_time/time.c.obj
 *fill*         0x10009763        0x1 
 .rodata.timer_pool_entry_comparator.str1.4
                0x10009764       0x22 CMakeFiles/MainBoard.dir/C_/Program_Files/Raspberry_Pi/Pico_SDK_v1.5.1/pico-sdk/src/common/pico_time/time.c.obj
 *fill*         0x10009786        0x2 
 .rodata.ph_add_child_node.str1.4
                0x10009788       0xb2 CMakeFiles/MainBoard.dir/C_/Program_Files/Raspberry_Pi/Pico_SDK_v1.5.1/pico-sdk/src/common/pico_time/time.c.obj
 *fill*         0x1000983a        0x2 
 .rodata.add_alarm_under_lock.str1.4
                0x1000983c       0x28 CMakeFiles/MainBoard.dir/C_/Program_Files/Raspberry_Pi/Pico_SDK_v1.5.1/pico-sdk/src/common/pico_time/time.c.obj
                                 0x2b (size before relaxing)
 .rodata.alarm_pool_alarm_callback.str1.4
                0x10009864       0x98 CMakeFiles/MainBoard.dir/C_/Program_Files/Raspberry_Pi/Pico_SDK_v1.5.1/pico-sdk/src/common/pico_time/time.c.obj
                                0x118 (size before relaxing)
 .rodata.alarm_pool_get_default.str1.4
                0x100098fc       0x21 CMakeFiles/MainBoard.dir/C_/Program_Files/Raspberry_Pi/Pico_SDK_v1.5.1/pico-sdk/src/common/pico_time/time.c.obj
 *fill*         0x1000991d        0x3 
 .rodata.alarm_pool_cancel_alarm.str1.4
                0x10009920       0x27 CMakeFiles/MainBoard.dir/C_/Program_Files/Raspberry_Pi/Pico_SDK_v1.5.1/pico-sdk/src/common/pico_time/time.c.obj
 *fill*         0x10009947        0x1 
 .rodata.sleep_until.str1.4
                0x10009948       0x4d CMakeFiles/MainBoard.dir/C_/Program_Files/Raspberry_Pi/Pico_SDK_v1.5.1/pico-sdk/src/common/pico_time/time.c.obj
 *fill*         0x10009995        0x3 
 .rodata.__func__.1
                0x10009998       0x18 CMakeFiles/MainBoard.dir/C_/Program_Files/Raspberry_Pi/Pico_SDK_v1.5.1/pico-sdk/src/common/pico_time/time.c.obj
 .rodata.__func__.10
                0x100099b0       0x15 CMakeFiles/MainBoard.dir/C_/Program_Files/Raspberry_Pi/Pico_SDK_v1.5.1/pico-sdk/src/common/pico_time/time.c.obj
 *fill*         0x100099c5        0x3 
 .rodata.__func__.11
                0x100099c8       0x1a CMakeFiles/MainBoard.dir/C_/Program_Files/Raspberry_Pi/Pico_SDK_v1.5.1/pico-sdk/src/common/pico_time/time.c.obj
 *fill*         0x100099e2        0x2 
 .rodata.__func__.12
                0x100099e4        0xa CMakeFiles/MainBoard.dir/C_/Program_Files/Raspberry_Pi/Pico_SDK_v1.5.1/pico-sdk/src/common/pico_time/time.c.obj
 *fill*         0x100099ee        0x2 
 .rodata.__func__.3
                0x100099f0       0x17 CMakeFiles/MainBoard.dir/C_/Program_Files/Raspberry_Pi/Pico_SDK_v1.5.1/pico-sdk/src/common/pico_time/time.c.obj
 *fill*         0x10009a07        0x1 
 .rodata.__func__.4
                0x10009a08       0x12 CMakeFiles/MainBoard.dir/C_/Program_Files/Raspberry_Pi/Pico_SDK_v1.5.1/pico-sdk/src/common/pico_time/time.c.obj
 *fill*         0x10009a1a        0x2 
 .rodata.__func__.5
                0x10009a1c        0xd CMakeFiles/MainBoard.dir/C_/Program_Files/Raspberry_Pi/Pico_SDK_v1.5.1/pico-sdk/src/common/pico_time/time.c.obj
 *fill*         0x10009a29        0x3 
 .rodata.__func__.6
                0x10009a2c       0x12 CMakeFiles/MainBoard.dir/C_/Program_Files/Raspberry_Pi/Pico_SDK_v1.5.1/pico-sdk/src/common/pico_time/time.c.obj
 *fill*         0x10009a3e        0x2 
 .rodata.__func__.7
                0x10009a40        0xf CMakeFiles/MainBoard.dir/C_/Program_Files/Raspberry_Pi/Pico_SDK_v1.5.1/pico-sdk/src/common/pico_time/time.c.obj
 *fill*         0x10009a4f        0x1 
 .rodata.__func__.8
                0x10009a50        0xc CMakeFiles/MainBoard.dir/C_/Program_Files/Raspberry_Pi/Pico_SDK_v1.5.1/pico-sdk/src/common/pico_time/time.c.obj
 .rodata.__func__.9
                0x10009a5c       0x15 CMakeFiles/MainBoard.dir/C_/Program_Files/Raspberry_Pi/Pico_SDK_v1.5.1/pico-sdk/src/common/pico_time/time.c.obj
 *fill*         0x10009a71        0x3 
 .rodata.hardware_alarm_claim.str1.4
                0x10009a74       0x22 CMakeFiles/MainBoard.dir/C_/Program_Files/Raspberry_Pi/Pico_SDK_v1.5.1/pico-sdk/src/rp2_common/hardware_timer/timer.c.obj
 .rodata.busy_wait_us.str1.4
                0x10009a96       0x7d CMakeFiles/MainBoard.dir/C_/Program_Files/Raspberry_Pi/Pico_SDK_v1.5.1/pico-sdk/src/rp2_common/hardware_timer/timer.c.obj
 *fill*         0x10009a96        0x2 
 .rodata.hardware_alarm_set_target.str1.4
                0x10009a98       0x81 CMakeFiles/MainBoard.dir/C_/Program_Files/Raspberry_Pi/Pico_SDK_v1.5.1/pico-sdk/src/rp2_common/hardware_timer/timer.c.obj
 *fill*         0x10009b19        0x3 
 .rodata.__func__.0
                0x10009b1c       0x1a CMakeFiles/MainBoard.dir/C_/Program_Files/Raspberry_Pi/Pico_SDK_v1.5.1/pico-sdk/src/rp2_common/hardware_timer/timer.c.obj
 *fill*         0x10009b36        0x2 
 .rodata.__func__.1
                0x10009b38       0x15 CMakeFiles/MainBoard.dir/C_/Program_Files/Raspberry_Pi/Pico_SDK_v1.5.1/pico-sdk/src/rp2_common/hardware_timer/timer.c.obj
 .rodata.ph_add_child_node.str1.4
                0x10009b4d       0xb2 CMakeFiles/MainBoard.dir/C_/Program_Files/Raspberry_Pi/Pico_SDK_v1.5.1/pico-sdk/src/common/pico_util/pheap.c.obj
 *fill*         0x10009b4d        0x3 
 .rodata.ph_remove_any_head.str1.4
                0x10009b50       0xa8 CMakeFiles/MainBoard.dir/C_/Program_Files/Raspberry_Pi/Pico_SDK_v1.5.1/pico-sdk/src/common/pico_util/pheap.c.obj
                                 0xbc (size before relaxing)
 .rodata.ph_remove_and_free_node.str1.4
                0x10009bf8       0x1e CMakeFiles/MainBoard.dir/C_/Program_Files/Raspberry_Pi/Pico_SDK_v1.5.1/pico-sdk/src/common/pico_util/pheap.c.obj
                                 0x26 (size before relaxing)
 *fill*         0x10009c16        0x2 
 .rodata.__func__.0
                0x10009c18       0x18 CMakeFiles/MainBoard.dir/C_/Program_Files/Raspberry_Pi/Pico_SDK_v1.5.1/pico-sdk/src/common/pico_util/pheap.c.obj
 .rodata.__func__.1
                0x10009c30       0x13 CMakeFiles/MainBoard.dir/C_/Program_Files/Raspberry_Pi/Pico_SDK_v1.5.1/pico-sdk/src/common/pico_util/pheap.c.obj
 *fill*         0x10009c43        0x1 
 .rodata.__func__.2
                0x10009c44       0x12 CMakeFiles/MainBoard.dir/C_/Program_Files/Raspberry_Pi/Pico_SDK_v1.5.1/pico-sdk/src/common/pico_util/pheap.c.obj
 *fill*         0x10009c56        0x2 
 .rodata.__func__.3
                0x10009c58        0xc CMakeFiles/MainBoard.dir/C_/Program_Files/Raspberry_Pi/Pico_SDK_v1.5.1/pico-sdk/src/common/pico_util/pheap.c.obj
 .rodata.clock_configure.str1.4
                0x10009c64       0x73 CMakeFiles/MainBoard.dir/C_/Program_Files/Raspberry_Pi/Pico_SDK_v1.5.1/pico-sdk/src/rp2_common/hardware_clocks/clocks.c.obj
 *fill*         0x10009cd7        0x1 
 .rodata.__func__.1
                0x10009cd8       0x10 CMakeFiles/MainBoard.dir/C_/Program_Files/Raspberry_Pi/Pico_SDK_v1.5.1/pico-sdk/src/rp2_common/hardware_clocks/clocks.c.obj
 .rodata.pll_init.str1.4
                0x10009ce8      0x140 CMakeFiles/MainBoard.dir/C_/Program_Files/Raspberry_Pi/Pico_SDK_v1.5.1/pico-sdk/src/rp2_common/hardware_pll/pll.c.obj
 .rodata.__func__.0
                0x10009e28        0x9 CMakeFiles/MainBoard.dir/C_/Program_Files/Raspberry_Pi/Pico_SDK_v1.5.1/pico-sdk/src/rp2_common/hardware_pll/pll.c.obj
 *fill*         0x10009e31        0x3 
 .rodata.__assert_func.str1.4
                0x10009e34       0x3f CMakeFiles/MainBoard.dir/C_/Program_Files/Raspberry_Pi/Pico_SDK_v1.5.1/pico-sdk/src/rp2_common/pico_runtime/runtime.c.obj
                                 0x43 (size before relaxing)
 *fill*         0x10009e73        0x1 
 .rodata.runtime_init.str1.4
                0x10009e74       0x7d CMakeFiles/MainBoard.dir/C_/Program_Files/Raspberry_Pi/Pico_SDK_v1.5.1/pico-sdk/src/rp2_common/pico_runtime/runtime.c.obj
 *fill*         0x10009ef1        0x3 
 .rodata.panic.str1.4
                0x10009ef4       0x12 CMakeFiles/MainBoard.dir/C_/Program_Files/Raspberry_Pi/Pico_SDK_v1.5.1/pico-sdk/src/rp2_common/pico_runtime/runtime.c.obj
 *fill*         0x10009f06        0x2 
 .rodata.__func__.2
                0x10009f08        0xd CMakeFiles/MainBoard.dir/C_/Program_Files/Raspberry_Pi/Pico_SDK_v1.5.1/pico-sdk/src/rp2_common/pico_runtime/runtime.c.obj
 *fill*         0x10009f15        0x3 
 .rodata._ftoa.str1.4
                0x10009f18       0x15 CMakeFiles/MainBoard.dir/C_/Program_Files/Raspberry_Pi/Pico_SDK_v1.5.1/pico-sdk/src/rp2_common/pico_printf/printf.c.obj
 *fill*         0x10009f2d        0x3 
 .rodata._vsnprintf
                0x10009f30      0x1e0 CMakeFiles/MainBoard.dir/C_/Program_Files/Raspberry_Pi/Pico_SDK_v1.5.1/pico-sdk/src/rp2_common/pico_printf/printf.c.obj
 .rodata.pow10.0
                0x1000a110       0x50 CMakeFiles/MainBoard.dir/C_/Program_Files/Raspberry_Pi/Pico_SDK_v1.5.1/pico-sdk/src/rp2_common/pico_printf/printf.c.obj
 .rodata.__aeabi_double_init.str1.4
                0x1000a160       0xb8 CMakeFiles/MainBoard.dir/C_/Program_Files/Raspberry_Pi/Pico_SDK_v1.5.1/pico-sdk/src/rp2_common/pico_double/double_init_rom.c.obj
 .rodata.__func__.0
                0x1000a218       0x14 CMakeFiles/MainBoard.dir/C_/Program_Files/Raspberry_Pi/Pico_SDK_v1.5.1/pico-sdk/src/rp2_common/pico_double/double_init_rom.c.obj
 .rodata.__aeabi_float_init.str1.4
                0x1000a22c       0x96 CMakeFiles/MainBoard.dir/C_/Program_Files/Raspberry_Pi/Pico_SDK_v1.5.1/pico-sdk/src/rp2_common/pico_float/float_init_rom.c.obj
                                 0x9a (size before relaxing)
 *fill*         0x1000a2c2        0x2 
 .rodata.__func__.0
                0x1000a2c4       0x13 CMakeFiles/MainBoard.dir/C_/Program_Files/Raspberry_Pi/Pico_SDK_v1.5.1/pico-sdk/src/rp2_common/pico_float/float_init_rom.c.obj
 *fill*         0x1000a2d7        0x1 
 .rodata.str1.4
                0x1000a2d8       0x40 CMakeFiles/MainBoard.dir/C_/Program_Files/Raspberry_Pi/Pico_SDK_v1.5.1/pico-sdk/src/rp2_common/pico_standard_link/binary_info.c.obj
 .rodata.__bi_44
                0x1000a318        0xc CMakeFiles/MainBoard.dir/C_/Program_Files/Raspberry_Pi/Pico_SDK_v1.5.1/pico-sdk/src/rp2_common/pico_standard_link/binary_info.c.obj
 .rodata.__bi_75
                0x1000a324        0xc CMakeFiles/MainBoard.dir/C_/Program_Files/Raspberry_Pi/Pico_SDK_v1.5.1/pico-sdk/src/rp2_common/pico_standard_link/binary_info.c.obj
 .rodata.__bi_81
                0x1000a330        0xc CMakeFiles/MainBoard.dir/C_/Program_Files/Raspberry_Pi/Pico_SDK_v1.5.1/pico-sdk/src/rp2_common/pico_standard_link/binary_info.c.obj
 .rodata.stdout_serialize_begin.str1.4
                0x1000a33c       0x7d CMakeFiles/MainBoard.dir/C_/Program_Files/Raspberry_Pi/Pico_SDK_v1.5.1/pico-sdk/src/rp2_common/pico_stdio/stdio.c.obj
 .rodata.__func__.3
                0x1000a33c       0x15 CMakeFiles/MainBoard.dir/C_/Program_Files/Raspberry_Pi/Pico_SDK_v1.5.1/pico-sdk/src/rp2_common/pico_stdio/stdio.c.obj
 *fill*         0x1000a351        0x3 
 .rodata.crlf_str.2
                0x1000a354        0x2 CMakeFiles/MainBoard.dir/C_/Program_Files/Raspberry_Pi/Pico_SDK_v1.5.1/pico-sdk/src/rp2_common/pico_stdio/stdio.c.obj
 *fill*         0x1000a356        0x2 
 .rodata.str1.4
                0x1000a358       0x2c CMakeFiles/MainBoard.dir/C_/Program_Files/Raspberry_Pi/Pico_SDK_v1.5.1/pico-sdk/src/rp2_common/pico_stdio_uart/stdio_uart.c.obj
 .rodata.__bi_33.4
                0x1000a384        0xc CMakeFiles/MainBoard.dir/C_/Program_Files/Raspberry_Pi/Pico_SDK_v1.5.1/pico-sdk/src/rp2_common/pico_stdio_uart/stdio_uart.c.obj
 .rodata.__bi_34.5
                0x1000a390        0x8 CMakeFiles/MainBoard.dir/C_/Program_Files/Raspberry_Pi/Pico_SDK_v1.5.1/pico-sdk/src/rp2_common/pico_stdio_uart/stdio_uart.c.obj
 .rodata._hw_endpoint_alloc.str1.4
                0x1000a398       0xd1 CMakeFiles/MainBoard.dir/C_/Program_Files/Raspberry_Pi/Pico_SDK_v1.5.1/pico-sdk/lib/tinyusb/src/portable/raspberrypi/rp2040/dcd_rp2040.c.obj
 *fill*         0x1000a469        0x3 
 .rodata.str1.4
                0x1000a46c       0x14 CMakeFiles/MainBoard.dir/C_/Program_Files/Raspberry_Pi/Pico_SDK_v1.5.1/pico-sdk/lib/tinyusb/src/portable/raspberrypi/rp2040/dcd_rp2040.c.obj
 .rodata.dcd_int_enable.str1.4
                0x1000a480        0xc CMakeFiles/MainBoard.dir/C_/Program_Files/Raspberry_Pi/Pico_SDK_v1.5.1/pico-sdk/lib/tinyusb/src/portable/raspberrypi/rp2040/dcd_rp2040.c.obj
 .rodata.__func__.0
                0x1000a48c        0xe CMakeFiles/MainBoard.dir/C_/Program_Files/Raspberry_Pi/Pico_SDK_v1.5.1/pico-sdk/lib/tinyusb/src/portable/raspberrypi/rp2040/dcd_rp2040.c.obj
 *fill*         0x1000a49a        0x2 
 .rodata.__func__.1
                0x1000a49c        0xe CMakeFiles/MainBoard.dir/C_/Program_Files/Raspberry_Pi/Pico_SDK_v1.5.1/pico-sdk/lib/tinyusb/src/portable/raspberrypi/rp2040/dcd_rp2040.c.obj
 *fill*         0x1000a4aa        0x2 
 .rodata.__func__.2
                0x1000a4ac       0x12 CMakeFiles/MainBoard.dir/C_/Program_Files/Raspberry_Pi/Pico_SDK_v1.5.1/pico-sdk/lib/tinyusb/src/portable/raspberrypi/rp2040/dcd_rp2040.c.obj
 *fill*         0x1000a4be        0x2 
 .rodata.__func__.3
                0x1000a4c0       0x10 CMakeFiles/MainBoard.dir/C_/Program_Files/Raspberry_Pi/Pico_SDK_v1.5.1/pico-sdk/lib/tinyusb/src/portable/raspberrypi/rp2040/dcd_rp2040.c.obj
 .rodata.__func__.5
                0x1000a4d0        0xf CMakeFiles/MainBoard.dir/C_/Program_Files/Raspberry_Pi/Pico_SDK_v1.5.1/pico-sdk/lib/tinyusb/src/portable/raspberrypi/rp2040/dcd_rp2040.c.obj
 *fill*         0x1000a4df        0x1 
 .rodata.__func__.6
                0x1000a4e0       0x13 CMakeFiles/MainBoard.dir/C_/Program_Files/Raspberry_Pi/Pico_SDK_v1.5.1/pico-sdk/lib/tinyusb/src/portable/raspberrypi/rp2040/dcd_rp2040.c.obj
 *fill*         0x1000a4f3        0x1 
 .rodata.__func__.7
                0x1000a4f4        0x9 CMakeFiles/MainBoard.dir/C_/Program_Files/Raspberry_Pi/Pico_SDK_v1.5.1/pico-sdk/lib/tinyusb/src/portable/raspberrypi/rp2040/dcd_rp2040.c.obj
 *fill*         0x1000a4fd        0x3 
 .rodata.str1.4
                0x1000a500       0xf9 CMakeFiles/MainBoard.dir/C_/Program_Files/Raspberry_Pi/Pico_SDK_v1.5.1/pico-sdk/lib/tinyusb/src/portable/raspberrypi/rp2040/rp2040_usb.c.obj
                                0x103 (size before relaxing)
 *fill*         0x1000a5f9        0x3 
 .rodata.__func__.0
                0x1000a5fc        0xf CMakeFiles/MainBoard.dir/C_/Program_Files/Raspberry_Pi/Pico_SDK_v1.5.1/pico-sdk/lib/tinyusb/src/portable/raspberrypi/rp2040/rp2040_usb.c.obj
 *fill*         0x1000a60b        0x1 
 .rodata.process_get_descriptor
                0x1000a60c       0x40 CMakeFiles/MainBoard.dir/C_/Program_Files/Raspberry_Pi/Pico_SDK_v1.5.1/pico-sdk/lib/tinyusb/src/device/usbd.c.obj
 .rodata.process_control_request
                0x1000a64c       0x28 CMakeFiles/MainBoard.dir/C_/Program_Files/Raspberry_Pi/Pico_SDK_v1.5.1/pico-sdk/lib/tinyusb/src/device/usbd.c.obj
 .rodata.tud_task_ext
                0x1000a674       0x24 CMakeFiles/MainBoard.dir/C_/Program_Files/Raspberry_Pi/Pico_SDK_v1.5.1/pico-sdk/lib/tinyusb/src/device/usbd.c.obj
 .rodata._usbd_driver
                0x1000a698       0x18 CMakeFiles/MainBoard.dir/C_/Program_Files/Raspberry_Pi/Pico_SDK_v1.5.1/pico-sdk/lib/tinyusb/src/device/usbd.c.obj
 .rodata.hidd_control_xfer_cb
                0x1000a6b0       0x30 CMakeFiles/MainBoard.dir/C_/Program_Files/Raspberry_Pi/Pico_SDK_v1.5.1/pico-sdk/lib/tinyusb/src/class/hid/hid_device.c.obj
 .rodata.str1.4
                0x1000a6e0        0x4 CMakeFiles/MainBoard.dir/C_/Program_Files/Raspberry_Pi/Pico_SDK_v1.5.1/pico-sdk/lib/tinyusb/hw/bsp/rp2040/family.c.obj
 .rodata.__bi_142.0
                0x1000a6e4        0xc CMakeFiles/MainBoard.dir/C_/Program_Files/Raspberry_Pi/Pico_SDK_v1.5.1/pico-sdk/lib/tinyusb/hw/bsp/rp2040/family.c.obj
 .rodata.__bi_152.1
                0x1000a6f0        0x8 CMakeFiles/MainBoard.dir/C_/Program_Files/Raspberry_Pi/Pico_SDK_v1.5.1/pico-sdk/lib/tinyusb/hw/bsp/rp2040/family.c.obj
 .rodata.i2c_set_baudrate.str1.4
                0x1000a6f8       0x79 CMakeFiles/MainBoard.dir/C_/Program_Files/Raspberry_Pi/Pico_SDK_v1.5.1/pico-sdk/src/rp2_common/hardware_i2c/i2c.c.obj
 *fill*         0x1000a771        0x3 
 .rodata.__func__.0
                0x1000a774       0x11 CMakeFiles/MainBoard.dir/C_/Program_Files/Raspberry_Pi/Pico_SDK_v1.5.1/pico-sdk/src/rp2_common/hardware_i2c/i2c.c.obj
 *fill*         0x1000a785        0x3 
 .rodata.__utoa.str1.4
                0x1000a788       0x25 c:/progra~1/raspbe~1/picosd~1.1/gcc-ar~1/bin/../lib/gcc/arm-none-eabi/10.3.1/../../../../arm-none-eabi/lib/thumb/v6-m/nofp\libg.a(lib_a-utoa.o)
                0x1000a7b0                . = ALIGN (0x4)
 *fill*         0x1000a7ad        0x3 
 *(SORT_BY_ALIGNMENT(SORT_BY_NAME(.flashdata*)))
                0x1000a7b0                . = ALIGN (0x4)

.ARM.extab
 *(.ARM.extab* .gnu.linkonce.armextab.*)
                0x1000a7b0                __exidx_start = .

.ARM.exidx
 *(.ARM.exidx* .gnu.linkonce.armexidx.*)
                0x1000a7b0                __exidx_end = .
                0x1000a7b0                . = ALIGN (0x4)
                0x1000a7b0                __binary_info_start = .

.binary_info    0x1000a7b0       0x30
 *(.binary_info.keep.*)
 .binary_info.keep.__bi_ptr176
                0x1000a7b0        0x4 CMakeFiles/MainBoard.dir/main.c.obj
 .binary_info.keep.__bi_ptr22
                0x1000a7b4        0x4 CMakeFiles/MainBoard.dir/C_/Program_Files/Raspberry_Pi/Pico_SDK_v1.5.1/pico-sdk/src/rp2_common/pico_standard_link/binary_info.c.obj
 .binary_info.keep.__bi_ptr30
                0x1000a7b8        0x4 CMakeFiles/MainBoard.dir/C_/Program_Files/Raspberry_Pi/Pico_SDK_v1.5.1/pico-sdk/src/rp2_common/pico_standard_link/binary_info.c.obj
 .binary_info.keep.__bi_ptr38
                0x1000a7bc        0x4 CMakeFiles/MainBoard.dir/C_/Program_Files/Raspberry_Pi/Pico_SDK_v1.5.1/pico-sdk/src/rp2_common/pico_standard_link/binary_info.c.obj
 .binary_info.keep.__bi_ptr44
                0x1000a7c0        0x4 CMakeFiles/MainBoard.dir/C_/Program_Files/Raspberry_Pi/Pico_SDK_v1.5.1/pico-sdk/src/rp2_common/pico_standard_link/binary_info.c.obj
 .binary_info.keep.__bi_ptr50
                0x1000a7c4        0x4 CMakeFiles/MainBoard.dir/C_/Program_Files/Raspberry_Pi/Pico_SDK_v1.5.1/pico-sdk/src/rp2_common/pico_standard_link/binary_info.c.obj
 .binary_info.keep.__bi_ptr75
                0x1000a7c8        0x4 CMakeFiles/MainBoard.dir/C_/Program_Files/Raspberry_Pi/Pico_SDK_v1.5.1/pico-sdk/src/rp2_common/pico_standard_link/binary_info.c.obj
 .binary_info.keep.__bi_ptr81
                0x1000a7cc        0x4 CMakeFiles/MainBoard.dir/C_/Program_Files/Raspberry_Pi/Pico_SDK_v1.5.1/pico-sdk/src/rp2_common/pico_standard_link/binary_info.c.obj
 .binary_info.keep.__bi_ptr142
                0x1000a7d0        0x4 CMakeFiles/MainBoard.dir/C_/Program_Files/Raspberry_Pi/Pico_SDK_v1.5.1/pico-sdk/lib/tinyusb/hw/bsp/rp2040/family.c.obj
 .binary_info.keep.__bi_ptr152
                0x1000a7d4        0x4 CMakeFiles/MainBoard.dir/C_/Program_Files/Raspberry_Pi/Pico_SDK_v1.5.1/pico-sdk/lib/tinyusb/hw/bsp/rp2040/family.c.obj
 *(.binary_info.*)
 .binary_info.__bi_ptr33
                0x1000a7d8        0x4 CMakeFiles/MainBoard.dir/C_/Program_Files/Raspberry_Pi/Pico_SDK_v1.5.1/pico-sdk/src/rp2_common/pico_stdio_uart/stdio_uart.c.obj
 .binary_info.__bi_ptr34
                0x1000a7dc        0x4 CMakeFiles/MainBoard.dir/C_/Program_Files/Raspberry_Pi/Pico_SDK_v1.5.1/pico-sdk/src/rp2_common/pico_stdio_uart/stdio_uart.c.obj
                0x1000a7e0                __binary_info_end = .

.rel.dyn        0x1000a7e0        0x0
 .rel.iplt      0x1000a7e0        0x0 c:/progra~1/raspbe~1/picosd~1.1/gcc-ar~1/bin/../lib/gcc/arm-none-eabi/10.3.1/thumb/v6-m/nofp/crtbegin.o
                0x1000a7e0                . = ALIGN (0x4)

.ram_vector_table
                0x20000000       0xc0
 *(.ram_vector_table)
 .ram_vector_table
                0x20000000       0xc0 CMakeFiles/MainBoard.dir/C_/Program_Files/Raspberry_Pi/Pico_SDK_v1.5.1/pico-sdk/src/rp2_common/pico_runtime/runtime.c.obj
                0x20000000                ram_vector_table

.data           0x200000c0      0xbe0 load address 0x1000a7e0
                0x200000c0                __data_start__ = .
 *(vtable)
 *(.time_critical*)
 .time_critical.mutex_try_enter